Component: ARM Compiler 6.16 Tool: armlink [5dfeaa00]

==============================================================================

Section Cross References

    main.o(.text.main) refers to sysclock.o(.text.pllInit) for pllInit
    main.o(.text.main) refers to puls.o(.text.SwInit) for SwInit
    main.o(.text.main) refers to led.o(.text.LedInit) for LedInit
    main.o(.text.main) refers to mot.o(.text.motInit) for motInit
    main.o(.text.main) refers to ultrasuoni.o(.text.ultrsInit) for ultrsInit
    main.o(.text.main) refers to infrarossi.o(.text.irInit) for irInit
    main.o(.text.main) refers to buzzer.o(.text.BuzzerInit) for BuzzerInit
    main.o(.text.main) refers to event_groups.o(.text.xEventGroupCreate) for xEventGroupCreate
    main.o(.text.main) refers to main.o(.bss.xEventGroupRullo) for xEventGroupRullo
    main.o(.text.main) refers to tasks.o(.text.vTaskStartScheduler) for vTaskStartScheduler
    main.o(.ARM.exidx.text.main) refers to main.o(.text.main) for [Anonymous Symbol]
    puls.o(.text.SwInit) refers to puls.o(.text.SwCenterInit) for SwCenterInit
    puls.o(.text.SwInit) refers to puls.o(.text.SwLeftInit) for SwLeftInit
    puls.o(.text.SwInit) refers to puls.o(.text.SwRightInit) for SwRightInit
    puls.o(.text.SwInit) refers to puls.o(.text.SwUpInit) for SwUpInit
    puls.o(.text.SwInit) refers to puls.o(.text.SwDownInit) for SwDownInit
    puls.o(.ARM.exidx.text.SwInit) refers to puls.o(.text.SwInit) for [Anonymous Symbol]
    puls.o(.ARM.exidx.text.SwCenterInit) refers to puls.o(.text.SwCenterInit) for [Anonymous Symbol]
    puls.o(.ARM.exidx.text.SwLeftInit) refers to puls.o(.text.SwLeftInit) for [Anonymous Symbol]
    puls.o(.ARM.exidx.text.SwRightInit) refers to puls.o(.text.SwRightInit) for [Anonymous Symbol]
    puls.o(.ARM.exidx.text.SwUpInit) refers to puls.o(.text.SwUpInit) for [Anonymous Symbol]
    puls.o(.ARM.exidx.text.SwDownInit) refers to puls.o(.text.SwDownInit) for [Anonymous Symbol]
    puls.o(.text.SwCenterPress) refers to arduino.o(.text.digitalRead) for digitalRead
    puls.o(.ARM.exidx.text.SwCenterPress) refers to puls.o(.text.SwCenterPress) for [Anonymous Symbol]
    puls.o(.text.SwLeftPress) refers to arduino.o(.text.digitalRead) for digitalRead
    puls.o(.ARM.exidx.text.SwLeftPress) refers to puls.o(.text.SwLeftPress) for [Anonymous Symbol]
    puls.o(.text.SwRightPress) refers to arduino.o(.text.digitalRead) for digitalRead
    puls.o(.ARM.exidx.text.SwRightPress) refers to puls.o(.text.SwRightPress) for [Anonymous Symbol]
    puls.o(.text.SwUpPress) refers to arduino.o(.text.digitalRead) for digitalRead
    puls.o(.ARM.exidx.text.SwUpPress) refers to puls.o(.text.SwUpPress) for [Anonymous Symbol]
    puls.o(.text.SwDownPress) refers to arduino.o(.text.digitalRead) for digitalRead
    puls.o(.ARM.exidx.text.SwDownPress) refers to puls.o(.text.SwDownPress) for [Anonymous Symbol]
    puls.o(.text.SwTest) refers to puls.o(.text.SwUpPress) for SwUpPress
    puls.o(.text.SwTest) refers to led.o(.text.LedRossoOn) for LedRossoOn
    puls.o(.text.SwTest) refers to puls.o(.text.SwDownPress) for SwDownPress
    puls.o(.text.SwTest) refers to led.o(.text.LedRossoOff) for LedRossoOff
    puls.o(.text.SwTest) refers to puls.o(.text.SwLeftPress) for SwLeftPress
    puls.o(.text.SwTest) refers to led.o(.text.LedVerdeOn) for LedVerdeOn
    puls.o(.text.SwTest) refers to puls.o(.text.SwRightPress) for SwRightPress
    puls.o(.text.SwTest) refers to led.o(.text.LedVerdeOff) for LedVerdeOff
    puls.o(.text.SwTest) refers to puls.o(.text.SwCenterPress) for SwCenterPress
    puls.o(.text.SwTest) refers to led.o(.text.LedRossoToggle) for LedRossoToggle
    puls.o(.text.SwTest) refers to led.o(.text.LedVerdeToggle) for LedVerdeToggle
    puls.o(.ARM.exidx.text.SwTest) refers to puls.o(.text.SwTest) for [Anonymous Symbol]
    puls.o(.text.SwLeftClick) refers to arduino.o(.text.digitalRead) for digitalRead
    puls.o(.ARM.exidx.text.SwLeftClick) refers to puls.o(.text.SwLeftClick) for [Anonymous Symbol]
    puls.o(.text.SwRightClick) refers to arduino.o(.text.digitalRead) for digitalRead
    puls.o(.ARM.exidx.text.SwRightClick) refers to puls.o(.text.SwRightClick) for [Anonymous Symbol]
    puls.o(.text.SwRightClickOld) refers to arduino.o(.text.digitalRead) for digitalRead
    puls.o(.text.SwRightClickOld) refers to puls.o(.bss.SwRightClickOld.valSwOld) for SwRightClickOld.valSwOld
    puls.o(.ARM.exidx.text.SwRightClickOld) refers to puls.o(.text.SwRightClickOld) for [Anonymous Symbol]
    puls.o(.text.SwLeftClickOld) refers to arduino.o(.text.digitalRead) for digitalRead
    puls.o(.text.SwLeftClickOld) refers to puls.o(.bss.SwLeftClickOld.valSwOld) for SwLeftClickOld.valSwOld
    puls.o(.ARM.exidx.text.SwLeftClickOld) refers to puls.o(.text.SwLeftClickOld) for [Anonymous Symbol]
    puls.o(.text.SwRight2Click) refers to puls.o(.text.SwRightClick) for SwRightClick
    puls.o(.ARM.exidx.text.SwRight2Click) refers to puls.o(.text.SwRight2Click) for [Anonymous Symbol]
[...]
    [Anonymous Symbol]                       0x08000b00   Section        0  arduino.o(.text.digitalWrite)
    [Anonymous Symbol]                       0x08000b30   Section        0  ultrasuoni.o(.text.echoInit)
    [Anonymous Symbol]                       0x08000b6c   Section        0  infrarossi.o(.text.irInit)
    [Anonymous Symbol]                       0x08000bb0   Section        0  infrarossi.o(.text.irRead)
    [Anonymous Symbol]                       0x08000bbc   Section        0  main.o(.text.main)
    [Anonymous Symbol]                       0x08000bf8   Section        0  mot.o(.text.motInit)
    [Anonymous Symbol]                       0x08000cc8   Section        0  mot.o(.text.motStart)
    [Anonymous Symbol]                       0x08000cd8   Section        0  mot.o(.text.motStop)
    os_kernel_is_active                      0x08000ce9   Thumb Code    16  clib_arm.o(.text.os_kernel_is_active)
    [Anonymous Symbol]                       0x08000ce8   Section        0  clib_arm.o(.text.os_kernel_is_active)
    [Anonymous Symbol]                       0x08000cf8   Section        0  arduino.o(.text.pinMode)
    [Anonymous Symbol]                       0x08000d4c   Section        0  sysclock.o(.text.pllInit)
    prvAddCurrentTaskToDelayedList           0x08000e41   Thumb Code   156  tasks.o(.text.prvAddCurrentTaskToDelayedList)
    [Anonymous Symbol]                       0x08000e40   Section        0  tasks.o(.text.prvAddCurrentTaskToDelayedList)
    prvAddNewTaskToReadyList                 0x08000edd   Thumb Code   204  tasks.o(.text.prvAddNewTaskToReadyList)
    [Anonymous Symbol]                       0x08000edc   Section        0  tasks.o(.text.prvAddNewTaskToReadyList)
    prvCheckForValidListAndQueue             0x08000fa9   Thumb Code   106  timers.o(.text.prvCheckForValidListAndQueue)
    [Anonymous Symbol]                       0x08000fa8   Section        0  timers.o(.text.prvCheckForValidListAndQueue)
    prvCheckTasksWaitingTermination          0x08001015   Thumb Code    78  tasks.o(.text.prvCheckTasksWaitingTermination)
    [Anonymous Symbol]                       0x08001014   Section        0  tasks.o(.text.prvCheckTasksWaitingTermination)
    prvCopyDataFromQueue                     0x08001065   Thumb Code    38  queue.o(.text.prvCopyDataFromQueue)
    [Anonymous Symbol]                       0x08001064   Section        0  queue.o(.text.prvCopyDataFromQueue)
    prvCopyDataToQueue                       0x0800108d   Thumb Code   122  queue.o(.text.prvCopyDataToQueue)
    [Anonymous Symbol]                       0x0800108c   Section        0  queue.o(.text.prvCopyDataToQueue)
    prvDeleteTCB                             0x08001109   Thumb Code    32  tasks.o(.text.prvDeleteTCB)
    [Anonymous Symbol]                       0x08001108   Section        0  tasks.o(.text.prvDeleteTCB)
    prvGetDisinheritPriorityAfterTimeout     0x08001129   Thumb Code    18  queue.o(.text.prvGetDisinheritPriorityAfterTimeout)
    [Anonymous Symbol]                       0x08001128   Section        0  queue.o(.text.prvGetDisinheritPriorityAfterTimeout)
    prvGetNextExpireTime                     0x0800113d   Thumb Code    32  timers.o(.text.prvGetNextExpireTime)
    [Anonymous Symbol]                       0x0800113c   Section        0  timers.o(.text.prvGetNextExpireTime)
    prvHeapInit                              0x0800115d   Thumb Code   118  heap_4.o(.text.prvHeapInit)
    [Anonymous Symbol]                       0x0800115c   Section        0  heap_4.o(.text.prvHeapInit)
    prvIdleTask                              0x080011d5   Thumb Code    42  tasks.o(.text.prvIdleTask)
    [Anonymous Symbol]                       0x080011d4   Section        0  tasks.o(.text.prvIdleTask)
    prvInitialiseMutex                       0x08001201   Thumb Code    32  queue.o(.text.prvInitialiseMutex)
    [Anonymous Symbol]                       0x08001200   Section        0  queue.o(.text.prvInitialiseMutex)
    prvInitialiseNewQueue                    0x08001221   Thumb Code    32  queue.o(.text.prvInitialiseNewQueue)
    [Anonymous Symbol]                       0x08001220   Section        0  queue.o(.text.prvInitialiseNewQueue)
    prvInitialiseNewTask                     0x08001241   Thumb Code   152  tasks.o(.text.prvInitialiseNewTask)
    [Anonymous Symbol]                       0x08001240   Section        0  tasks.o(.text.prvInitialiseNewTask)
    prvInitialiseTaskLists                   0x080012d9   Thumb Code   112  tasks.o(.text.prvInitialiseTaskLists)
    [Anonymous Symbol]                       0x080012d8   Section        0  tasks.o(.text.prvInitialiseTaskLists)
    prvInsertBlockIntoFreeList               0x08001349   Thumb Code    90  heap_4.o(.text.prvInsertBlockIntoFreeList)
    [Anonymous Symbol]                       0x08001348   Section        0  heap_4.o(.text.prvInsertBlockIntoFreeList)
    prvInsertTimerInActiveList               0x080013a5   Thumb Code    64  timers.o(.text.prvInsertTimerInActiveList)
    [Anonymous Symbol]                       0x080013a4   Section        0  timers.o(.text.prvInsertTimerInActiveList)
    prvIsQueueEmpty                          0x080013e5   Thumb Code    24  queue.o(.text.prvIsQueueEmpty)
    [Anonymous Symbol]                       0x080013e4   Section        0  queue.o(.text.prvIsQueueEmpty)
    prvIsQueueFull                           0x080013fd   Thumb Code    28  queue.o(.text.prvIsQueueFull)
    [Anonymous Symbol]                       0x080013fc   Section        0  queue.o(.text.prvIsQueueFull)
    prvPortStartFirstTask                    0x08001419   Thumb Code    40  port.o(.text.prvPortStartFirstTask)
    [Anonymous Symbol]                       0x08001418   Section        0  port.o(.text.prvPortStartFirstTask)
    prvProcessExpiredTimer                   0x08001441   Thumb Code    62  timers.o(.text.prvProcessExpiredTimer)
    [Anonymous Symbol]                       0x08001440   Section        0  timers.o(.text.prvProcessExpiredTimer)
    prvProcessReceivedCommands               0x08001481   Thumb Code   250  timers.o(.text.prvProcessReceivedCommands)
    [Anonymous Symbol]                       0x08001480   Section        0  timers.o(.text.prvProcessReceivedCommands)
    prvProcessTimerOrBlockTask               0x0800157d   Thumb Code   128  timers.o(.text.prvProcessTimerOrBlockTask)
    [Anonymous Symbol]                       0x0800157c   Section        0  timers.o(.text.prvProcessTimerOrBlockTask)
    prvReloadTimer                           0x080015fd   Thumb Code    58  timers.o(.text.prvReloadTimer)
    [Anonymous Symbol]                       0x080015fc   Section        0  timers.o(.text.prvReloadTimer)
    prvResetNextTaskUnblockTime              0x08001639   Thumb Code    38  tasks.o(.text.prvResetNextTaskUnblockTime)
    [Anonymous Symbol]                       0x08001638   Section        0  tasks.o(.text.prvResetNextTaskUnblockTime)
    prvSampleTimeNow                         0x08001661   Thumb Code    42  timers.o(.text.prvSampleTimeNow)
    [Anonymous Symbol]                       0x08001660   Section        0  timers.o(.text.prvSampleTimeNow)
    prvSwitchTimerLists                      0x0800168d   Thumb Code    52  timers.o(.text.prvSwitchTimerLists)
    [Anonymous Symbol]                       0x0800168c   Section        0  timers.o(.text.prvSwitchTimerLists)
    prvTaskExitError                         0x080016c1   Thumb Code    34  port.o(.text.prvTaskExitError)
    [Anonymous Symbol]                       0x080016c0   Section        0  port.o(.text.prvTaskExitError)
    prvTestWaitCondition                     0x080016e5   Thumb Code    24  event_groups.o(.text.prvTestWaitCondition)
    [Anonymous Symbol]                       0x080016e4   Section        0  event_groups.o(.text.prvTestWaitCondition)
    prvTimerTask                             0x080016fd   Thumb Code    22  timers.o(.text.prvTimerTask)
    [Anonymous Symbol]                       0x080016fc   Section        0  timers.o(.text.prvTimerTask)
    prvUnlockQueue                           0x08001715   Thumb Code   114  queue.o(.text.prvUnlockQueue)
    [Anonymous Symbol]                       0x08001714   Section        0  queue.o(.text.prvUnlockQueue)
    [Anonymous Symbol]                       0x08001788   Section        0  heap_4.o(.text.pvPortMalloc)
    [Anonymous Symbol]                       0x0800189c   Section        0  tasks.o(.text.pvTaskIncrementMutexHeldCount)
    [Anonymous Symbol]                       0x080018b4   Section        0  port.o(.text.pxPortInitialiseStack)
    [Anonymous Symbol]                       0x080018dc   Section        0  ultrasuoni.o(.text.trgInit)
    [Anonymous Symbol]                       0x08001918   Section        0  ultrasuoni.o(.text.ultrsInit)
    [Anonymous Symbol]                       0x08001964   Section        0  list.o(.text.uxListRemove)
    [Anonymous Symbol]                       0x08001988   Section        0  tasks.o(.text.uxTaskResetEventItemValue)
    [Anonymous Symbol]                       0x080019a4   Section        0  cmsis_os2.o(.text.vApplicationGetIdleTaskMemory)
    [Anonymous Symbol]                       0x080019c0   Section        0  cmsis_os2.o(.text.vApplicationGetTimerTaskMemory)
    [Anonymous Symbol]                       0x080019dc   Section        0  cmsis_os2.o(.text.vApplicationStackOverflowHook)
    [Anonymous Symbol]                       0x080019e0   Section        0  list.o(.text.vListInitialise)
    [Anonymous Symbol]                       0x080019f8   Section        0  list.o(.text.vListInitialiseItem)
    [Anonymous Symbol]                       0x08001a00   Section        0  list.o(.text.vListInsert)
    vPortEnableVFP                           0x08001a3d   Thumb Code    20  port.o(.text.vPortEnableVFP)
    [Anonymous Symbol]                       0x08001a3c   Section        0  port.o(.text.vPortEnableVFP)
    [Anonymous Symbol]                       0x08001a50   Section        0  port.o(.text.vPortEnterCritical)
    [Anonymous Symbol]                       0x08001a70   Section        0  port.o(.text.vPortExitCritical)
    [Anonymous Symbol]                       0x08001a8c   Section        0  heap_4.o(.text.vPortFree)
    [Anonymous Symbol]                       0x08001af0   Section        0  port.o(.text.vPortSetupTimerInterrupt)
    [Anonymous Symbol]                       0x08001b24   Section        0  queue.o(.text.vQueueDelete)
    [Anonymous Symbol]                       0x08001b34   Section        0  queue.o(.text.vQueueWaitForMessageRestricted)
    [Anonymous Symbol]                       0x08001b78   Section        0  buzzer.o(.text.vTaskBuzzerTest)
    [Anonymous Symbol]                       0x08001bb0   Section        0  tasks.o(.text.vTaskDelay)
    [Anonymous Symbol]                       0x08001be4   Section        0  tasks.o(.text.vTaskInternalSetTimeOutState)
    [Anonymous Symbol]                       0x08001c00   Section        0  tasks.o(.text.vTaskMissedYield)
    [Anonymous Symbol]                       0x08001c10   Section        0  mot.o(.text.vTaskMotPA0)
    [Anonymous Symbol]                       0x08001c38   Section        0  mot.o(.text.vTaskMotPA2)
    [Anonymous Symbol]                       0x08001c60   Section        0  tasks.o(.text.vTaskPlaceOnEventList)
    [Anonymous Symbol]                       0x08001c80   Section        0  tasks.o(.text.vTaskPlaceOnEventListRestricted)
    [Anonymous Symbol]                       0x08001cdc   Section        0  tasks.o(.text.vTaskPlaceOnUnorderedEventList)
    [Anonymous Symbol]                       0x08001d30   Section        0  tasks.o(.text.vTaskPriorityDisinheritAfterTimeout)
    [Anonymous Symbol]                       0x08001db0   Section        0  tasks.o(.text.vTaskRemoveFromUnorderedEventList)
    [Anonymous Symbol]                       0x08001e64   Section        0  infrarossi.o(.text.vTaskRilevaColore)
    [Anonymous Symbol]                       0x08001ebc   Section        0  tasks.o(.text.vTaskStartScheduler)
    [Anonymous Symbol]                       0x08001f50   Section        0  tasks.o(.text.vTaskSuspendAll)
    __tagsym$$used.0                         0x08001f60   Number         0  tasks.o(.text.vTaskSwitchContext)
    [Anonymous Symbol]                       0x08001f60   Section        0  tasks.o(.text.vTaskSwitchContext)
    [Anonymous Symbol]                       0x08002004   Section        0  mot.o(.text.vTask_Motore)
    [Anonymous Symbol]                       0x08002034   Section        0  ultrasuoni.o(.text.vTask_SensUltrasuoni)
    [Anonymous Symbol]                       0x08002040   Section        0  event_groups.o(.text.xEventGroupCreate)
    [Anonymous Symbol]                       0x0800205c   Section        0  event_groups.o(.text.xEventGroupSetBits)
    [Anonymous Symbol]                       0x080020d0   Section        0  event_groups.o(.text.xEventGroupWaitBits)
    [Anonymous Symbol]                       0x08002180   Section        0  port.o(.text.xPortStartScheduler)
    [Anonymous Symbol]                       0x080021cc   Section        0  port.o(.text.xPortSysTickHandler)
    [Anonymous Symbol]                       0x080021fc   Section        0  queue.o(.text.xQueueCreateMutex)
    [Anonymous Symbol]                       0x08002214   Section        0  queue.o(.text.xQueueCreateMutexStatic)
    [Anonymous Symbol]                       0x08002238   Section        0  queue.o(.text.xQueueGenericCreate)
    [Anonymous Symbol]                       0x0800228c   Section        0  queue.o(.text.xQueueGenericCreateStatic)
    [Anonymous Symbol]                       0x080022c8   Section        0  queue.o(.text.xQueueGenericReset)
    [Anonymous Symbol]                       0x08002348   Section        0  queue.o(.text.xQueueGenericSend)
    [Anonymous Symbol]                       0x08002484   Section        0  queue.o(.text.xQueueReceive)
    [Anonymous Symbol]                       0x080025b8   Section        0  queue.o(.text.xQueueSemaphoreTake)
    [Anonymous Symbol]                       0x08002720   Section        0  tasks.o(.text.xTaskCheckForTimeOut)
    [Anonymous Symbol]                       0x08002780   Section        0  tasks.o(.text.xTaskCreate)
    [Anonymous Symbol]                       0x080027e8   Section        0  tasks.o(.text.xTaskCreateStatic)
    [Anonymous Symbol]                       0x08002828   Section        0  tasks.o(.text.xTaskGetSchedulerState)
    [Anonymous Symbol]                       0x08002850   Section        0  tasks.o(.text.xTaskGetTickCount)
    [Anonymous Symbol]                       0x0800285c   Section        0  tasks.o(.text.xTaskIncrementTick)
    [Anonymous Symbol]                       0x080029f0   Section        0  tasks.o(.text.xTaskPriorityDisinherit)
    [Anonymous Symbol]                       0x08002a60   Section        0  tasks.o(.text.xTaskPriorityInherit)
    [Anonymous Symbol]                       0x08002b08   Section        0  tasks.o(.text.xTaskRemoveFromEventList)
    [Anonymous Symbol]                       0x08002be0   Section        0  tasks.o(.text.xTaskResumeAll)
    [Anonymous Symbol]                       0x08002d3c   Section        0  timers.o(.text.xTimerCreateTimerTask)
    $v0                                      0x08002da4   Number         0  fpinit.o(x$fpl$fpinit)
    x$fpl$fpinit                             0x08002da4   Section       26  fpinit.o(x$fpl$fpinit)
    uxCriticalNesting                        0x20000004   Data           4  port.o(.data.uxCriticalNesting)
    [Anonymous Symbol]                       0x20000004   Section        0  port.o(.data.uxCriticalNesting)
    .bss                                     0x20000008   Section       96  libspace.o(.bss)
    clib_mutex_cb                            0x20000068   Data         400  clib_arm.o(.bss.clib_mutex_cb)
    [Anonymous Symbol]                       0x20000068   Section        0  clib_arm.o(.bss.clib_mutex_cb)
    clib_mutex_id                            0x200001f8   Data          20  clib_arm.o(.bss.clib_mutex_id)
    [Anonymous Symbol]                       0x200001f8   Section        0  clib_arm.o(.bss.clib_mutex_id)
    prvCheckForValidListAndQueue.ucStaticTimerQueueStorage 0x2000020c   Data          80  timers.o(.bss.prvCheckForValidListAndQueue.ucStaticTimerQueueStorage)
    [Anonymous Symbol]                       0x2000020c   Section        0  timers.o(.bss.prvCheckForValidListAndQueue.ucStaticTimerQueueStorage)
    prvCheckForValidListAndQueue.xStaticTimerQueue 0x2000025c   Data          80  timers.o(.bss.prvCheckForValidListAndQueue.xStaticTimerQueue)
    [Anonymous Symbol]                       0x2000025c   Section        0  timers.o(.bss.prvCheckForValidListAndQueue.xStaticTimerQueue)
    prvSampleTimeNow.xLastTime               0x200002ac   Data           4  timers.o(.bss.prvSampleTimeNow.xLastTime)
    [Anonymous Symbol]                       0x200002ac   Section        0  timers.o(.bss.prvSampleTimeNow.xLastTime)
    pxCurrentTimerList                       0x200002b4   Data           4  timers.o(.bss.pxCurrentTimerList)
    [Anonymous Symbol]                       0x200002b4   Section        0  timers.o(.bss.pxCurrentTimerList)
    pxDelayedTaskList                        0x200002b8   Data           4  tasks.o(.bss.pxDelayedTaskList)
    [Anonymous Symbol]                       0x200002b8   Section        0  tasks.o(.bss.pxDelayedTaskList)
    pxEnd                                    0x200002bc   Data           4  heap_4.o(.bss.pxEnd)
    [Anonymous Symbol]                       0x200002bc   Section        0  heap_4.o(.bss.pxEnd)
    pxOverflowDelayedTaskList                0x200002c0   Data           4  tasks.o(.bss.pxOverflowDelayedTaskList)
    [Anonymous Symbol]                       0x200002c0   Section        0  tasks.o(.bss.pxOverflowDelayedTaskList)
    pxOverflowTimerList                      0x200002c4   Data           4  timers.o(.bss.pxOverflowTimerList)
    [Anonymous Symbol]                       0x200002c4   Section        0  timers.o(.bss.pxOverflowTimerList)
    pxReadyTasksLists                        0x200002c8   Data        1120  tasks.o(.bss.pxReadyTasksLists)
    [Anonymous Symbol]                       0x200002c8   Section        0  tasks.o(.bss.pxReadyTasksLists)
    ucHeap                                   0x20000728   Data        8192  heap_4.o(.bss.ucHeap)
    [Anonymous Symbol]                       0x20000728   Section        0  heap_4.o(.bss.ucHeap)
    uxCurrentNumberOfTasks                   0x20002728   Data           4  tasks.o(.bss.uxCurrentNumberOfTasks)
    [Anonymous Symbol]                       0x20002728   Section        0  tasks.o(.bss.uxCurrentNumberOfTasks)
    uxDeletedTasksWaitingCleanUp             0x2000272c   Data           4  tasks.o(.bss.uxDeletedTasksWaitingCleanUp)
    [Anonymous Symbol]                       0x2000272c   Section        0  tasks.o(.bss.uxDeletedTasksWaitingCleanUp)
    uxSchedulerSuspended                     0x20002730   Data           4  tasks.o(.bss.uxSchedulerSuspended)
    [Anonymous Symbol]                       0x20002730   Section        0  tasks.o(.bss.uxSchedulerSuspended)
    uxTaskNumber                             0x20002734   Data           4  tasks.o(.bss.uxTaskNumber)
    [Anonymous Symbol]                       0x20002734   Section        0  tasks.o(.bss.uxTaskNumber)
    uxTopReadyPriority                       0x20002738   Data           4  tasks.o(.bss.uxTopReadyPriority)
    [Anonymous Symbol]                       0x20002738   Section        0  tasks.o(.bss.uxTopReadyPriority)
    vApplicationGetIdleTaskMemory.Idle_Stack 0x2000273c   Data         512  cmsis_os2.o(.bss.vApplicationGetIdleTaskMemory.Idle_Stack)
    [Anonymous Symbol]                       0x2000273c   Section        0  cmsis_os2.o(.bss.vApplicationGetIdleTaskMemory.Idle_Stack)
    vApplicationGetIdleTaskMemory.Idle_TCB   0x2000293c   Data          92  cmsis_os2.o(.bss.vApplicationGetIdleTaskMemory.Idle_TCB)
    [Anonymous Symbol]                       0x2000293c   Section        0  cmsis_os2.o(.bss.vApplicationGetIdleTaskMemory.Idle_TCB)
    vApplicationGetTimerTaskMemory.Timer_Stack 0x20002998   Data         320  cmsis_os2.o(.bss.vApplicationGetTimerTaskMemory.Timer_Stack)
    [Anonymous Symbol]                       0x20002998   Section        0  cmsis_os2.o(.bss.vApplicationGetTimerTaskMemory.Timer_Stack)
    vApplicationGetTimerTaskMemory.Timer_TCB 0x20002ad8   Data          92  cmsis_os2.o(.bss.vApplicationGetTimerTaskMemory.Timer_TCB)
    [Anonymous Symbol]                       0x20002ad8   Section        0  cmsis_os2.o(.bss.vApplicationGetTimerTaskMemory.Timer_TCB)
    xActiveTimerList1                        0x20002b34   Data          20  timers.o(.bss.xActiveTimerList1)
    [Anonymous Symbol]                       0x20002b34   Section        0  timers.o(.bss.xActiveTimerList1)
    xActiveTimerList2                        0x20002b48   Data          20  timers.o(.bss.xActiveTimerList2)
    [Anonymous Symbol]                       0x20002b48   Section        0  timers.o(.bss.xActiveTimerList2)
    xBlockAllocatedBit                       0x20002b5c   Data           1  heap_4.o(.bss.xBlockAllocatedBit)
    [Anonymous Symbol]                       0x20002b5c   Section        0  heap_4.o(.bss.xBlockAllocatedBit)
    xDelayedTaskList1                        0x20002b60   Data          20  tasks.o(.bss.xDelayedTaskList1)
    [Anonymous Symbol]                       0x20002b60   Section        0  tasks.o(.bss.xDelayedTaskList1)
    xDelayedTaskList2                        0x20002b74   Data          20  tasks.o(.bss.xDelayedTaskList2)
    [Anonymous Symbol]                       0x20002b74   Section        0  tasks.o(.bss.xDelayedTaskList2)
    xFreeBytesRemaining                      0x20002b8c   Data           4  heap_4.o(.bss.xFreeBytesRemaining)
    [Anonymous Symbol]                       0x20002b8c   Section        0  heap_4.o(.bss.xFreeBytesRemaining)
    xIdleTaskHandle                          0x20002b90   Data           4  tasks.o(.bss.xIdleTaskHandle)
    [Anonymous Symbol]                       0x20002b90   Section        0  tasks.o(.bss.xIdleTaskHandle)
    xMinimumEverFreeBytesRemaining           0x20002b94   Data           4  heap_4.o(.bss.xMinimumEverFreeBytesRemaining)
    [Anonymous Symbol]                       0x20002b94   Section        0  heap_4.o(.bss.xMinimumEverFreeBytesRemaining)
    xNextTaskUnblockTime                     0x20002b98   Data           4  tasks.o(.bss.xNextTaskUnblockTime)
    [Anonymous Symbol]                       0x20002b98   Section        0  tasks.o(.bss.xNextTaskUnblockTime)
    xNumOfOverflows                          0x20002b9c   Data           4  tasks.o(.bss.xNumOfOverflows)
    [Anonymous Symbol]                       0x20002b9c   Section        0  tasks.o(.bss.xNumOfOverflows)
    xNumberOfSuccessfulAllocations           0x20002ba0   Data           4  heap_4.o(.bss.xNumberOfSuccessfulAllocations)
    [Anonymous Symbol]                       0x20002ba0   Section        0  heap_4.o(.bss.xNumberOfSuccessfulAllocations)
    xNumberOfSuccessfulFrees                 0x20002ba4   Data           4  heap_4.o(.bss.xNumberOfSuccessfulFrees)
    [Anonymous Symbol]                       0x20002ba4   Section        0  heap_4.o(.bss.xNumberOfSuccessfulFrees)
    xPendedTicks                             0x20002ba8   Data           4  tasks.o(.bss.xPendedTicks)
    [Anonymous Symbol]                       0x20002ba8   Section        0  tasks.o(.bss.xPendedTicks)
    xPendingReadyList                        0x20002bac   Data          20  tasks.o(.bss.xPendingReadyList)
    [Anonymous Symbol]                       0x20002bac   Section        0  tasks.o(.bss.xPendingReadyList)
    xSchedulerRunning                        0x20002bc0   Data           4  tasks.o(.bss.xSchedulerRunning)
    [Anonymous Symbol]                       0x20002bc0   Section        0  tasks.o(.bss.xSchedulerRunning)
    xStart                                   0x20002bc4   Data           8  heap_4.o(.bss.xStart)
    [Anonymous Symbol]                       0x20002bc4   Section        0  heap_4.o(.bss.xStart)
    xSuspendedTaskList                       0x20002bcc   Data          20  tasks.o(.bss.xSuspendedTaskList)
    [Anonymous Symbol]                       0x20002bcc   Section        0  tasks.o(.bss.xSuspendedTaskList)
    xTasksWaitingTermination                 0x20002be0   Data          20  tasks.o(.bss.xTasksWaitingTermination)
    [Anonymous Symbol]                       0x20002be0   Section        0  tasks.o(.bss.xTasksWaitingTermination)
    xTickCount                               0x20002bf4   Data           4  tasks.o(.bss.xTickCount)
    [Anonymous Symbol]                       0x20002bf4   Section        0  tasks.o(.bss.xTickCount)
    xTimerQueue                              0x20002bf8   Data           4  timers.o(.bss.xTimerQueue)
    [Anonymous Symbol]                       0x20002bf8   Section        0  timers.o(.bss.xTimerQueue)
    xTimerTaskHandle                         0x20002bfc   Data           4  timers.o(.bss.xTimerTaskHandle)
    [Anonymous Symbol]                       0x20002bfc   Section        0  timers.o(.bss.xTimerTaskHandle)
    xYieldPending                            0x20002c00   Data           4  tasks.o(.bss.xYieldPending)
    [Anonymous Symbol]                       0x20002c00   Section        0  tasks.o(.bss.xYieldPending)
    Heap_Mem                                 0x20002c08   Data         512  startup_stm32l476xx.o(HEAP)
    HEAP                                     0x20002c08   Section      512  startup_stm32l476xx.o(HEAP)
    Stack_Mem                                0x20002e08   Data        1024  startup_stm32l476xx.o(STACK)
    STACK                                    0x20002e08   Section     1024  startup_stm32l476xx.o(STACK)
    __initial_sp                             0x20003208   Data           0  startup_stm32l476xx.o(STACK)

    Global Symbols

    Symbol Name                              Value     Ov Type        Size  Object(Section)

    BuildAttributes$$THM_ISAv4$E$P$D$K$B$S$7EM$VFPi3$EXTD16$VFPS$VFMA$PE$A:L22UL41UL21$X:L11$S22US41US21$IEEE1$IW$~IW$USESV6$~STKCKD$USESV7$~SHL$OTIME$ROPI$EBA8$UX$STANDARDLIB$REQ8$PRES8$EABIv2 0x00000000   Number         0  anon$$obj.o ABSOLUTE
    __ARM_exceptions_init                     - Undefined Weak Reference
    __alloca_initialize                       - Undefined Weak Reference
    __arm_preinit_                            - Undefined Weak Reference
    __cpp_initialize__aeabi_                  - Undefined Weak Reference
    __cxa_finalize                            - Undefined Weak Reference
    __rt_locale                               - Undefined Weak Reference
    __sigvec_lookup                           - Undefined Weak Reference
    _atexit_init                              - Undefined Weak Reference
    _call_atexit_fns                          - Undefined Weak Reference
    _clock_init                               - Undefined Weak Reference
    _fp_trap_init                             - Undefined Weak Reference
    _fp_trap_shutdown                         - Undefined Weak Reference
    _get_lc_collate                           - Undefined Weak Reference
    _get_lc_ctype                             - Undefined Weak Reference
    _get_lc_monetary                          - Undefined Weak Reference
    _get_lc_numeric                           - Undefined Weak Reference
    _get_lc_time                              - Undefined Weak Reference
    _getenv_init                              - Undefined Weak Reference
    _handle_redirection                       - Undefined Weak Reference
    _init_alloc                               - Undefined Weak Reference
    _init_user_alloc                          - Undefined Weak Reference
    _initio                                   - Undefined Weak Reference
    _rand_init                                - Undefined Weak Reference
    _signal_finish                            - Undefined Weak Reference
    _signal_init                              - Undefined Weak Reference
    _terminate_alloc                          - Undefined Weak Reference
    _terminate_user_alloc                     - Undefined Weak Reference
    _terminateio                              - Undefined Weak Reference
    __Vectors_Size                           0x00000188   Number         0  startup_stm32l476xx.o ABSOLUTE
    __Vectors                                0x08000000   Data           4  startup_stm32l476xx.o(RESET)
    __Vectors_End                            0x08000188   Data           0  startup_stm32l476xx.o(RESET)
    __main                                   0x08000189   Thumb Code     8  __main.o(!!!main)
    __scatterload                            0x08000191   Thumb Code     0  __scatter.o(!!!scatter)
    __scatterload_rt2                        0x08000191   Thumb Code    44  __scatter.o(!!!scatter)
    __scatterload_rt2_thumb_only             0x08000191   Thumb Code     0  __scatter.o(!!!scatter)
    __scatterload_null                       0x0800019f   Thumb Code     0  __scatter.o(!!!scatter)
    __scatterload_copy                       0x080001c5   Thumb Code    26  __scatter_copy.o(!!handler_copy)
    __scatterload_zeroinit                   0x080001e1   Thumb Code    28  __scatter_zi.o(!!handler_zi)
    __rt_lib_init                            0x080001fd   Thumb Code     0  libinit.o(.ARM.Collect$$libinit$$00000000)
    __rt_lib_init_fp_1                       0x080001ff   Thumb Code     0  libinit2.o(.ARM.Collect$$libinit$$00000001)
    __rt_lib_init_alloca_1                   0x08000203   Thumb Code     0  libinit2.o(.ARM.Collect$$libinit$$0000002E)
    __rt_lib_init_argv_1                     0x08000203   Thumb Code     0  libinit2.o(.ARM.Collect$$libinit$$0000002C)
    __rt_lib_init_atexit_1                   0x08000203   Thumb Code     0  libinit2.o(.ARM.Collect$$libinit$$0000001B)
    __rt_lib_init_clock_1                    0x08000203   Thumb Code     0  libinit2.o(.ARM.Collect$$libinit$$00000021)
    __rt_lib_init_cpp_1                      0x08000203   Thumb Code     0  libinit2.o(.ARM.Collect$$libinit$$00000032)
    __rt_lib_init_exceptions_1               0x08000203   Thumb Code     0  libinit2.o(.ARM.Collect$$libinit$$00000030)
    __rt_lib_init_fp_trap_1                  0x08000203   Thumb Code     0  libinit2.o(.ARM.Collect$$libinit$$0000001F)
    __rt_lib_init_getenv_1                   0x08000203   Thumb Code     0  libinit2.o(.ARM.Collect$$libinit$$00000023)
    __rt_lib_init_heap_1                     0x08000203   Thumb Code     0  libinit2.o(.ARM.Collect$$libinit$$0000000A)
    __rt_lib_init_lc_collate_1               0x08000203   Thumb Code     0  libinit2.o(.ARM.Collect$$libinit$$00000011)
    __rt_lib_init_lc_ctype_1                 0x08000203   Thumb Code     0  libinit2.o(.ARM.Collect$$libinit$$00000013)
    __rt_lib_init_lc_monetary_1              0x08000203   Thumb Code     0  libinit2.o(.ARM.Collect$$libinit$$00000015)
    __rt_lib_init_lc_numeric_1               0x08000203   Thumb Code     0  libinit2.o(.ARM.Collect$$libinit$$00000017)
    __rt_lib_init_lc_time_1                  0x08000203   Thumb Code     0  libinit2.o(.ARM.Collect$$libinit$$00000019)
    __rt_lib_init_preinit_1                  0x08000203   Thumb Code     0  libinit2.o(.ARM.Collect$$libinit$$00000004)
    __rt_lib_init_rand_1                     0x08000203   Thumb Code     0  libinit2.o(.ARM.Collect$$libinit$$0000000E)
    __rt_lib_init_return                     0x08000203   Thumb Code     0  libinit2.o(.ARM.Collect$$libinit$$00000033)
    __rt_lib_init_signal_1                   0x08000203   Thumb Code     0  libinit2.o(.ARM.Collect$$libinit$$0000001D)
    __rt_lib_init_stdio_1                    0x08000203   Thumb Code     0  libinit2.o(.ARM.Collect$$libinit$$00000025)
    __rt_lib_init_user_alloc_1               0x08000203   Thumb Code     0  libinit2.o(.ARM.Collect$$libinit$$0000000C)
    __rt_lib_shutdown                        0x08000205   Thumb Code     0  libshutdown.o(.ARM.Collect$$libshutdown$$00000000)
    __rt_lib_shutdown_cpp_1                  0x08000207   Thumb Code     0  libshutdown2.o(.ARM.Collect$$libshutdown$$00000002)
    __rt_lib_shutdown_fp_trap_1              0x08000207   Thumb Code     0  libshutdown2.o(.ARM.Collect$$libshutdown$$00000007)
    __rt_lib_shutdown_heap_1                 0x08000207   Thumb Code     0  libshutdown2.o(.ARM.Collect$$libshutdown$$0000000F)
    __rt_lib_shutdown_return                 0x08000207   Thumb Code     0  libshutdown2.o(.ARM.Collect$$libshutdown$$00000010)
    __rt_lib_shutdown_signal_1               0x08000207   Thumb Code     0  libshutdown2.o(.ARM.Collect$$libshutdown$$0000000A)
    __rt_lib_shutdown_stdio_1                0x08000207   Thumb Code     0  libshutdown2.o(.ARM.Collect$$libshutdown$$00000004)
    __rt_lib_shutdown_user_alloc_1           0x08000207   Thumb Code     0  libshutdown2.o(.ARM.Collect$$libshutdown$$0000000C)
    __rt_entry                               0x08000209   Thumb Code     0  __rtentry.o(.ARM.Collect$$rtentry$$00000000)
    __rt_entry_presh_1                       0x08000209   Thumb Code     0  __rtentry2.o(.ARM.Collect$$rtentry$$00000002)
    __rt_entry_sh                            0x08000209   Thumb Code     0  __rtentry4.o(.ARM.Collect$$rtentry$$00000004)
    __rt_entry_postsh_1                      0x0800020f   Thumb Code     0  __rtentry2.o(.ARM.Collect$$rtentry$$00000008)
    __rt_entry_li                            0x08000217   Thumb Code     0  __rtentry2.o(.ARM.Collect$$rtentry$$0000000A)
    __rt_entry_main                          0x0800021b   Thumb Code     0  __rtentry2.o(.ARM.Collect$$rtentry$$0000000D)
    __rt_entry_postli_1                      0x0800021b   Thumb Code     0  __rtentry2.o(.ARM.Collect$$rtentry$$0000000C)
    __rt_exit                                0x08000223   Thumb Code     0  rtexit.o(.ARM.Collect$$rtexit$$00000000)
    __rt_exit_ls                             0x08000225   Thumb Code     0  rtexit2.o(.ARM.Collect$$rtexit$$00000003)
    __rt_exit_prels_1                        0x08000225   Thumb Code     0  rtexit2.o(.ARM.Collect$$rtexit$$00000002)
    __rt_exit_exit                           0x08000229   Thumb Code     0  rtexit2.o(.ARM.Collect$$rtexit$$00000004)
    Reset_Handler                            0x08000231   Thumb Code     8  startup_stm32l476xx.o(.text)
    NMI_Handler                              0x08000239   Thumb Code     2  startup_stm32l476xx.o(.text)
    HardFault_Handler                        0x0800023b   Thumb Code     2  startup_stm32l476xx.o(.text)
    MemManage_Handler                        0x0800023d   Thumb Code     2  startup_stm32l476xx.o(.text)
    BusFault_Handler                         0x0800023f   Thumb Code     2  startup_stm32l476xx.o(.text)
    UsageFault_Handler                       0x08000241   Thumb Code     2  startup_stm32l476xx.o(.text)
    DebugMon_Handler                         0x08000245   Thumb Code     2  startup_stm32l476xx.o(.text)
    ADC1_2_IRQHandler                        0x0800024b   Thumb Code     0  startup_stm32l476xx.o(.text)
    ADC3_IRQHandler                          0x0800024b   Thumb Code     0  startup_stm32l476xx.o(.text)
    CAN1_RX0_IRQHandler                      0x0800024b   Thumb Code     0  startup_stm32l476xx.o(.text)
    CAN1_RX1_IRQHandler                      0x0800024b   Thumb Code     0  startup_stm32l476xx.o(.text)
    CAN1_SCE_IRQHandler                      0x0800024b   Thumb Code     0  startup_stm32l476xx.o(.text)
    CAN1_TX_IRQHandler                       0x0800024b   Thumb Code     0  startup_stm32l476xx.o(.text)
    COMP_IRQHandler                          0x0800024b   Thumb Code     0  startup_stm32l476xx.o(.text)
    DFSDM1_FLT0_IRQHandler                   0x0800024b   Thumb Code     0  startup_stm32l476xx.o(.text)
    DFSDM1_FLT1_IRQHandler                   0x0800024b   Thumb Code     0  startup_stm32l476xx.o(.text)
    DFSDM1_FLT2_IRQHandler                   0x0800024b   Thumb Code     0  startup_stm32l476xx.o(.text)
    DFSDM1_FLT3_IRQHandler                   0x0800024b   Thumb Code     0  startup_stm32l476xx.o(.text)
    DMA1_Channel1_IRQHandler                 0x0800024b   Thumb Code     0  startup_stm32l476xx.o(.text)
    DMA1_Channel2_IRQHandler                 0x0800024b   Thumb Code     0  startup_stm32l476xx.o(.text)
    DMA1_Channel3_IRQHandler                 0x0800024b   Thumb Code     0  startup_stm32l476xx.o(.text)
    DMA1_Channel4_IRQHandler                 0x0800024b   Thumb Code     0  startup_stm32l476xx.o(.text)
    DMA1_Channel5_IRQHandler                 0x0800024b   Thumb Code     0  startup_stm32l476xx.o(.text)
    DMA1_Channel6_IRQHandler                 0x0800024b   Thumb Code     0  startup_stm32l476xx.o(.text)
    DMA1_Channel7_IRQHandler                 0x0800024b   Thumb Code     0  startup_stm32l476xx.o(.text)
    DMA2_Channel1_IRQHandler                 0x0800024b   Thumb Code     0  startup_stm32l476xx.o(.text)
    DMA2_Channel2_IRQHandler                 0x0800024b   Thumb Code     0  startup_stm32l476xx.o(.text)
    DMA2_Channel3_IRQHandler                 0x0800024b   Thumb Code     0  startup_stm32l476xx.o(.text)
    DMA2_Channel4_IRQHandler                 0x0800024b   Thumb Code     0  startup_stm32l476xx.o(.text)
    DMA2_Channel5_IRQHandler                 0x0800024b   Thumb Code     0  startup_stm32l476xx.o(.text)
    DMA2_Channel6_IRQHandler                 0x0800024b   Thumb Code     0  startup_stm32l476xx.o(.text)
    DMA2_Channel7_IRQHandler                 0x0800024b   Thumb Code     0  startup_stm32l476xx.o(.text)
    EXTI0_IRQHandler                         0x0800024b   Thumb Code     0  startup_stm32l476xx.o(.text)
    EXTI15_10_IRQHandler                     0x0800024b   Thumb Code     0  startup_stm32l476xx.o(.text)
    EXTI1_IRQHandler                         0x0800024b   Thumb Code     0  startup_stm32l476xx.o(.text)
    EXTI2_IRQHandler                         0x0800024b   Thumb Code     0  startup_stm32l476xx.o(.text)
    EXTI3_IRQHandler                         0x0800024b   Thumb Code     0  startup_stm32l476xx.o(.text)
    EXTI4_IRQHandler                         0x0800024b   Thumb Code     0  startup_stm32l476xx.o(.text)
    EXTI9_5_IRQHandler                       0x0800024b   Thumb Code     0  startup_stm32l476xx.o(.text)
    FLASH_IRQHandler                         0x0800024b   Thumb Code     0  startup_stm32l476xx.o(.text)
    FMC_IRQHandler                           0x0800024b   Thumb Code     0  startup_stm32l476xx.o(.text)
    FPU_IRQHandler                           0x0800024b   Thumb Code     0  startup_stm32l476xx.o(.text)
    I2C1_ER_IRQHandler                       0x0800024b   Thumb Code     0  startup_stm32l476xx.o(.text)
    I2C1_EV_IRQHandler                       0x0800024b   Thumb Code     0  startup_stm32l476xx.o(.text)
    I2C2_ER_IRQHandler                       0x0800024b   Thumb Code     0  startup_stm32l476xx.o(.text)
    I2C2_EV_IRQHandler                       0x0800024b   Thumb Code     0  startup_stm32l476xx.o(.text)
    I2C3_ER_IRQHandler                       0x0800024b   Thumb Code     0  startup_stm32l476xx.o(.text)
    I2C3_EV_IRQHandler                       0x0800024b   Thumb Code     0  startup_stm32l476xx.o(.text)
    LCD_IRQHandler                           0x0800024b   Thumb Code     0  startup_stm32l476xx.o(.text)
    LPTIM1_IRQHandler                        0x0800024b   Thumb Code     0  startup_stm32l476xx.o(.text)
    LPTIM2_IRQHandler                        0x0800024b   Thumb Code     0  startup_stm32l476xx.o(.text)
    LPUART1_IRQHandler                       0x0800024b   Thumb Code     0  startup_stm32l476xx.o(.text)
    OTG_FS_IRQHandler                        0x0800024b   Thumb Code     0  startup_stm32l476xx.o(.text)
    PVD_PVM_IRQHandler                       0x0800024b   Thumb Code     0  startup_stm32l476xx.o(.text)
    QUADSPI_IRQHandler                       0x0800024b   Thumb Code     0  startup_stm32l476xx.o(.text)
    RCC_IRQHandler                           0x0800024b   Thumb Code     0  startup_stm32l476xx.o(.text)
    RNG_IRQHandler                           0x0800024b   Thumb Code     0  startup_stm32l476xx.o(.text)
    RTC_Alarm_IRQHandler                     0x0800024b   Thumb Code     0  startup_stm32l476xx.o(.text)
    RTC_WKUP_IRQHandler                      0x0800024b   Thumb Code     0  startup_stm32l476xx.o(.text)
    SAI1_IRQHandler                          0x0800024b   Thumb Code     0  startup_stm32l476xx.o(.text)
    SAI2_IRQHandler                          0x0800024b   Thumb Code     0  startup_stm32l476xx.o(.text)
    SDMMC1_IRQHandler                        0x0800024b   Thumb Code     0  startup_stm32l476xx.o(.text)
    SPI1_IRQHandler                          0x0800024b   Thumb Code     0  startup_stm32l476xx.o(.text)
    SPI2_IRQHandler                          0x0800024b   Thumb Code     0  startup_stm32l476xx.o(.text)
    SPI3_IRQHandler                          0x0800024b   Thumb Code     0  startup_stm32l476xx.o(.text)
    SWPMI1_IRQHandler                        0x0800024b   Thumb Code     0  startup_stm32l476xx.o(.text)
    TAMP_STAMP_IRQHandler                    0x0800024b   Thumb Code     0  startup_stm32l476xx.o(.text)
    TIM1_BRK_TIM15_IRQHandler                0x0800024b   Thumb Code     0  startup_stm32l476xx.o(.text)
    TIM1_CC_IRQHandler                       0x0800024b   Thumb Code     0  startup_stm32l476xx.o(.text)
    TIM1_TRG_COM_TIM17_IRQHandler            0x0800024b   Thumb Code     0  startup_stm32l476xx.o(.text)
    TIM1_UP_TIM16_IRQHandler                 0x0800024b   Thumb Code     0  startup_stm32l476xx.o(.text)
    TIM3_IRQHandler                          0x0800024b   Thumb Code     0  startup_stm32l476xx.o(.text)
    TIM4_IRQHandler                          0x0800024b   Thumb Code     0  startup_stm32l476xx.o(.text)
    TIM5_IRQHandler                          0x0800024b   Thumb Code     0  startup_stm32l476xx.o(.text)
    TIM6_DAC_IRQHandler                      0x0800024b   Thumb Code     0  startup_stm32l476xx.o(.text)
    TIM7_IRQHandler                          0x0800024b   Thumb Code     0  startup_stm32l476xx.o(.text)
    TIM8_BRK_IRQHandler                      0x0800024b   Thumb Code     0  startup_stm32l476xx.o(.text)
    TIM8_CC_IRQHandler                       0x0800024b   Thumb Code     0  startup_stm32l476xx.o(.text)
    TIM8_TRG_COM_IRQHandler                  0x0800024b   Thumb Code     0  startup_stm32l476xx.o(.text)
    TIM8_UP_IRQHandler                       0x0800024b   Thumb Code     0  startup_stm32l476xx.o(.text)
    TSC_IRQHandler                           0x0800024b   Thumb Code     0  startup_stm32l476xx.o(.text)
    UART4_IRQHandler                         0x0800024b   Thumb Code     0  startup_stm32l476xx.o(.text)
    UART5_IRQHandler                         0x0800024b   Thumb Code     0  startup_stm32l476xx.o(.text)
    USART1_IRQHandler                        0x0800024b   Thumb Code     0  startup_stm32l476xx.o(.text)
    USART2_IRQHandler                        0x0800024b   Thumb Code     0  startup_stm32l476xx.o(.text)
    USART3_IRQHandler                        0x0800024b   Thumb Code     0  startup_stm32l476xx.o(.text)
    WWDG_IRQHandler                          0x0800024b   Thumb Code     0  startup_stm32l476xx.o(.text)
    __user_initial_stackheap                 0x0800024d   Thumb Code     0  startup_stm32l476xx.o(.text)
    __aeabi_memcpy                           0x08000271   Thumb Code     0  rt_memcpy_v6.o(.text)
    __rt_memcpy                              0x08000271   Thumb Code   138  rt_memcpy_v6.o(.text)
    _memcpy_lastbytes                        0x080002d7   Thumb Code     0  rt_memcpy_v6.o(.text)
    __aeabi_memset4                          0x080002fb   Thumb Code    16  aeabi_memset4.o(.text)
    __aeabi_memset8                          0x080002fb   Thumb Code     0  aeabi_memset4.o(.text)
    __aeabi_memclr4                          0x0800030b   Thumb Code     0  rt_memclr_w.o(.text)
    __aeabi_memclr8                          0x0800030b   Thumb Code     0  rt_memclr_w.o(.text)
    __rt_memclr_w                            0x0800030b   Thumb Code     0  rt_memclr_w.o(.text)
    _memset_w                                0x0800030f   Thumb Code    74  rt_memclr_w.o(.text)
    __use_two_region_memory                  0x08000359   Thumb Code     2  heapauxi.o(.text)
    __rt_heap_escrow$2region                 0x0800035b   Thumb Code     2  heapauxi.o(.text)
    __rt_heap_expand$2region                 0x0800035d   Thumb Code     2  heapauxi.o(.text)
    __aeabi_memcpy4                          0x0800035f   Thumb Code     0  rt_memcpy_w.o(.text)
    __aeabi_memcpy8                          0x0800035f   Thumb Code     0  rt_memcpy_w.o(.text)
    __rt_memcpy_w                            0x0800035f   Thumb Code   100  rt_memcpy_w.o(.text)
    _memcpy_lastbytes_aligned                0x080003a7   Thumb Code     0  rt_memcpy_w.o(.text)
    __user_setup_stackheap                   0x080003c3   Thumb Code    74  sys_stackheap_outer.o(.text)
    exit                                     0x0800040d   Thumb Code    18  exit.o(.text)
    __user_libspace                          0x08000421   Thumb Code     8  libspace.o(.text)
    __user_perproc_libspace                  0x08000421   Thumb Code     0  libspace.o(.text)
    _sys_exit                                0x08000429   Thumb Code     8  sys_exit.o(.text)
    __I$use$semihosting                      0x08000435   Thumb Code     0  use_no_semi.o(.text)
    __use_no_semihosting_swi                 0x08000435   Thumb Code     2  use_no_semi.o(.text)
    __semihosting_library_function           0x08000437   Thumb Code     0  indicate_semi.o(.text)
    BuzzerInit                               0x08000439   Thumb Code    48  buzzer.o(.text.BuzzerInit)
    LedInit                                  0x08000481   Thumb Code    12  led.o(.text.LedInit)
    LedRossoInit                             0x0800048d   Thumb Code    42  led.o(.text.LedRossoInit)
    LedRossoOff                              0x080004b9   Thumb Code    18  led.o(.text.LedRossoOff)
    LedRossoOn                               0x080004cd   Thumb Code    18  led.o(.text.LedRossoOn)
    LedVerdeInit                             0x080004e1   Thumb Code    42  led.o(.text.LedVerdeInit)
    LedVerdeOff                              0x0800050d   Thumb Code    18  led.o(.text.LedVerdeOff)
    LedVerdeOn                               0x08000521   Thumb Code    18  led.o(.text.LedVerdeOn)
    PendSV_Handler                           0x08000541   Thumb Code   100  port.o(.text.PendSV_Handler)
    SVC_Handler                              0x080005c1   Thumb Code    36  port.o(.text.SVC_Handler)
    SwCenterInit                             0x080005f1   Thumb Code    60  puls.o(.text.SwCenterInit)
    SwDownInit                               0x0800062d   Thumb Code    60  puls.o(.text.SwDownInit)
    SwInit                                   0x08000669   Thumb Code    24  puls.o(.text.SwInit)
    SwLeftInit                               0x08000681   Thumb Code    60  puls.o(.text.SwLeftInit)
    SwRightInit                              0x080006bd   Thumb Code    60  puls.o(.text.SwRightInit)
    SwUpInit                                 0x080006f9   Thumb Code    60  puls.o(.text.SwUpInit)
    SysTick_Handler                          0x08000735   Thumb Code    26  cmsis_os2.o(.text.SysTick_Handler)
    SystemCoreClockUpdate                    0x08000751   Thumb Code   190  system_stm32l4xx.o(.text.SystemCoreClockUpdate)
    SystemInit                               0x08000811   Thumb Code    68  system_stm32l4xx.o(.text.SystemInit)
    TIM1_CH2_Init                            0x08000855   Thumb Code   120  mot.o(.text.TIM1_CH2_Init)
    TIM2_CH1_InCapt_SM                       0x080008cd   Thumb Code   152  ultrasuoni.o(.text.TIM2_CH1_InCapt_SM)
    TIM2_IRQHandler                          0x08000965   Thumb Code    38  ultrasuoni.o(.text.TIM2_IRQHandler)
    TIM4_CH1_Init                            0x0800098d   Thumb Code   114  ultrasuoni.o(.text.TIM4_CH1_Init)
    _mutex_acquire                           0x08000a21   Thumb Code    26  clib_arm.o(.text._mutex_acquire)
    _mutex_free                              0x08000a3d   Thumb Code    48  clib_arm.o(.text._mutex_free)
    _mutex_initialize                        0x08000a6d   Thumb Code    82  clib_arm.o(.text._mutex_initialize)
    _mutex_release                           0x08000ac1   Thumb Code    28  clib_arm.o(.text._mutex_release)
    _platform_post_stackheap_init            0x08000add   Thumb Code     2  clib_arm.o(.text._platform_post_stackheap_init)
    digitalRead                              0x08000ae1   Thumb Code    32  arduino.o(.text.digitalRead)
    digitalWrite                             0x08000b01   Thumb Code    48  arduino.o(.text.digitalWrite)
    echoInit                                 0x08000b31   Thumb Code    60  ultrasuoni.o(.text.echoInit)
    irInit                                   0x08000b6d   Thumb Code    44  infrarossi.o(.text.irInit)
    irRead                                   0x08000bb1   Thumb Code    10  infrarossi.o(.text.irRead)
    main                                     0x08000bbd   Thumb Code    58  main.o(.text.main)
    motInit                                  0x08000bf9   Thumb Code   144  mot.o(.text.motInit)
    motStart                                 0x08000cc9   Thumb Code    14  mot.o(.text.motStart)
    motStop                                  0x08000cd9   Thumb Code    14  mot.o(.text.motStop)
    pinMode                                  0x08000cf9   Thumb Code    84  arduino.o(.text.pinMode)
    pllInit                                  0x08000d4d   Thumb Code   242  sysclock.o(.text.pllInit)
    pvPortMalloc                             0x08001789   Thumb Code   276  heap_4.o(.text.pvPortMalloc)
    pvTaskIncrementMutexHeldCount            0x0800189d   Thumb Code    24  tasks.o(.text.pvTaskIncrementMutexHeldCount)
    pxPortInitialiseStack                    0x080018b5   Thumb Code    40  port.o(.text.pxPortInitialiseStack)
    trgInit                                  0x080018dd   Thumb Code    58  ultrasuoni.o(.text.trgInit)
    ultrsInit                                0x08001919   Thumb Code    48  ultrasuoni.o(.text.ultrsInit)
    uxListRemove                             0x08001965   Thumb Code    36  list.o(.text.uxListRemove)
    uxTaskResetEventItemValue                0x08001989   Thumb Code    26  tasks.o(.text.uxTaskResetEventItemValue)
    vApplicationGetIdleTaskMemory            0x080019a5   Thumb Code    26  cmsis_os2.o(.text.vApplicationGetIdleTaskMemory)
    vApplicationGetTimerTaskMemory           0x080019c1   Thumb Code    26  cmsis_os2.o(.text.vApplicationGetTimerTaskMemory)
    vApplicationStackOverflowHook            0x080019dd   Thumb Code     2  cmsis_os2.o(.text.vApplicationStackOverflowHook)
    vListInitialise                          0x080019e1   Thumb Code    22  list.o(.text.vListInitialise)
    vListInitialiseItem                      0x080019f9   Thumb Code     6  list.o(.text.vListInitialiseItem)
    vListInsert                              0x08001a01   Thumb Code    58  list.o(.text.vListInsert)
    vPortEnterCritical                       0x08001a51   Thumb Code    32  port.o(.text.vPortEnterCritical)
    vPortExitCritical                        0x08001a71   Thumb Code    26  port.o(.text.vPortExitCritical)
    vPortFree                                0x08001a8d   Thumb Code   100  heap_4.o(.text.vPortFree)
    vPortSetupTimerInterrupt                 0x08001af1   Thumb Code    52  port.o(.text.vPortSetupTimerInterrupt)
    vQueueDelete                             0x08001b25   Thumb Code    16  queue.o(.text.vQueueDelete)
    vQueueWaitForMessageRestricted           0x08001b35   Thumb Code    68  queue.o(.text.vQueueWaitForMessageRestricted)
    vTaskBuzzerTest                          0x08001b79   Thumb Code    54  buzzer.o(.text.vTaskBuzzerTest)
    vTaskDelay                               0x08001bb1   Thumb Code    52  tasks.o(.text.vTaskDelay)
    vTaskInternalSetTimeOutState             0x08001be5   Thumb Code    26  tasks.o(.text.vTaskInternalSetTimeOutState)
    vTaskMissedYield                         0x08001c01   Thumb Code    14  tasks.o(.text.vTaskMissedYield)
    vTaskMotPA0                              0x08001c11   Thumb Code    40  mot.o(.text.vTaskMotPA0)
    vTaskMotPA2                              0x08001c39   Thumb Code    40  mot.o(.text.vTaskMotPA2)
    vTaskPlaceOnEventList                    0x08001c61   Thumb Code    30  tasks.o(.text.vTaskPlaceOnEventList)
    vTaskPlaceOnEventListRestricted          0x08001c81   Thumb Code    90  tasks.o(.text.vTaskPlaceOnEventListRestricted)
    vTaskPlaceOnUnorderedEventList           0x08001cdd   Thumb Code    84  tasks.o(.text.vTaskPlaceOnUnorderedEventList)
    vTaskPriorityDisinheritAfterTimeout      0x08001d31   Thumb Code   128  tasks.o(.text.vTaskPriorityDisinheritAfterTimeout)
    vTaskRemoveFromUnorderedEventList        0x08001db1   Thumb Code   180  tasks.o(.text.vTaskRemoveFromUnorderedEventList)
    vTaskRilevaColore                        0x08001e65   Thumb Code    86  infrarossi.o(.text.vTaskRilevaColore)
    vTaskStartScheduler                      0x08001ebd   Thumb Code   140  tasks.o(.text.vTaskStartScheduler)
    vTaskSuspendAll                          0x08001f51   Thumb Code    16  tasks.o(.text.vTaskSuspendAll)
    vTaskSwitchContext                       0x08001f61   Thumb Code   164  tasks.o(.text.vTaskSwitchContext)
    vTask_Motore                             0x08002005   Thumb Code    48  mot.o(.text.vTask_Motore)
    vTask_SensUltrasuoni                     0x08002035   Thumb Code    10  ultrasuoni.o(.text.vTask_SensUltrasuoni)
    xEventGroupCreate                        0x08002041   Thumb Code    28  event_groups.o(.text.xEventGroupCreate)
    xEventGroupSetBits                       0x0800205d   Thumb Code   114  event_groups.o(.text.xEventGroupSetBits)
    xEventGroupWaitBits                      0x080020d1   Thumb Code   176  event_groups.o(.text.xEventGroupWaitBits)
    xPortStartScheduler                      0x08002181   Thumb Code    74  port.o(.text.xPortStartScheduler)
    xPortSysTickHandler                      0x080021cd   Thumb Code    46  port.o(.text.xPortSysTickHandler)
    xQueueCreateMutex                        0x080021fd   Thumb Code    22  queue.o(.text.xQueueCreateMutex)
    xQueueCreateMutexStatic                  0x08002215   Thumb Code    34  queue.o(.text.xQueueCreateMutexStatic)
    xQueueGenericCreate                      0x08002239   Thumb Code    82  queue.o(.text.xQueueGenericCreate)
    xQueueGenericCreateStatic                0x0800228d   Thumb Code    58  queue.o(.text.xQueueGenericCreateStatic)
    xQueueGenericReset                       0x080022c9   Thumb Code   128  queue.o(.text.xQueueGenericReset)
    xQueueGenericSend                        0x08002349   Thumb Code   310  queue.o(.text.xQueueGenericSend)
    xQueueReceive                            0x08002485   Thumb Code   300  queue.o(.text.xQueueReceive)
    xQueueSemaphoreTake                      0x080025b9   Thumb Code   354  queue.o(.text.xQueueSemaphoreTake)
    xTaskCheckForTimeOut                     0x08002721   Thumb Code    96  tasks.o(.text.xTaskCheckForTimeOut)
    xTaskCreate                              0x08002781   Thumb Code   102  tasks.o(.text.xTaskCreate)
    xTaskCreateStatic                        0x080027e9   Thumb Code    62  tasks.o(.text.xTaskCreateStatic)
    xTaskGetSchedulerState                   0x08002829   Thumb Code    38  tasks.o(.text.xTaskGetSchedulerState)
    xTaskGetTickCount                        0x08002851   Thumb Code    12  tasks.o(.text.xTaskGetTickCount)
    xTaskIncrementTick                       0x0800285d   Thumb Code   398  tasks.o(.text.xTaskIncrementTick)
    xTaskPriorityDisinherit                  0x080029f1   Thumb Code   112  tasks.o(.text.xTaskPriorityDisinherit)
    xTaskPriorityInherit                     0x08002a61   Thumb Code   166  tasks.o(.text.xTaskPriorityInherit)
    xTaskRemoveFromEventList                 0x08002b09   Thumb Code   216  tasks.o(.text.xTaskRemoveFromEventList)
    xTaskResumeAll                           0x08002be1   Thumb Code   340  tasks.o(.text.xTaskResumeAll)
    xTimerCreateTimerTask                    0x08002d3d   Thumb Code    96  timers.o(.text.xTimerCreateTimerTask)
    _fp_init                                 0x08002da5   Thumb Code    26  fpinit.o(x$fpl$fpinit)
    __fplib_config_fpu_vfp                   0x08002dbd   Thumb Code     0  fpinit.o(x$fpl$fpinit)
    __fplib_config_pureend_doubles           0x08002dbd   Thumb Code     0  fpinit.o(x$fpl$fpinit)
    AHBPrescTable                            0x08002dbe   Data          16  system_stm32l4xx.o(.rodata.AHBPrescTable)
    MSIRangeTable                            0x08002dd0   Data          48  system_stm32l4xx.o(.rodata.MSIRangeTable)
    uxTopUsedPriority                        0x08002e00   Data           4  tasks.o(.rodata.uxTopUsedPriority)
    Region$$Table$$Base                      0x08002e04   Number         0  anon$$obj.o(Region$$Table)
    Region$$Table$$Limit                     0x08002e24   Number         0  anon$$obj.o(Region$$Table)
    SystemCoreClock                          0x20000000   Data           4  system_stm32l4xx.o(.data.SystemCoreClock)
    __libspace_start                         0x20000008   Data          96  libspace.o(.bss)
    __temporary_stack_top$libspace           0x20000068   Data           0  libspace.o(.bss)
    pxCurrentTCB                             0x200002b0   Data           4  tasks.o(.bss.pxCurrentTCB)
    xEventGroupRullo                         0x20002b88   Data           4  main.o(.bss.xEventGroupRullo)



==============================================================================

Memory Map of the image

  Image Entry point : 0x08000231

  Load Region LR_1 (Base: 0x08000000, Size: 0x00002e2c, Max: 0xffffffff, ABSOLUTE)

    Execution Region ER_RO (Exec base: 0x08000000, Load base: 0x08000000, Size: 0x00002e24, Max: 0xffffffff, ABSOLUTE)

    Exec Addr    Load Addr    Size         Type   Attr      Idx    E Section Name        Object

    0x08000000   0x08000000   0x00000188   Data   RO          498    RESET               startup_stm32l476xx.o
    0x08000188   0x08000188   0x00000008   Code   RO         1023  * !!!main             c_w.l(__main.o)
    0x08000190   0x08000190   0x00000034   Code   RO         1186    !!!scatter          c_w.l(__scatter.o)
    0x080001c4   0x080001c4   0x0000001a   Code   RO         1188    !!handler_copy      c_w.l(__scatter_copy.o)
    0x080001de   0x080001de   0x00000002   PAD
    0x080001e0   0x080001e0   0x0000001c   Code   RO         1190    !!handler_zi        c_w.l(__scatter_zi.o)
    0x080001fc   0x080001fc   0x00000002   Code   RO         1050    .ARM.Collect$$libinit$$00000000  c_w.l(libinit.o)
    0x080001fe   0x080001fe   0x00000004   Code   RO         1056    .ARM.Collect$$libinit$$00000001  c_w.l(libinit2.o)
    0x08000202   0x08000202   0x00000000   Code   RO         1059    .ARM.Collect$$libinit$$00000004  c_w.l(libinit2.o)
    0x08000202   0x08000202   0x00000000   Code   RO         1062    .ARM.Collect$$libinit$$0000000A  c_w.l(libinit2.o)
    0x08000202   0x08000202   0x00000000   Code   RO         1064    .ARM.Collect$$libinit$$0000000C  c_w.l(libinit2.o)
    0x08000202   0x08000202   0x00000000   Code   RO         1066    .ARM.Collect$$libinit$$0000000E  c_w.l(libinit2.o)
    0x08000202   0x08000202   0x00000000   Code   RO         1069    .ARM.Collect$$libinit$$00000011  c_w.l(libinit2.o)
    0x08000202   0x08000202   0x00000000   Code   RO         1071    .ARM.Collect$$libinit$$00000013  c_w.l(libinit2.o)
    0x08000202   0x08000202   0x00000000   Code   RO         1073    .ARM.Collect$$libinit$$00000015  c_w.l(libinit2.o)
    0x08000202   0x08000202   0x00000000   Code   RO         1075    .ARM.Collect$$libinit$$00000017  c_w.l(libinit2.o)
    0x08000202   0x08000202   0x00000000   Code   RO         1077    .ARM.Collect$$libinit$$00000019  c_w.l(libinit2.o)
    0x08000202   0x08000202   0x00000000   Code   RO         1079    .ARM.Collect$$libinit$$0000001B  c_w.l(libinit2.o)
    0x08000202   0x08000202   0x00000000   Code   RO         1081    .ARM.Collect$$libinit$$0000001D  c_w.l(libinit2.o)
    0x08000202   0x08000202   0x00000000   Code   RO         1083    .ARM.Collect$$libinit$$0000001F  c_w.l(libinit2.o)
    0x08000202   0x08000202   0x00000000   Code   RO         1085    .ARM.Collect$$libinit$$00000021  c_w.l(libinit2.o)
    0x08000202   0x08000202   0x00000000   Code   RO         1087    .ARM.Collect$$libinit$$00000023  c_w.l(libinit2.o)
    0x08000202   0x08000202   0x00000000   Code   RO         1089    .ARM.Collect$$libinit$$00000025  c_w.l(libinit2.o)
    0x08000202   0x08000202   0x00000000   Code   RO         1093    .ARM.Collect$$libinit$$0000002C  c_w.l(libinit2.o)
    0x08000202   0x08000202   0x00000000   Code   RO         1095    .ARM.Collect$$libinit$$0000002E  c_w.l(libinit2.o)
    0x08000202   0x08000202   0x00000000   Code   RO         1097    .ARM.Collect$$libinit$$00000030  c_w.l(libinit2.o)
    0x08000202   0x08000202   0x00000000   Code   RO         1099    .ARM.Collect$$libinit$$00000032  c_w.l(libinit2.o)
    0x08000202   0x08000202   0x00000002   Code   RO         1100    .ARM.Collect$$libinit$$00000033  c_w.l(libinit2.o)
    0x08000204   0x08000204   0x00000002   Code   RO         1122    .ARM.Collect$$libshutdown$$00000000  c_w.l(libshutdown.o)
    0x08000206   0x08000206   0x00000000   Code   RO         1137    .ARM.Collect$$libshutdown$$00000002  c_w.l(libshutdown2.o)
    0x08000206   0x08000206   0x00000000   Code   RO         1139    .ARM.Collect$$libshutdown$$00000004  c_w.l(libshutdown2.o)
    0x08000206   0x08000206   0x00000000   Code   RO         1142    .ARM.Collect$$libshutdown$$00000007  c_w.l(libshutdown2.o)
    0x08000206   0x08000206   0x00000000   Code   RO         1145    .ARM.Collect$$libshutdown$$0000000A  c_w.l(libshutdown2.o)
    0x08000206   0x08000206   0x00000000   Code   RO         1147    .ARM.Collect$$libshutdown$$0000000C  c_w.l(libshutdown2.o)
    0x08000206   0x08000206   0x00000000   Code   RO         1150    .ARM.Collect$$libshutdown$$0000000F  c_w.l(libshutdown2.o)
    0x08000206   0x08000206   0x00000002   Code   RO         1151    .ARM.Collect$$libshutdown$$00000010  c_w.l(libshutdown2.o)
    0x08000208   0x08000208   0x00000000   Code   RO         1025    .ARM.Collect$$rtentry$$00000000  c_w.l(__rtentry.o)
    0x08000208   0x08000208   0x00000000   Code   RO         1029    .ARM.Collect$$rtentry$$00000002  c_w.l(__rtentry2.o)
    0x08000208   0x08000208   0x00000006   Code   RO         1041    .ARM.Collect$$rtentry$$00000004  c_w.l(__rtentry4.o)
    0x0800020e   0x0800020e   0x00000008   Code   RO         1030    .ARM.Collect$$rtentry$$00000008  c_w.l(__rtentry2.o)
    0x08000216   0x08000216   0x00000004   Code   RO         1032    .ARM.Collect$$rtentry$$0000000A  c_w.l(__rtentry2.o)
    0x0800021a   0x0800021a   0x00000000   Code   RO         1034    .ARM.Collect$$rtentry$$0000000C  c_w.l(__rtentry2.o)
    0x0800021a   0x0800021a   0x00000008   Code   RO         1035    .ARM.Collect$$rtentry$$0000000D  c_w.l(__rtentry2.o)
    0x08000222   0x08000222   0x00000002   Code   RO         1054    .ARM.Collect$$rtexit$$00000000  c_w.l(rtexit.o)
    0x08000224   0x08000224   0x00000000   Code   RO         1102    .ARM.Collect$$rtexit$$00000002  c_w.l(rtexit2.o)
    0x08000224   0x08000224   0x00000004   Code   RO         1103    .ARM.Collect$$rtexit$$00000003  c_w.l(rtexit2.o)
    0x08000228   0x08000228   0x00000006   Code   RO         1104    .ARM.Collect$$rtexit$$00000004  c_w.l(rtexit2.o)
    0x0800022e   0x0800022e   0x00000002   PAD
    0x08000230   0x08000230   0x00000040   Code   RO          499  * .text               startup_stm32l476xx.o
    0x08000270   0x08000270   0x0000008a   Code   RO         1013    .text               c_w.l(rt_memcpy_v6.o)
    0x080002fa   0x080002fa   0x00000010   Code   RO         1015    .text               c_w.l(aeabi_memset4.o)
    0x0800030a   0x0800030a   0x0000004e   Code   RO         1019    .text               c_w.l(rt_memclr_w.o)
    0x08000358   0x08000358   0x00000006   Code   RO         1021    .text               c_w.l(heapauxi.o)
    0x0800035e   0x0800035e   0x00000064   Code   RO         1026    .text               c_w.l(rt_memcpy_w.o)
    0x080003c2   0x080003c2   0x0000004a   Code   RO         1043    .text               c_w.l(sys_stackheap_outer.o)
    0x0800040c   0x0800040c   0x00000012   Code   RO         1045    .text               c_w.l(exit.o)
    0x0800041e   0x0800041e   0x00000002   PAD
    0x08000420   0x08000420   0x00000008   Code   RO         1051    .text               c_w.l(libspace.o)
    0x08000428   0x08000428   0x0000000c   Code   RO         1112    .text               c_w.l(sys_exit.o)
    0x08000434   0x08000434   0x00000002   Code   RO         1127    .text               c_w.l(use_no_semi.o)
    0x08000436   0x08000436   0x00000000   Code   RO         1129    .text               c_w.l(indicate_semi.o)
    0x08000436   0x08000436   0x00000002   PAD
    0x08000438   0x08000438   0x00000048   Code   RO          253    .text.BuzzerInit    buzzer.o
    0x08000480   0x08000480   0x0000000c   Code   RO           97    .text.LedInit       led.o
    0x0800048c   0x0800048c   0x0000002a   Code   RO           99    .text.LedRossoInit  led.o
    0x080004b6   0x080004b6   0x00000002   PAD
    0x080004b8   0x080004b8   0x00000012   Code   RO          105    .text.LedRossoOff   led.o
    0x080004ca   0x080004ca   0x00000002   PAD
    0x080004cc   0x080004cc   0x00000012   Code   RO          103    .text.LedRossoOn    led.o
    0x080004de   0x080004de   0x00000002   PAD
    0x080004e0   0x080004e0   0x0000002a   Code   RO          101    .text.LedVerdeInit  led.o
    0x0800050a   0x0800050a   0x00000002   PAD
    0x0800050c   0x0800050c   0x00000012   Code   RO          111    .text.LedVerdeOff   led.o
    0x0800051e   0x0800051e   0x00000002   PAD
    0x08000520   0x08000520   0x00000012   Code   RO          109    .text.LedVerdeOn    led.o
    0x08000532   0x08000532   0x0000000e   PAD
    0x08000540   0x08000540   0x0000007a   Code   RO          999    .text.PendSV_Handler  port.o
    0x080005ba   0x080005ba   0x00000006   PAD
    0x080005c0   0x080005c0   0x0000002e   Code   RO          983    .text.SVC_Handler   port.o
    0x080005ee   0x080005ee   0x00000002   PAD
    0x080005f0   0x080005f0   0x0000003c   Code   RO           14    .text.SwCenterInit  puls.o
    0x0800062c   0x0800062c   0x0000003c   Code   RO           22    .text.SwDownInit    puls.o
    0x08000668   0x08000668   0x00000018   Code   RO           12    .text.SwInit        puls.o
    0x08000680   0x08000680   0x0000003c   Code   RO           16    .text.SwLeftInit    puls.o
    0x080006bc   0x080006bc   0x0000003c   Code   RO           18    .text.SwRightInit   puls.o
    0x080006f8   0x080006f8   0x0000003c   Code   RO           20    .text.SwUpInit      puls.o
    0x08000734   0x08000734   0x0000001a   Code   RO          290    .text.SysTick_Handler  cmsis_os2.o
    0x0800074e   0x0800074e   0x00000002   PAD
    0x08000750   0x08000750   0x000000be   Code   RO          508    .text.SystemCoreClockUpdate  system_stm32l4xx.o
    0x0800080e   0x0800080e   0x00000002   PAD
    0x08000810   0x08000810   0x00000044   Code   RO          506    .text.SystemInit    system_stm32l4xx.o
    0x08000854   0x08000854   0x00000078   Code   RO          141    .text.TIM1_CH2_Init  mot.o
    0x080008cc   0x080008cc   0x00000098   Code   RO          201    .text.TIM2_CH1_InCapt_SM  ultrasuoni.o
    0x08000964   0x08000964   0x00000026   Code   RO          207    .text.TIM2_IRQHandler  ultrasuoni.o
    0x0800098a   0x0800098a   0x00000002   PAD
    0x0800098c   0x0800098c   0x00000072   Code   RO          199    .text.TIM4_CH1_Init  ultrasuoni.o
    0x080009fe   0x080009fe   0x00000002   PAD
    0x08000a00   0x08000a00   0x00000010   Code   RO          205    .text.__NVIC_EnableIRQ  ultrasuoni.o
    0x08000a10   0x08000a10   0x0000000e   Code   RO          203    .text.__NVIC_SetPriority  ultrasuoni.o
    0x08000a1e   0x08000a1e   0x00000002   PAD
    0x08000a20   0x08000a20   0x0000001a   Code   RO          272    .text._mutex_acquire  clib_arm.o
    0x08000a3a   0x08000a3a   0x00000002   PAD
    0x08000a3c   0x08000a3c   0x00000030   Code   RO          276    .text._mutex_free   clib_arm.o
    0x08000a6c   0x08000a6c   0x00000052   Code   RO          270    .text._mutex_initialize  clib_arm.o
    0x08000abe   0x08000abe   0x00000002   PAD
    0x08000ac0   0x08000ac0   0x0000001c   Code   RO          274    .text._mutex_release  clib_arm.o
    0x08000adc   0x08000adc   0x00000002   Code   RO          264    .text._platform_post_stackheap_init  clib_arm.o
    0x08000ade   0x08000ade   0x00000002   PAD
    0x08000ae0   0x08000ae0   0x00000020   Code   RO          179    .text.digitalRead   arduino.o
    0x08000b00   0x08000b00   0x00000030   Code   RO          177    .text.digitalWrite  arduino.o
    0x08000b30   0x08000b30   0x0000003c   Code   RO          193    .text.echoInit      ultrasuoni.o
    0x08000b6c   0x08000b6c   0x00000044   Code   RO          217    .text.irInit        infrarossi.o
    0x08000bb0   0x08000bb0   0x0000000a   Code   RO          221    .text.irRead        infrarossi.o
    0x08000bba   0x08000bba   0x00000002   PAD
    0x08000bbc   0x08000bbc   0x0000003a   Code   RO            2    .text.main          main.o
    0x08000bf6   0x08000bf6   0x00000002   PAD
    0x08000bf8   0x08000bf8   0x000000d0   Code   RO          139    .text.motInit       mot.o
    0x08000cc8   0x08000cc8   0x0000000e   Code   RO          151    .text.motStart      mot.o
    0x08000cd6   0x08000cd6   0x00000002   PAD
    0x08000cd8   0x08000cd8   0x0000000e   Code   RO          149    .text.motStop       mot.o
    0x08000ce6   0x08000ce6   0x00000002   PAD
    0x08000ce8   0x08000ce8   0x00000010   Code   RO          268    .text.os_kernel_is_active  clib_arm.o
    0x08000cf8   0x08000cf8   0x00000054   Code   RO          173    .text.pinMode       arduino.o
    0x08000d4c   0x08000d4c   0x000000f2   Code   RO          163    .text.pllInit       sysclock.o
    0x08000e3e   0x08000e3e   0x00000002   PAD
    0x08000e40   0x08000e40   0x0000009c   Code   RO          770    .text.prvAddCurrentTaskToDelayedList  tasks.o
    0x08000edc   0x08000edc   0x000000cc   Code   RO          756    .text.prvAddNewTaskToReadyList  tasks.o
    0x08000fa8   0x08000fa8   0x0000006a   Code   RO          908    .text.prvCheckForValidListAndQueue  timers.o
    0x08001012   0x08001012   0x00000002   PAD
    0x08001014   0x08001014   0x0000004e   Code   RO          874    .text.prvCheckTasksWaitingTermination  tasks.o
    0x08001062   0x08001062   0x00000002   PAD
    0x08001064   0x08001064   0x00000026   Code   RO          654    .text.prvCopyDataFromQueue  queue.o
    0x0800108a   0x0800108a   0x00000002   PAD
    0x0800108c   0x0800108c   0x0000007a   Code   RO          642    .text.prvCopyDataToQueue  queue.o
    0x08001106   0x08001106   0x00000002   PAD
    0x08001108   0x08001108   0x00000020   Code   RO          764    .text.prvDeleteTCB  tasks.o
    0x08001128   0x08001128   0x00000012   Code   RO          658    .text.prvGetDisinheritPriorityAfterTimeout  queue.o
    0x0800113a   0x0800113a   0x00000002   PAD
    0x0800113c   0x0800113c   0x00000020   Code   RO          946    .text.prvGetNextExpireTime  timers.o
    0x0800115c   0x0800115c   0x00000076   Code   RO          582    .text.prvHeapInit   heap_4.o
    0x080011d2   0x080011d2   0x00000002   PAD
    0x080011d4   0x080011d4   0x0000002a   Code   RO          796    .text.prvIdleTask   tasks.o
    0x080011fe   0x080011fe   0x00000002   PAD
    0x08001200   0x08001200   0x00000020   Code   RO          622    .text.prvInitialiseMutex  queue.o
    0x08001220   0x08001220   0x00000020   Code   RO          616    .text.prvInitialiseNewQueue  queue.o
    0x08001240   0x08001240   0x00000098   Code   RO          754    .text.prvInitialiseNewTask  tasks.o
    0x080012d8   0x080012d8   0x00000070   Code   RO          872    .text.prvInitialiseTaskLists  tasks.o
    0x08001348   0x08001348   0x0000005a   Code   RO          584    .text.prvInsertBlockIntoFreeList  heap_4.o
    0x080013a2   0x080013a2   0x00000002   PAD
    0x080013a4   0x080013a4   0x00000040   Code   RO          960    .text.prvInsertTimerInActiveList  timers.o
    0x080013e4   0x080013e4   0x00000018   Code   RO          656    .text.prvIsQueueEmpty  queue.o
    0x080013fc   0x080013fc   0x0000001c   Code   RO          644    .text.prvIsQueueFull  queue.o
    0x08001418   0x08001418   0x00000028   Code   RO          991    .text.prvPortStartFirstTask  port.o
    0x08001440   0x08001440   0x0000003e   Code   RO          954    .text.prvProcessExpiredTimer  timers.o
    0x0800147e   0x0800147e   0x00000002   PAD
    0x08001480   0x08001480   0x000000fa   Code   RO          950    .text.prvProcessReceivedCommands  timers.o
    0x0800157a   0x0800157a   0x00000002   PAD
    0x0800157c   0x0800157c   0x00000080   Code   RO          948    .text.prvProcessTimerOrBlockTask  timers.o
    0x080015fc   0x080015fc   0x0000003a   Code   RO          958    .text.prvReloadTimer  timers.o
    0x08001636   0x08001636   0x00000002   PAD
    0x08001638   0x08001638   0x00000026   Code   RO          762    .text.prvResetNextTaskUnblockTime  tasks.o
    0x0800165e   0x0800165e   0x00000002   PAD
    0x08001660   0x08001660   0x0000002a   Code   RO          952    .text.prvSampleTimeNow  timers.o
    0x0800168a   0x0800168a   0x00000002   PAD
    0x0800168c   0x0800168c   0x00000034   Code   RO          956    .text.prvSwitchTimerLists  timers.o
    0x080016c0   0x080016c0   0x00000022   Code   RO          981    .text.prvTaskExitError  port.o
    0x080016e2   0x080016e2   0x00000002   PAD
    0x080016e4   0x080016e4   0x00000018   Code   RO          534    .text.prvTestWaitCondition  event_groups.o
    0x080016fc   0x080016fc   0x00000016   Code   RO          910    .text.prvTimerTask  timers.o
    0x08001712   0x08001712   0x00000002   PAD
    0x08001714   0x08001714   0x00000072   Code   RO          646    .text.prvUnlockQueue  queue.o
    0x08001786   0x08001786   0x00000002   PAD
    0x08001788   0x08001788   0x00000114   Code   RO          580    .text.pvPortMalloc  heap_4.o
    0x0800189c   0x0800189c   0x00000018   Code   RO          856    .text.pvTaskIncrementMutexHeldCount  tasks.o
    0x080018b4   0x080018b4   0x00000028   Code   RO          979    .text.pxPortInitialiseStack  port.o
    0x080018dc   0x080018dc   0x0000003a   Code   RO          191    .text.trgInit       ultrasuoni.o
    0x08001916   0x08001916   0x00000002   PAD
    0x08001918   0x08001918   0x0000004c   Code   RO          195    .text.ultrsInit     ultrasuoni.o
    0x08001964   0x08001964   0x00000024   Code   RO          570    .text.uxListRemove  list.o
    0x08001988   0x08001988   0x0000001a   Code   RO          854    .text.uxTaskResetEventItemValue  tasks.o
    0x080019a2   0x080019a2   0x00000002   PAD
    0x080019a4   0x080019a4   0x0000001a   Code   RO          448    .text.vApplicationGetIdleTaskMemory  cmsis_os2.o
    0x080019be   0x080019be   0x00000002   PAD
    0x080019c0   0x080019c0   0x0000001a   Code   RO          450    .text.vApplicationGetTimerTaskMemory  cmsis_os2.o
    0x080019da   0x080019da   0x00000002   PAD
    0x080019dc   0x080019dc   0x00000002   Code   RO          446    .text.vApplicationStackOverflowHook  cmsis_os2.o
    0x080019de   0x080019de   0x00000002   PAD
    0x080019e0   0x080019e0   0x00000016   Code   RO          562    .text.vListInitialise  list.o
    0x080019f6   0x080019f6   0x00000002   PAD
    0x080019f8   0x080019f8   0x00000006   Code   RO          564    .text.vListInitialiseItem  list.o
    0x080019fe   0x080019fe   0x00000002   PAD
    0x08001a00   0x08001a00   0x0000003a   Code   RO          568    .text.vListInsert   list.o
    0x08001a3a   0x08001a3a   0x00000002   PAD
    0x08001a3c   0x08001a3c   0x00000014   Code   RO          989    .text.vPortEnableVFP  port.o
    0x08001a50   0x08001a50   0x00000020   Code   RO          995    .text.vPortEnterCritical  port.o
    0x08001a70   0x08001a70   0x0000001a   Code   RO          997    .text.vPortExitCritical  port.o
    0x08001a8a   0x08001a8a   0x00000002   PAD
    0x08001a8c   0x08001a8c   0x00000064   Code   RO          586    .text.vPortFree     heap_4.o
    0x08001af0   0x08001af0   0x00000034   Code   RO          987    .text.vPortSetupTimerInterrupt  port.o
    0x08001b24   0x08001b24   0x00000010   Code   RO          672    .text.vQueueDelete  queue.o
    0x08001b34   0x08001b34   0x00000044   Code   RO          684    .text.vQueueWaitForMessageRestricted  queue.o
    0x08001b78   0x08001b78   0x00000036   Code   RO          255    .text.vTaskBuzzerTest  buzzer.o
    0x08001bae   0x08001bae   0x00000002   PAD
    0x08001bb0   0x08001bb0   0x00000034   Code   RO          774    .text.vTaskDelay    tasks.o
    0x08001be4   0x08001be4   0x0000001a   Code   RO          828    .text.vTaskInternalSetTimeOutState  tasks.o
    0x08001bfe   0x08001bfe   0x00000002   PAD
    0x08001c00   0x08001c00   0x0000000e   Code   RO          832    .text.vTaskMissedYield  tasks.o
    0x08001c0e   0x08001c0e   0x00000002   PAD
    0x08001c10   0x08001c10   0x00000028   Code   RO          145    .text.vTaskMotPA0   mot.o
    0x08001c38   0x08001c38   0x00000028   Code   RO          147    .text.vTaskMotPA2   mot.o
    0x08001c60   0x08001c60   0x0000001e   Code   RO          816    .text.vTaskPlaceOnEventList  tasks.o
    0x08001c7e   0x08001c7e   0x00000002   PAD
    0x08001c80   0x08001c80   0x0000005a   Code   RO          820    .text.vTaskPlaceOnEventListRestricted  tasks.o
    0x08001cda   0x08001cda   0x00000002   PAD
    0x08001cdc   0x08001cdc   0x00000054   Code   RO          818    .text.vTaskPlaceOnUnorderedEventList  tasks.o
    0x08001d30   0x08001d30   0x00000080   Code   RO          852    .text.vTaskPriorityDisinheritAfterTimeout  tasks.o
    0x08001db0   0x08001db0   0x000000b4   Code   RO          824    .text.vTaskRemoveFromUnorderedEventList  tasks.o
    0x08001e64   0x08001e64   0x00000056   Code   RO          219    .text.vTaskRilevaColore  infrarossi.o
    0x08001eba   0x08001eba   0x00000002   PAD
    0x08001ebc   0x08001ebc   0x00000094   Code   RO          794    .text.vTaskStartScheduler  tasks.o
    0x08001f50   0x08001f50   0x00000010   Code   RO          768    .text.vTaskSuspendAll  tasks.o
    0x08001f60   0x08001f60   0x000000a4   Code   RO          786    .text.vTaskSwitchContext  tasks.o
    0x08002004   0x08002004   0x00000030   Code   RO          143    .text.vTask_Motore  mot.o
    0x08002034   0x08002034   0x0000000a   Code   RO          197    .text.vTask_SensUltrasuoni  ultrasuoni.o
    0x0800203e   0x0800203e   0x00000002   PAD
    0x08002040   0x08002040   0x0000001c   Code   RO          526    .text.xEventGroupCreate  event_groups.o
    0x0800205c   0x0800205c   0x00000072   Code   RO          530    .text.xEventGroupSetBits  event_groups.o
    0x080020ce   0x080020ce   0x00000002   PAD
    0x080020d0   0x080020d0   0x000000b0   Code   RO          532    .text.xEventGroupWaitBits  event_groups.o
    0x08002180   0x08002180   0x0000004a   Code   RO          985    .text.xPortStartScheduler  port.o
    0x080021ca   0x080021ca   0x00000002   PAD
    0x080021cc   0x080021cc   0x0000002e   Code   RO         1001    .text.xPortSysTickHandler  port.o
    0x080021fa   0x080021fa   0x00000002   PAD
    0x080021fc   0x080021fc   0x00000016   Code   RO          620    .text.xQueueCreateMutex  queue.o
    0x08002212   0x08002212   0x00000002   PAD
    0x08002214   0x08002214   0x00000022   Code   RO          624    .text.xQueueCreateMutexStatic  queue.o
    0x08002236   0x08002236   0x00000002   PAD
    0x08002238   0x08002238   0x00000052   Code   RO          618    .text.xQueueGenericCreate  queue.o
    0x0800228a   0x0800228a   0x00000002   PAD
    0x0800228c   0x0800228c   0x0000003a   Code   RO          614    .text.xQueueGenericCreateStatic  queue.o
    0x080022c6   0x080022c6   0x00000002   PAD
    0x080022c8   0x080022c8   0x00000080   Code   RO          612    .text.xQueueGenericReset  queue.o
    0x08002348   0x08002348   0x0000013c   Code   RO          632    .text.xQueueGenericSend  queue.o
    0x08002484   0x08002484   0x00000132   Code   RO          652    .text.xQueueReceive  queue.o
    0x080025b6   0x080025b6   0x00000002   PAD
    0x080025b8   0x080025b8   0x00000168   Code   RO          636    .text.xQueueSemaphoreTake  queue.o
    0x08002720   0x08002720   0x00000060   Code   RO          830    .text.xTaskCheckForTimeOut  tasks.o
    0x08002780   0x08002780   0x00000066   Code   RO          758    .text.xTaskCreate   tasks.o
    0x080027e6   0x080027e6   0x00000002   PAD
    0x080027e8   0x080027e8   0x0000003e   Code   RO          752    .text.xTaskCreateStatic  tasks.o
    0x08002826   0x08002826   0x00000002   PAD
    0x08002828   0x08002828   0x00000026   Code   RO          846    .text.xTaskGetSchedulerState  tasks.o
    0x0800284e   0x0800284e   0x00000002   PAD
    0x08002850   0x08002850   0x0000000c   Code   RO          802    .text.xTaskGetTickCount  tasks.o
    0x0800285c   0x0800285c   0x00000194   Code   RO          800    .text.xTaskIncrementTick  tasks.o
    0x080029f0   0x080029f0   0x00000070   Code   RO          850    .text.xTaskPriorityDisinherit  tasks.o
    0x08002a60   0x08002a60   0x000000a6   Code   RO          848    .text.xTaskPriorityInherit  tasks.o
    0x08002b06   0x08002b06   0x00000002   PAD
    0x08002b08   0x08002b08   0x000000d8   Code   RO          822    .text.xTaskRemoveFromEventList  tasks.o
    0x08002be0   0x08002be0   0x0000015a   Code   RO          772    .text.xTaskResumeAll  tasks.o
    0x08002d3a   0x08002d3a   0x00000002   PAD
    0x08002d3c   0x08002d3c   0x00000068   Code   RO          906    .text.xTimerCreateTimerTask  timers.o
    0x08002da4   0x08002da4   0x0000001a   Code   RO         1110    x$fpl$fpinit        fz_wm.l(fpinit.o)
    0x08002dbe   0x08002dbe   0x00000010   Data   RO          511    .rodata.AHBPrescTable  system_stm32l4xx.o
    0x08002dce   0x08002dce   0x00000002   PAD
    0x08002dd0   0x08002dd0   0x00000030   Data   RO          513    .rodata.MSIRangeTable  system_stm32l4xx.o
    0x08002e00   0x08002e00   0x00000004   Data   RO          877    .rodata.uxTopUsedPriority  tasks.o
    0x08002e04   0x08002e04   0x00000020   Data   RO         1185    Region$$Table       anon$$obj.o


    Execution Region ER_RW (Exec base: 0x20000000, Load base: 0x08002e24, Size: 0x00000008, Max: 0xffffffff, ABSOLUTE)

    Exec Addr    Load Addr    Size         Type   Attr      Idx    E Section Name        Object

    0x20000000   0x08002e24   0x00000004   Data   RW          510    .data.SystemCoreClock  system_stm32l4xx.o
    0x20000004   0x08002e28   0x00000004   Data   RW         1003    .data.uxCriticalNesting  port.o


    Execution Region ER_ZI (Exec base: 0x20000008, Load base: 0x08002e2c, Size: 0x00003200, Max: 0xffffffff, ABSOLUTE)

    Exec Addr    Load Addr    Size         Type   Attr      Idx    E Section Name        Object

    0x20000008        -       0x00000060   Zero   RW         1052    .bss                c_w.l(libspace.o)
    0x20000068        -       0x00000190   Zero   RW          281    .bss.clib_mutex_cb  clib_arm.o
    0x200001f8        -       0x00000014   Zero   RW          280    .bss.clib_mutex_id  clib_arm.o
    0x2000020c        -       0x00000050   Zero   RW          970    .bss.prvCheckForValidListAndQueue.ucStaticTimerQueueStorage  timers.o
    0x2000025c        -       0x00000050   Zero   RW          969    .bss.prvCheckForValidListAndQueue.xStaticTimerQueue  timers.o
    0x200002ac        -       0x00000004   Zero   RW          966    .bss.prvSampleTimeNow.xLastTime  timers.o
    0x200002b0        -       0x00000004   Zero   RW          876    .bss.pxCurrentTCB   tasks.o
    0x200002b4        -       0x00000004   Zero   RW          964    .bss.pxCurrentTimerList  timers.o
    0x200002b8        -       0x00000004   Zero   RW          884    .bss.pxDelayedTaskList  tasks.o
    0x200002bc        -       0x00000004   Zero   RW          596    .bss.pxEnd          heap_4.o
    0x200002c0        -       0x00000004   Zero   RW          885    .bss.pxOverflowDelayedTaskList  tasks.o
    0x200002c4        -       0x00000004   Zero   RW          965    .bss.pxOverflowTimerList  timers.o
    0x200002c8        -       0x00000460   Zero   RW          887    .bss.pxReadyTasksLists  tasks.o
    0x20000728        -       0x00002000   Zero   RW          603    .bss.ucHeap         heap_4.o
    0x20002728        -       0x00000004   Zero   RW          881    .bss.uxCurrentNumberOfTasks  tasks.o
    0x2000272c        -       0x00000004   Zero   RW          880    .bss.uxDeletedTasksWaitingCleanUp  tasks.o
    0x20002730        -       0x00000004   Zero   RW          889    .bss.uxSchedulerSuspended  tasks.o
    0x20002734        -       0x00000004   Zero   RW          878    .bss.uxTaskNumber   tasks.o
    0x20002738        -       0x00000004   Zero   RW          888    .bss.uxTopReadyPriority  tasks.o
    0x2000273c        -       0x00000200   Zero   RW          457    .bss.vApplicationGetIdleTaskMemory.Idle_Stack  cmsis_os2.o
    0x2000293c        -       0x0000005c   Zero   RW          456    .bss.vApplicationGetIdleTaskMemory.Idle_TCB  cmsis_os2.o
    0x20002998        -       0x00000140   Zero   RW          459    .bss.vApplicationGetTimerTaskMemory.Timer_Stack  cmsis_os2.o
    0x20002ad8        -       0x0000005c   Zero   RW          458    .bss.vApplicationGetTimerTaskMemory.Timer_TCB  cmsis_os2.o
    0x20002b34        -       0x00000014   Zero   RW          967    .bss.xActiveTimerList1  timers.o
    0x20002b48        -       0x00000014   Zero   RW          968    .bss.xActiveTimerList2  timers.o
    0x20002b5c        -       0x00000001   Zero   RW          597    .bss.xBlockAllocatedBit  heap_4.o
    0x20002b5d   0x08002e2c   0x00000003   PAD
    0x20002b60        -       0x00000014   Zero   RW          896    .bss.xDelayedTaskList1  tasks.o
    0x20002b74        -       0x00000014   Zero   RW          897    .bss.xDelayedTaskList2  tasks.o
    0x20002b88        -       0x00000004   Zero   RW            4    .bss.xEventGroupRullo  main.o
    0x20002b8c        -       0x00000004   Zero   RW          598    .bss.xFreeBytesRemaining  heap_4.o
    0x20002b90        -       0x00000004   Zero   RW          892    .bss.xIdleTaskHandle  tasks.o
    0x20002b94        -       0x00000004   Zero   RW          600    .bss.xMinimumEverFreeBytesRemaining  heap_4.o
    0x20002b98        -       0x00000004   Zero   RW          893    .bss.xNextTaskUnblockTime  tasks.o
    0x20002b9c        -       0x00000004   Zero   RW          895    .bss.xNumOfOverflows  tasks.o
    0x20002ba0        -       0x00000004   Zero   RW          601    .bss.xNumberOfSuccessfulAllocations  heap_4.o
    0x20002ba4        -       0x00000004   Zero   RW          602    .bss.xNumberOfSuccessfulFrees  heap_4.o
    0x20002ba8        -       0x00000004   Zero   RW          894    .bss.xPendedTicks   tasks.o
    0x20002bac        -       0x00000014   Zero   RW          891    .bss.xPendingReadyList  tasks.o
    0x20002bc0        -       0x00000004   Zero   RW          882    .bss.xSchedulerRunning  tasks.o
    0x20002bc4        -       0x00000008   Zero   RW          599    .bss.xStart         heap_4.o
    0x20002bcc        -       0x00000014   Zero   RW          886    .bss.xSuspendedTaskList  tasks.o
    0x20002be0        -       0x00000014   Zero   RW          879    .bss.xTasksWaitingTermination  tasks.o
    0x20002bf4        -       0x00000004   Zero   RW          883    .bss.xTickCount     tasks.o
    0x20002bf8        -       0x00000004   Zero   RW          962    .bss.xTimerQueue    timers.o
    0x20002bfc        -       0x00000004   Zero   RW          963    .bss.xTimerTaskHandle  timers.o
    0x20002c00        -       0x00000004   Zero   RW          890    .bss.xYieldPending  tasks.o
    0x20002c04   0x08002e2c   0x00000004   PAD
    0x20002c08        -       0x00000200   Zero   RW          497    HEAP                startup_stm32l476xx.o
    0x20002e08        -       0x00000400   Zero   RW          496    STACK               startup_stm32l476xx.o


==============================================================================

Image component sizes


      Code (inc. data)   RO Data    RW Data    ZI Data      Debug   Object Name

       164          0          0          0          0       4906   arduino.o
       126         24          0          0          0       2433   buzzer.o
       202          0          0          0        420       3374   clib_arm.o
        80          0          0          0       1016      41133   cmsis_os2.o
       342          0          0          0          0       8211   event_groups.o
       584          0          0          0       8221       4481   heap_4.o
       164         24          0          0          0       2710   infrarossi.o
       168          0          0          0          0       5764   led.o
       122          0          0          0          0       2278   list.o
        58          0          0          0          4        617   main.o
       484         64          0          0          0       4905   mot.o
       532         16          0          4          0       2904   port.o
       324          0          0          0          0       5835   puls.o
      1798          0          0          0          0      18583   queue.o
        64         26        392          0       1536        908   startup_stm32l476xx.o
       242          0          0          0          0       2476   sysclock.o
       258          4         64          4          0       3084   system_stm32l4xx.o
      3350          8          4          0       1280      29731   tasks.o
       920         18          0          0        220      13205   timers.o
       538         28          0          0          0       6222   ultrasuoni.o

    ----------------------------------------------------------------------
     10668        212        494          8      12704     163760   Object Totals
         0          0         32          0          0          0   (incl. Generated)
       148          0          2          0          7          0   (incl. Padding)

    ----------------------------------------------------------------------

      Code (inc. data)   RO Data    RW Data    ZI Data      Debug   Library Member Name

         8          0          0          0          0         68   __main.o
         0          0          0          0          0          0   __rtentry.o
        20          0          0          0          0          0   __rtentry2.o
         6          0          0          0          0          0   __rtentry4.o
        52          8          0          0          0          0   __scatter.o
        26          0          0          0          0          0   __scatter_copy.o
        28          0          0          0          0          0   __scatter_zi.o
        16          0          0          0          0         68   aeabi_memset4.o
        18          0          0          0          0         80   exit.o
         6          0          0          0          0        152   heapauxi.o
         0          0          0          0          0          0   indicate_semi.o
         2          0          0          0          0          0   libinit.o
         6          0          0          0          0          0   libinit2.o
         2          0          0          0          0          0   libshutdown.o
         2          0          0          0          0          0   libshutdown2.o
         8          4          0          0         96         68   libspace.o
        78          0          0          0          0         80   rt_memclr_w.o
       138          0          0          0          0         68   rt_memcpy_v6.o
       100          0          0          0          0         80   rt_memcpy_w.o
         2          0          0          0          0          0   rtexit.o
        10          0          0          0          0          0   rtexit2.o
        12          4          0          0          0         68   sys_exit.o
        74          0          0          0          0         80   sys_stackheap_outer.o
         2          0          0          0          0         68   use_no_semi.o
        26          0          0          0          0        116   fpinit.o

    ----------------------------------------------------------------------
       650         16          0          0         96        996   Library Totals
         8          0          0          0          0          0   (incl. Padding)

    ----------------------------------------------------------------------

      Code (inc. data)   RO Data    RW Data    ZI Data      Debug   Library Name

       616         16          0          0         96        880   c_w.l
        26          0          0          0          0        116   fz_wm.l

    ----------------------------------------------------------------------
       650         16          0          0         96        996   Library Totals

    ----------------------------------------------------------------------

==============================================================================


      Code (inc. data)   RO Data    RW Data    ZI Data      Debug   

     11318        228        494          8      12800     164032   Grand Totals
     11318        228        494          8      12800     164032   ELF Image Totals
     11318        228        494          8          0          0   ROM Totals

==============================================================================

    Total RO  Size (Code + RO Data)                11812 (  11.54kB)
    Total RW  Size (RW Data + ZI Data)             12808 (  12.51kB)
    Total ROM Size (Code + RO Data + RW Data)      11820 (  11.54kB)

==============================================================================

