Component: ARM Compiler 5.06 update 7 (build 960) Tool: armlink [4d3601]

==============================================================================

Section Cross References

    main.o(i.main) refers to sysclock.o(i.pllInit) for pllInit
    main.o(i.main) refers to puls.o(i.SwInit) for SwInit
    main.o(i.main) refers to led.o(i.LedInit) for LedInit
    main.o(i.main) refers to mot.o(i.motInit) for motInit
    main.o(i.main) refers to tasks.o(i.vTaskStartScheduler) for vTaskStartScheduler
    puls.o(i.LedVerdeSwTask) refers to led.o(i.LedVerdeToggle) for LedVerdeToggle
    puls.o(i.LedVerdeSwTask) refers to tasks.o(i.vTaskDelay) for vTaskDelay
    puls.o(i.LedVerdeSwTask) refers to puls.o(.data) for click
    puls.o(i.SwCenterPress) refers to arduino.o(i.digitalRead) for digitalRead
    puls.o(i.SwDownLPress) refers to puls.o(i.SwDownPress) for SwDownPress
    puls.o(i.SwDownLPress) refers to tasks.o(i.vTaskDelay) for vTaskDelay
    puls.o(i.SwDownPress) refers to arduino.o(i.digitalRead) for digitalRead
    puls.o(i.SwInit) refers to puls.o(i.SwCenterInit) for SwCenterInit
    puls.o(i.SwInit) refers to puls.o(i.SwLeftInit) for SwLeftInit
    puls.o(i.SwInit) refers to puls.o(i.SwRightInit) for SwRightInit
    puls.o(i.SwInit) refers to puls.o(i.SwUpInit) for SwUpInit
    puls.o(i.SwInit) refers to puls.o(i.SwDownInit) for SwDownInit
    puls.o(i.SwLeftClick) refers to arduino.o(i.digitalRead) for digitalRead
    puls.o(i.SwLeftClickOld) refers to arduino.o(i.digitalRead) for digitalRead
    puls.o(i.SwLeftClickOld) refers to puls.o(.data) for valSw
    puls.o(i.SwLeftClickTask) refers to arduino.o(i.digitalRead) for digitalRead
    puls.o(i.SwLeftClickTask) refers to puls.o(.data) for click
    puls.o(i.SwLeftPress) refers to arduino.o(i.digitalRead) for digitalRead
    puls.o(i.SwRight2Click) refers to puls.o(i.SwRightClick) for SwRightClick
    puls.o(i.SwRightClick) refers to arduino.o(i.digitalRead) for digitalRead
    puls.o(i.SwRightClickOld) refers to arduino.o(i.digitalRead) for digitalRead
    puls.o(i.SwRightClickOld) refers to puls.o(.data) for valSw
    puls.o(i.SwRightPress) refers to arduino.o(i.digitalRead) for digitalRead
    puls.o(i.SwTest) refers to puls.o(i.SwUpPress) for SwUpPress
    puls.o(i.SwTest) refers to led.o(i.LedRossoOn) for LedRossoOn
    puls.o(i.SwTest) refers to puls.o(i.SwDownPress) for SwDownPress
    puls.o(i.SwTest) refers to led.o(i.LedRossoOff) for LedRossoOff
    puls.o(i.SwTest) refers to puls.o(i.SwLeftPress) for SwLeftPress
    puls.o(i.SwTest) refers to led.o(i.LedVerdeOn) for LedVerdeOn
    puls.o(i.SwTest) refers to puls.o(i.SwRightPress) for SwRightPress
    puls.o(i.SwTest) refers to led.o(i.LedVerdeOff) for LedVerdeOff
    puls.o(i.SwTest) refers to puls.o(i.SwCenterPress) for SwCenterPress
    puls.o(i.SwTest) refers to led.o(i.LedRossoToggle) for LedRossoToggle
    puls.o(i.SwTest) refers to led.o(i.LedVerdeToggle) for LedVerdeToggle
    puls.o(i.SwUpPress) refers to arduino.o(i.digitalRead) for digitalRead
    puls.o(i.TestPressSw) refers to puls.o(i.SwUpPress) for SwUpPress
    puls.o(i.TestPressSw) refers to led.o(i.LedRossoOn) for LedRossoOn
    puls.o(i.TestPressSw) refers to puls.o(i.SwDownLPress) for SwDownLPress
    puls.o(i.TestPressSw) refers to led.o(i.LedRossoOff) for LedRossoOff
    puls.o(i.TestPressSw) refers to puls.o(i.SwLeftClick) for SwLeftClick
    puls.o(i.TestPressSw) refers to led.o(i.LedVerdeOn) for LedVerdeOn
    puls.o(i.TestPressSw) refers to puls.o(i.SwRight2Click) for SwRight2Click
    puls.o(i.TestPressSw) refers to led.o(i.LedVerdeOff) for LedVerdeOff
    timer.o(i.TIM1_CH1N_PWM) refers to system_stm32l4xx.o(.data) for SystemCoreClock
    timer.o(i.TIM1_CH3_PWM) refers to system_stm32l4xx.o(.data) for SystemCoreClock
    timer.o(i.TIM4_CH1_InCapt) refers to timer.o(i.__NVIC_SetPriority) for __NVIC_SetPriority
    timer.o(i.TIM4_CH1_InCapt) refers to timer.o(i.__NVIC_EnableIRQ) for __NVIC_EnableIRQ
    timer.o(i.TIM4_CH1_InCapt) refers to system_stm32l4xx.o(.data) for SystemCoreClock
    timer.o(i.TIM4_CH1_InCapt_SM) refers to timer.o(i.__NVIC_SetPriority) for __NVIC_SetPriority
    timer.o(i.TIM4_CH1_InCapt_SM) refers to timer.o(i.__NVIC_EnableIRQ) for __NVIC_EnableIRQ
    timer.o(i.TIM4_CH1_InCapt_SM) refers to system_stm32l4xx.o(.data) for SystemCoreClock
    timer.o(i.TIM4_CH2_PWM) refers to system_stm32l4xx.o(.data) for SystemCoreClock
    led.o(i.LedBlink) refers to tasks.o(i.vTaskDelay) for vTaskDelay
    led.o(i.LedBlink) refers to led.o(i.LedRossoToggle) for LedRossoToggle
    led.o(i.LedInit) refers to led.o(i.LedRossoInit) for LedRossoInit
    led.o(i.LedInit) refers to led.o(i.LedVerdeInit) for LedVerdeInit
    led.o(i.LedRossoBlink) refers to tasks.o(i.vTaskDelay) for vTaskDelay
    led.o(i.LedRossoBlink) refers to led.o(i.LedRossoToggle) for LedRossoToggle
    led.o(i.LedRossoBlinkTask) refers to led.o(i.LedRossoToggle) for LedRossoToggle
[...]
    ../clib/armsys.c                         0x00000000   Number         0  no_argv.o ABSOLUTE
    ../clib/armsys.c                         0x00000000   Number         0  argv_veneer.o ABSOLUTE
    ../clib/armsys.c                         0x00000000   Number         0  argv_veneer.o ABSOLUTE
    ../clib/heapalloc.c                      0x00000000   Number         0  hrguard.o ABSOLUTE
    ../clib/heapaux.c                        0x00000000   Number         0  heapauxi.o ABSOLUTE
    ../clib/libinit.s                        0x00000000   Number         0  libshutdown.o ABSOLUTE
    ../clib/libinit.s                        0x00000000   Number         0  libinit.o ABSOLUTE
    ../clib/libinit.s                        0x00000000   Number         0  libinit2.o ABSOLUTE
    ../clib/libinit.s                        0x00000000   Number         0  libshutdown2.o ABSOLUTE
    ../clib/memcpset.s                       0x00000000   Number         0  rt_memcpy_v6.o ABSOLUTE
    ../clib/memcpset.s                       0x00000000   Number         0  rt_memcpy_w.o ABSOLUTE
    ../clib/memcpset.s                       0x00000000   Number         0  rt_memclr.o ABSOLUTE
    ../clib/memcpset.s                       0x00000000   Number         0  rt_memclr_w.o ABSOLUTE
    ../clib/memcpset.s                       0x00000000   Number         0  aeabi_memset.o ABSOLUTE
    ../clib/signal.c                         0x00000000   Number         0  defsig_rtmem_formal.o ABSOLUTE
    ../clib/signal.c                         0x00000000   Number         0  defsig_abrt_inner.o ABSOLUTE
    ../clib/signal.c                         0x00000000   Number         0  defsig_fpe_inner.o ABSOLUTE
    ../clib/signal.c                         0x00000000   Number         0  defsig_rtred_inner.o ABSOLUTE
    ../clib/signal.c                         0x00000000   Number         0  defsig_stak_inner.o ABSOLUTE
    ../clib/signal.c                         0x00000000   Number         0  defsig_pvfn_inner.o ABSOLUTE
    ../clib/signal.c                         0x00000000   Number         0  defsig_cppl_inner.o ABSOLUTE
    ../clib/signal.c                         0x00000000   Number         0  defsig_segv_inner.o ABSOLUTE
    ../clib/signal.c                         0x00000000   Number         0  defsig_other.o ABSOLUTE
    ../clib/signal.c                         0x00000000   Number         0  defsig_rtmem_outer.o ABSOLUTE
    ../clib/signal.c                         0x00000000   Number         0  defsig_exit.o ABSOLUTE
    ../clib/signal.c                         0x00000000   Number         0  defsig_rtmem_inner.o ABSOLUTE
    ../clib/signal.c                         0x00000000   Number         0  __raise.o ABSOLUTE
    ../clib/signal.c                         0x00000000   Number         0  defsig_general.o ABSOLUTE
    ../clib/signal.s                         0x00000000   Number         0  defsig.o ABSOLUTE
    ../clib/stdlib.c                         0x00000000   Number         0  exit.o ABSOLUTE
    ../fplib/fpinit.s                        0x00000000   Number         0  fpinit.o ABSOLUTE
    ..\Arduino.c                             0x00000000   Number         0  arduino.o ABSOLUTE
    ..\Led.c                                 0x00000000   Number         0  led.o ABSOLUTE
    ..\Mot.c                                 0x00000000   Number         0  mot.o ABSOLUTE
    ..\Puls.c                                0x00000000   Number         0  puls.o ABSOLUTE
    ..\SysClock.c                            0x00000000   Number         0  sysclock.o ABSOLUTE
    ..\\Arduino.c                            0x00000000   Number         0  arduino.o ABSOLUTE
    ..\\Led.c                                0x00000000   Number         0  led.o ABSOLUTE
    ..\\Mot.c                                0x00000000   Number         0  mot.o ABSOLUTE
    ..\\Puls.c                               0x00000000   Number         0  puls.o ABSOLUTE
    ..\\SysClock.c                           0x00000000   Number         0  sysclock.o ABSOLUTE
    ..\\main.c                               0x00000000   Number         0  main.o ABSOLUTE
    ..\\timer.c                              0x00000000   Number         0  timer.o ABSOLUTE
    ..\main.c                                0x00000000   Number         0  main.o ABSOLUTE
    ..\timer.c                               0x00000000   Number         0  timer.o ABSOLUTE
    C:\Keil_v5\ARM\PACK\ARM\CMSIS-FreeRTOS\10.4.6\CMSIS\RTOS2\FreeRTOS\Source\ARM\clib_arm.c 0x00000000   Number         0  clib_arm.o ABSOLUTE
    C:\Keil_v5\ARM\PACK\ARM\CMSIS-FreeRTOS\10.4.6\CMSIS\RTOS2\FreeRTOS\Source\cmsis_os2.c 0x00000000   Number         0  cmsis_os2.o ABSOLUTE
    C:\Keil_v5\ARM\PACK\ARM\CMSIS-FreeRTOS\10.4.6\CMSIS\RTOS2\FreeRTOS\Source\freertos_evr.c 0x00000000   Number         0  freertos_evr.o ABSOLUTE
    C:\Keil_v5\ARM\PACK\ARM\CMSIS-FreeRTOS\10.4.6\CMSIS\RTOS2\FreeRTOS\Source\os_systick.c 0x00000000   Number         0  os_systick.o ABSOLUTE
    C:\Keil_v5\ARM\PACK\ARM\CMSIS-FreeRTOS\10.4.6\Source\croutine.c 0x00000000   Number         0  croutine.o ABSOLUTE
    C:\Keil_v5\ARM\PACK\ARM\CMSIS-FreeRTOS\10.4.6\Source\event_groups.c 0x00000000   Number         0  event_groups.o ABSOLUTE
    C:\Keil_v5\ARM\PACK\ARM\CMSIS-FreeRTOS\10.4.6\Source\list.c 0x00000000   Number         0  list.o ABSOLUTE
    C:\Keil_v5\ARM\PACK\ARM\CMSIS-FreeRTOS\10.4.6\Source\portable\MemMang\heap_4.c 0x00000000   Number         0  heap_4.o ABSOLUTE
    C:\Keil_v5\ARM\PACK\ARM\CMSIS-FreeRTOS\10.4.6\Source\portable\RVDS\ARM_CM4F\port.c 0x00000000   Number         0  port.o ABSOLUTE
    C:\Keil_v5\ARM\PACK\ARM\CMSIS-FreeRTOS\10.4.6\Source\queue.c 0x00000000   Number         0  queue.o ABSOLUTE
    C:\Keil_v5\ARM\PACK\ARM\CMSIS-FreeRTOS\10.4.6\Source\stream_buffer.c 0x00000000   Number         0  stream_buffer.o ABSOLUTE
    C:\Keil_v5\ARM\PACK\ARM\CMSIS-FreeRTOS\10.4.6\Source\tasks.c 0x00000000   Number         0  tasks.o ABSOLUTE
    C:\Keil_v5\ARM\PACK\ARM\CMSIS-FreeRTOS\10.4.6\Source\timers.c 0x00000000   Number         0  timers.o ABSOLUTE
    C:\\Keil_v5\\ARM\\PACK\\ARM\\CMSIS-FreeRTOS\\10.4.6\\CMSIS\\RTOS2\\FreeRTOS\\Source\\ARM\\clib_arm.c 0x00000000   Number         0  clib_arm.o ABSOLUTE
    C:\\Keil_v5\\ARM\\PACK\\ARM\\CMSIS-FreeRTOS\\10.4.6\\CMSIS\\RTOS2\\FreeRTOS\\Source\\cmsis_os2.c 0x00000000   Number         0  cmsis_os2.o ABSOLUTE
    C:\\Keil_v5\\ARM\\PACK\\ARM\\CMSIS-FreeRTOS\\10.4.6\\CMSIS\\RTOS2\\FreeRTOS\\Source\\freertos_evr.c 0x00000000   Number         0  freertos_evr.o ABSOLUTE
    C:\\Keil_v5\\ARM\\PACK\\ARM\\CMSIS-FreeRTOS\\10.4.6\\CMSIS\\RTOS2\\FreeRTOS\\Source\\os_systick.c 0x00000000   Number         0  os_systick.o ABSOLUTE
    C:\\Keil_v5\\ARM\\PACK\\ARM\\CMSIS-FreeRTOS\\10.4.6\\Source\\croutine.c 0x00000000   Number         0  croutine.o ABSOLUTE
    C:\\Keil_v5\\ARM\\PACK\\ARM\\CMSIS-FreeRTOS\\10.4.6\\Source\\event_groups.c 0x00000000   Number         0  event_groups.o ABSOLUTE
    C:\\Keil_v5\\ARM\\PACK\\ARM\\CMSIS-FreeRTOS\\10.4.6\\Source\\list.c 0x00000000   Number         0  list.o ABSOLUTE
    C:\\Keil_v5\\ARM\\PACK\\ARM\\CMSIS-FreeRTOS\\10.4.6\\Source\\portable\\MemMang\\heap_4.c 0x00000000   Number         0  heap_4.o ABSOLUTE
    C:\\Keil_v5\\ARM\\PACK\\ARM\\CMSIS-FreeRTOS\\10.4.6\\Source\\portable\\RVDS\\ARM_CM4F\\port.c 0x00000000   Number         0  port.o ABSOLUTE
    C:\\Keil_v5\\ARM\\PACK\\ARM\\CMSIS-FreeRTOS\\10.4.6\\Source\\queue.c 0x00000000   Number         0  queue.o ABSOLUTE
    C:\\Keil_v5\\ARM\\PACK\\ARM\\CMSIS-FreeRTOS\\10.4.6\\Source\\stream_buffer.c 0x00000000   Number         0  stream_buffer.o ABSOLUTE
    C:\\Keil_v5\\ARM\\PACK\\ARM\\CMSIS-FreeRTOS\\10.4.6\\Source\\tasks.c 0x00000000   Number         0  tasks.o ABSOLUTE
    C:\\Keil_v5\\ARM\\PACK\\ARM\\CMSIS-FreeRTOS\\10.4.6\\Source\\timers.c 0x00000000   Number         0  timers.o ABSOLUTE
    RTE\Device\STM32L476VGTx\startup_stm32l476xx.s 0x00000000   Number         0  startup_stm32l476xx.o ABSOLUTE
    RTE\Device\STM32L476VGTx\system_stm32l4xx.c 0x00000000   Number         0  system_stm32l4xx.o ABSOLUTE
    RTE\\Device\\STM32L476VGTx\\system_stm32l4xx.c 0x00000000   Number         0  system_stm32l4xx.o ABSOLUTE
    dc.s                                     0x00000000   Number         0  dc.o ABSOLUTE
    RESET                                    0x08000000   Section      392  startup_stm32l476xx.o(RESET)
    !!!main                                  0x08000188   Section        8  __main.o(!!!main)
    !!!scatter                               0x08000190   Section       52  __scatter.o(!!!scatter)
    !!handler_copy                           0x080001c4   Section       26  __scatter_copy.o(!!handler_copy)
    !!handler_zi                             0x080001e0   Section       28  __scatter_zi.o(!!handler_zi)
    .ARM.Collect$$libinit$$00000000          0x080001fc   Section        2  libinit.o(.ARM.Collect$$libinit$$00000000)
    .ARM.Collect$$libinit$$00000001          0x080001fe   Section        4  libinit2.o(.ARM.Collect$$libinit$$00000001)
    .ARM.Collect$$libinit$$00000004          0x08000202   Section        0  libinit2.o(.ARM.Collect$$libinit$$00000004)
    .ARM.Collect$$libinit$$0000000A          0x08000202   Section        0  libinit2.o(.ARM.Collect$$libinit$$0000000A)
    .ARM.Collect$$libinit$$0000000C          0x08000202   Section        0  libinit2.o(.ARM.Collect$$libinit$$0000000C)
    .ARM.Collect$$libinit$$0000000E          0x08000202   Section        0  libinit2.o(.ARM.Collect$$libinit$$0000000E)
    .ARM.Collect$$libinit$$00000011          0x08000202   Section        0  libinit2.o(.ARM.Collect$$libinit$$00000011)
    .ARM.Collect$$libinit$$00000013          0x08000202   Section        0  libinit2.o(.ARM.Collect$$libinit$$00000013)
    .ARM.Collect$$libinit$$00000015          0x08000202   Section        0  libinit2.o(.ARM.Collect$$libinit$$00000015)
    .ARM.Collect$$libinit$$00000017          0x08000202   Section        0  libinit2.o(.ARM.Collect$$libinit$$00000017)
    .ARM.Collect$$libinit$$00000019          0x08000202   Section        0  libinit2.o(.ARM.Collect$$libinit$$00000019)
    .ARM.Collect$$libinit$$0000001B          0x08000202   Section        0  libinit2.o(.ARM.Collect$$libinit$$0000001B)
    .ARM.Collect$$libinit$$0000001D          0x08000202   Section        0  libinit2.o(.ARM.Collect$$libinit$$0000001D)
    .ARM.Collect$$libinit$$0000001F          0x08000202   Section        0  libinit2.o(.ARM.Collect$$libinit$$0000001F)
    .ARM.Collect$$libinit$$00000021          0x08000202   Section        0  libinit2.o(.ARM.Collect$$libinit$$00000021)
    .ARM.Collect$$libinit$$00000023          0x08000202   Section        0  libinit2.o(.ARM.Collect$$libinit$$00000023)
    .ARM.Collect$$libinit$$00000025          0x08000202   Section        0  libinit2.o(.ARM.Collect$$libinit$$00000025)
    .ARM.Collect$$libinit$$0000002C          0x08000202   Section        0  libinit2.o(.ARM.Collect$$libinit$$0000002C)
    .ARM.Collect$$libinit$$0000002E          0x08000202   Section        0  libinit2.o(.ARM.Collect$$libinit$$0000002E)
    .ARM.Collect$$libinit$$00000030          0x08000202   Section        0  libinit2.o(.ARM.Collect$$libinit$$00000030)
    .ARM.Collect$$libinit$$00000032          0x08000202   Section        0  libinit2.o(.ARM.Collect$$libinit$$00000032)
    .ARM.Collect$$libinit$$00000033          0x08000202   Section        2  libinit2.o(.ARM.Collect$$libinit$$00000033)
    .ARM.Collect$$libshutdown$$00000000      0x08000204   Section        2  libshutdown.o(.ARM.Collect$$libshutdown$$00000000)
    .ARM.Collect$$libshutdown$$00000002      0x08000206   Section        0  libshutdown2.o(.ARM.Collect$$libshutdown$$00000002)
    .ARM.Collect$$libshutdown$$00000004      0x08000206   Section        0  libshutdown2.o(.ARM.Collect$$libshutdown$$00000004)
    .ARM.Collect$$libshutdown$$00000006      0x08000206   Section        0  libshutdown2.o(.ARM.Collect$$libshutdown$$00000006)
    .ARM.Collect$$libshutdown$$00000009      0x08000206   Section        0  libshutdown2.o(.ARM.Collect$$libshutdown$$00000009)
    .ARM.Collect$$libshutdown$$0000000C      0x08000206   Section        0  libshutdown2.o(.ARM.Collect$$libshutdown$$0000000C)
    .ARM.Collect$$libshutdown$$0000000E      0x08000206   Section        0  libshutdown2.o(.ARM.Collect$$libshutdown$$0000000E)
    .ARM.Collect$$libshutdown$$00000011      0x08000206   Section        0  libshutdown2.o(.ARM.Collect$$libshutdown$$00000011)
    .ARM.Collect$$libshutdown$$00000012      0x08000206   Section        2  libshutdown2.o(.ARM.Collect$$libshutdown$$00000012)
    .ARM.Collect$$rtentry$$00000000          0x08000208   Section        0  __rtentry.o(.ARM.Collect$$rtentry$$00000000)
    .ARM.Collect$$rtentry$$00000002          0x08000208   Section        0  __rtentry2.o(.ARM.Collect$$rtentry$$00000002)
    .ARM.Collect$$rtentry$$00000004          0x08000208   Section        6  __rtentry4.o(.ARM.Collect$$rtentry$$00000004)
    .ARM.Collect$$rtentry$$00000008          0x0800020e   Section        8  __rtentry2.o(.ARM.Collect$$rtentry$$00000008)
    .ARM.Collect$$rtentry$$0000000A          0x08000216   Section        4  __rtentry2.o(.ARM.Collect$$rtentry$$0000000A)
    .ARM.Collect$$rtentry$$0000000C          0x0800021a   Section        0  __rtentry2.o(.ARM.Collect$$rtentry$$0000000C)
    .ARM.Collect$$rtentry$$0000000D          0x0800021a   Section        8  __rtentry2.o(.ARM.Collect$$rtentry$$0000000D)
    .ARM.Collect$$rtexit$$00000000           0x08000222   Section        2  rtexit.o(.ARM.Collect$$rtexit$$00000000)
    .ARM.Collect$$rtexit$$00000002           0x08000224   Section        0  rtexit2.o(.ARM.Collect$$rtexit$$00000002)
    .ARM.Collect$$rtexit$$00000003           0x08000224   Section        4  rtexit2.o(.ARM.Collect$$rtexit$$00000003)
    .ARM.Collect$$rtexit$$00000004           0x08000228   Section        6  rtexit2.o(.ARM.Collect$$rtexit$$00000004)
    .emb_text                                0x08000230   Section      190  port.o(.emb_text)
    $v0                                      0x08000230   Number         0  port.o(.emb_text)
    .text                                    0x08000310   Section       64  startup_stm32l476xx.o(.text)
    $v0                                      0x08000310   Number         0  startup_stm32l476xx.o(.text)
    .text                                    0x08000350   Section      138  rt_memcpy_v6.o(.text)
    .text                                    0x080003da   Section       16  aeabi_memset.o(.text)
    .text                                    0x080003ea   Section       78  rt_memclr_w.o(.text)
    .text                                    0x08000438   Section        0  heapauxi.o(.text)
    .text                                    0x0800043e   Section      100  rt_memcpy_w.o(.text)
    .text                                    0x080004a2   Section       68  rt_memclr.o(.text)
    .text                                    0x080004e6   Section       74  sys_stackheap_outer.o(.text)
    .text                                    0x08000530   Section        0  exit.o(.text)
    .text                                    0x08000544   Section        8  libspace.o(.text)
    .text                                    0x0800054c   Section        0  sys_exit.o(.text)
    .text                                    0x08000558   Section        2  use_no_semi.o(.text)
    .text                                    0x0800055a   Section        0  indicate_semi.o(.text)
    i.LedInit                                0x0800055a   Section        0  led.o(i.LedInit)
    i.LedRossoInit                           0x08000568   Section        0  led.o(i.LedRossoInit)
    i.LedVerdeInit                           0x08000594   Section        0  led.o(i.LedVerdeInit)
    i.SwCenterInit                           0x080005c0   Section        0  puls.o(i.SwCenterInit)
    i.SwDownInit                             0x08000600   Section        0  puls.o(i.SwDownInit)
    i.SwInit                                 0x08000640   Section        0  puls.o(i.SwInit)
    i.SwLeftInit                             0x08000658   Section        0  puls.o(i.SwLeftInit)
    i.SwRightInit                            0x08000698   Section        0  puls.o(i.SwRightInit)
    i.SwUpInit                               0x080006d8   Section        0  puls.o(i.SwUpInit)
    i.SysTick_Handler                        0x08000718   Section        0  cmsis_os2.o(i.SysTick_Handler)
    i.SystemCoreClockUpdate                  0x08000730   Section        0  system_stm32l4xx.o(i.SystemCoreClockUpdate)
    i.SystemInit                             0x08000810   Section        0  system_stm32l4xx.o(i.SystemInit)
    i.TIM1_CH2_Init                          0x08000858   Section        0  mot.o(i.TIM1_CH2_Init)
    i._mutex_acquire                         0x080008f4   Section        0  clib_arm.o(i._mutex_acquire)
    __tagsym$$used                           0x080008f5   Number         0  clib_arm.o(i._mutex_acquire)
    i._mutex_free                            0x0800090c   Section        0  clib_arm.o(i._mutex_free)
    __tagsym$$used                           0x0800090d   Number         0  clib_arm.o(i._mutex_free)
    i._mutex_initialize                      0x08000940   Section        0  clib_arm.o(i._mutex_initialize)
    __tagsym$$used                           0x08000941   Number         0  clib_arm.o(i._mutex_initialize)
    i._mutex_release                         0x080009a0   Section        0  clib_arm.o(i._mutex_release)
    __tagsym$$used                           0x080009a1   Number         0  clib_arm.o(i._mutex_release)
    i._platform_post_stackheap_init          0x080009b8   Section        0  clib_arm.o(i._platform_post_stackheap_init)
    i.digitalRead                            0x080009ba   Section        0  arduino.o(i.digitalRead)
    i.main                                   0x080009e8   Section        0  main.o(i.main)
    i.motInit                                0x08000a08   Section        0  mot.o(i.motInit)
    i.motStart                               0x08000af0   Section        0  mot.o(i.motStart)
    i.motStop                                0x08000b34   Section        0  mot.o(i.motStop)
    i.os_kernel_is_active                    0x08000b6c   Section        0  clib_arm.o(i.os_kernel_is_active)
    os_kernel_is_active                      0x08000b6d   Thumb Code    18  clib_arm.o(i.os_kernel_is_active)
    i.pllInit                                0x08000b80   Section        0  sysclock.o(i.pllInit)
    i.prvAddCurrentTaskToDelayedList         0x08000c90   Section        0  tasks.o(i.prvAddCurrentTaskToDelayedList)
    prvAddCurrentTaskToDelayedList           0x08000c91   Thumb Code   140  tasks.o(i.prvAddCurrentTaskToDelayedList)
    i.prvAddNewTaskToReadyList               0x08000d34   Section        0  tasks.o(i.prvAddNewTaskToReadyList)
    prvAddNewTaskToReadyList                 0x08000d35   Thumb Code   204  tasks.o(i.prvAddNewTaskToReadyList)
    i.prvCheckForValidListAndQueue           0x08000e1c   Section        0  timers.o(i.prvCheckForValidListAndQueue)
    prvCheckForValidListAndQueue             0x08000e1d   Thumb Code    62  timers.o(i.prvCheckForValidListAndQueue)
    i.prvCheckTasksWaitingTermination        0x08000e78   Section        0  tasks.o(i.prvCheckTasksWaitingTermination)
    prvCheckTasksWaitingTermination          0x08000e79   Thumb Code    60  tasks.o(i.prvCheckTasksWaitingTermination)
    i.prvCopyDataFromQueue                   0x08000ec0   Section        0  queue.o(i.prvCopyDataFromQueue)
    prvCopyDataFromQueue                     0x08000ec1   Thumb Code    42  queue.o(i.prvCopyDataFromQueue)
    i.prvCopyDataToQueue                     0x08000eea   Section        0  queue.o(i.prvCopyDataToQueue)
    prvCopyDataToQueue                       0x08000eeb   Thumb Code   126  queue.o(i.prvCopyDataToQueue)
    i.prvDeleteTCB                           0x08000f68   Section        0  tasks.o(i.prvDeleteTCB)
    prvDeleteTCB                             0x08000f69   Thumb Code    40  tasks.o(i.prvDeleteTCB)
    i.prvGetDisinheritPriorityAfterTimeout   0x08000f90   Section        0  queue.o(i.prvGetDisinheritPriorityAfterTimeout)
    prvGetDisinheritPriorityAfterTimeout     0x08000f91   Thumb Code    20  queue.o(i.prvGetDisinheritPriorityAfterTimeout)
    i.prvGetNextExpireTime                   0x08000fa4   Section        0  timers.o(i.prvGetNextExpireTime)
    prvGetNextExpireTime                     0x08000fa5   Thumb Code    36  timers.o(i.prvGetNextExpireTime)
    i.prvHeapInit                            0x08000fcc   Section        0  heap_4.o(i.prvHeapInit)
    prvHeapInit                              0x08000fcd   Thumb Code    98  heap_4.o(i.prvHeapInit)
    i.prvIdleTask                            0x08001048   Section        0  tasks.o(i.prvIdleTask)
    prvIdleTask                              0x08001049   Thumb Code    32  tasks.o(i.prvIdleTask)
    i.prvInitialiseMutex                     0x08001070   Section        0  queue.o(i.prvInitialiseMutex)
    prvInitialiseMutex                       0x08001071   Thumb Code    30  queue.o(i.prvInitialiseMutex)
    i.prvInitialiseNewQueue                  0x0800108e   Section        0  queue.o(i.prvInitialiseNewQueue)
    prvInitialiseNewQueue                    0x0800108f   Thumb Code    42  queue.o(i.prvInitialiseNewQueue)
    i.prvInitialiseNewTask                   0x080010b8   Section        0  tasks.o(i.prvInitialiseNewTask)
    prvInitialiseNewTask                     0x080010b9   Thumb Code   154  tasks.o(i.prvInitialiseNewTask)
    i.prvInitialiseTaskLists                 0x08001158   Section        0  tasks.o(i.prvInitialiseTaskLists)
    prvInitialiseTaskLists                   0x08001159   Thumb Code    70  tasks.o(i.prvInitialiseTaskLists)
    i.prvInsertBlockIntoFreeList             0x080011c0   Section        0  heap_4.o(i.prvInsertBlockIntoFreeList)
    prvInsertBlockIntoFreeList               0x080011c1   Thumb Code    96  heap_4.o(i.prvInsertBlockIntoFreeList)
    i.prvInsertTimerInActiveList             0x08001228   Section        0  timers.o(i.prvInsertTimerInActiveList)
    prvInsertTimerInActiveList               0x08001229   Thumb Code    80  timers.o(i.prvInsertTimerInActiveList)
    i.prvIsQueueEmpty                        0x08001280   Section        0  queue.o(i.prvIsQueueEmpty)
    prvIsQueueEmpty                          0x08001281   Thumb Code    26  queue.o(i.prvIsQueueEmpty)
    i.prvIsQueueFull                         0x0800129a   Section        0  queue.o(i.prvIsQueueFull)
    prvIsQueueFull                           0x0800129b   Thumb Code    30  queue.o(i.prvIsQueueFull)
    i.prvProcessExpiredTimer                 0x080012b8   Section        0  timers.o(i.prvProcessExpiredTimer)
    prvProcessExpiredTimer                   0x080012b9   Thumb Code    62  timers.o(i.prvProcessExpiredTimer)
    i.prvProcessReceivedCommands             0x080012fc   Section        0  timers.o(i.prvProcessReceivedCommands)
    prvProcessReceivedCommands               0x080012fd   Thumb Code   268  timers.o(i.prvProcessReceivedCommands)
    i.prvProcessTimerOrBlockTask             0x0800140c   Section        0  timers.o(i.prvProcessTimerOrBlockTask)
    prvProcessTimerOrBlockTask               0x0800140d   Thumb Code   102  timers.o(i.prvProcessTimerOrBlockTask)
    i.prvReloadTimer                         0x08001480   Section        0  timers.o(i.prvReloadTimer)
    prvReloadTimer                           0x08001481   Thumb Code    40  timers.o(i.prvReloadTimer)
    i.prvResetNextTaskUnblockTime            0x080014a8   Section        0  tasks.o(i.prvResetNextTaskUnblockTime)
    prvResetNextTaskUnblockTime              0x080014a9   Thumb Code    40  tasks.o(i.prvResetNextTaskUnblockTime)
    i.prvSampleTimeNow                       0x080014d8   Section        0  timers.o(i.prvSampleTimeNow)
    prvSampleTimeNow                         0x080014d9   Thumb Code    40  timers.o(i.prvSampleTimeNow)
    i.prvSwitchTimerLists                    0x08001504   Section        0  timers.o(i.prvSwitchTimerLists)
    prvSwitchTimerLists                      0x08001505   Thumb Code    58  timers.o(i.prvSwitchTimerLists)
    i.prvTaskExitError                       0x08001548   Section        0  port.o(i.prvTaskExitError)
    prvTaskExitError                         0x08001549   Thumb Code    22  port.o(i.prvTaskExitError)
    i.prvTestWaitCondition                   0x0800155e   Section        0  event_groups.o(i.prvTestWaitCondition)
    prvTestWaitCondition                     0x0800155f   Thumb Code    30  event_groups.o(i.prvTestWaitCondition)
    i.prvTimerTask                           0x0800157c   Section        0  timers.o(i.prvTimerTask)
    prvTimerTask                             0x0800157d   Thumb Code    26  timers.o(i.prvTimerTask)
    i.prvUnlockQueue                         0x08001596   Section        0  queue.o(i.prvUnlockQueue)
    prvUnlockQueue                           0x08001597   Thumb Code   126  queue.o(i.prvUnlockQueue)
    i.pvPortMalloc                           0x08001614   Section        0  heap_4.o(i.pvPortMalloc)
    i.pvTaskIncrementMutexHeldCount          0x08001710   Section        0  tasks.o(i.pvTaskIncrementMutexHeldCount)
    i.pxPortInitialiseStack                  0x08001730   Section        0  port.o(i.pxPortInitialiseStack)
    i.uxListRemove                           0x0800175c   Section        0  list.o(i.uxListRemove)
    i.uxTaskResetEventItemValue              0x08001784   Section        0  tasks.o(i.uxTaskResetEventItemValue)
    i.vApplicationGetIdleTaskMemory          0x080017a0   Section        0  cmsis_os2.o(i.vApplicationGetIdleTaskMemory)
    i.vApplicationGetTimerTaskMemory         0x080017b8   Section        0  cmsis_os2.o(i.vApplicationGetTimerTaskMemory)
    i.vApplicationStackOverflowHook          0x080017d0   Section        0  cmsis_os2.o(i.vApplicationStackOverflowHook)
    i.vListInitialise                        0x080017d2   Section        0  list.o(i.vListInitialise)
    i.vListInitialiseItem                    0x080017ec   Section        0  list.o(i.vListInitialiseItem)
    i.vListInsert                            0x080017f2   Section        0  list.o(i.vListInsert)
    i.vPortEnterCritical                     0x08001828   Section        0  port.o(i.vPortEnterCritical)
    i.vPortExitCritical                      0x0800184c   Section        0  port.o(i.vPortExitCritical)
    i.vPortFree                              0x0800186c   Section        0  heap_4.o(i.vPortFree)
    i.vPortSetupTimerInterrupt               0x080018c4   Section        0  port.o(i.vPortSetupTimerInterrupt)
    i.vQueueDelete                           0x080018ec   Section        0  queue.o(i.vQueueDelete)
    i.vQueueWaitForMessageRestricted         0x08001900   Section        0  queue.o(i.vQueueWaitForMessageRestricted)
    i.vTaskInternalSetTimeOutState           0x0800194c   Section        0  tasks.o(i.vTaskInternalSetTimeOutState)
    i.vTaskMissedYield                       0x08001964   Section        0  tasks.o(i.vTaskMissedYield)
    i.vTaskMotPA1                            0x08001970   Section        0  mot.o(i.vTaskMotPA1)
    i.vTaskMotPA2                            0x0800199c   Section        0  mot.o(i.vTaskMotPA2)
    i.vTaskPlaceOnEventList                  0x080019c8   Section        0  tasks.o(i.vTaskPlaceOnEventList)
    i.vTaskPlaceOnEventListRestricted        0x080019e8   Section        0  tasks.o(i.vTaskPlaceOnEventListRestricted)
    i.vTaskPlaceOnUnorderedEventList         0x08001a34   Section        0  tasks.o(i.vTaskPlaceOnUnorderedEventList)
    i.vTaskPriorityDisinheritAfterTimeout    0x08001a84   Section        0  tasks.o(i.vTaskPriorityDisinheritAfterTimeout)
    i.vTaskRemoveFromUnorderedEventList      0x08001b44   Section        0  tasks.o(i.vTaskRemoveFromUnorderedEventList)
    i.vTaskStartScheduler                    0x08001c10   Section        0  tasks.o(i.vTaskStartScheduler)
    i.vTaskSuspendAll                        0x08001cac   Section        0  tasks.o(i.vTaskSuspendAll)
    i.vTaskSwitchContext                     0x08001cbc   Section        0  tasks.o(i.vTaskSwitchContext)
    i.vTask_Motore                           0x08001d6c   Section        0  mot.o(i.vTask_Motore)
    i.xEventGroupCreate                      0x08001d90   Section        0  event_groups.o(i.xEventGroupCreate)
    i.xEventGroupSetBits                     0x08001dae   Section        0  event_groups.o(i.xEventGroupSetBits)
    i.xEventGroupWaitBits                    0x08001e48   Section        0  event_groups.o(i.xEventGroupWaitBits)
    i.xPortStartScheduler                    0x08001f1c   Section        0  port.o(i.xPortStartScheduler)
    i.xPortSysTickHandler                    0x08001f64   Section        0  port.o(i.xPortSysTickHandler)
    i.xQueueCreateMutex                      0x08001f98   Section        0  queue.o(i.xQueueCreateMutex)
    i.xQueueCreateMutexStatic                0x08001fba   Section        0  queue.o(i.xQueueCreateMutexStatic)
    i.xQueueGenericCreate                    0x08001fe4   Section        0  queue.o(i.xQueueGenericCreate)
    i.xQueueGenericCreateStatic              0x08002036   Section        0  queue.o(i.xQueueGenericCreateStatic)
    i.xQueueGenericReset                     0x08002074   Section        0  queue.o(i.xQueueGenericReset)
    i.xQueueGenericSend                      0x08002114   Section        0  queue.o(i.xQueueGenericSend)
    i.xQueueReceive                          0x0800222c   Section        0  queue.o(i.xQueueReceive)
    i.xQueueSemaphoreTake                    0x08002330   Section        0  queue.o(i.xQueueSemaphoreTake)
    i.xTaskCheckForTimeOut                   0x08002460   Section        0  tasks.o(i.xTaskCheckForTimeOut)
    i.xTaskCreate                            0x080024c0   Section        0  tasks.o(i.xTaskCreate)
    i.xTaskCreateStatic                      0x0800252a   Section        0  tasks.o(i.xTaskCreateStatic)
    i.xTaskGetSchedulerState                 0x08002580   Section        0  tasks.o(i.xTaskGetSchedulerState)
    i.xTaskGetTickCount                      0x080025a0   Section        0  tasks.o(i.xTaskGetTickCount)
    i.xTaskIncrementTick                     0x080025ac   Section        0  tasks.o(i.xTaskIncrementTick)
    i.xTaskPriorityDisinherit                0x0800273c   Section        0  tasks.o(i.xTaskPriorityDisinherit)
    i.xTaskPriorityInherit                   0x080027d0   Section        0  tasks.o(i.xTaskPriorityInherit)
    i.xTaskRemoveFromEventList               0x080028a8   Section        0  tasks.o(i.xTaskRemoveFromEventList)
    i.xTaskResumeAll                         0x080029b0   Section        0  tasks.o(i.xTaskResumeAll)
    i.xTimerCreateTimerTask                  0x08002b08   Section        0  timers.o(i.xTimerCreateTimerTask)
    x$fpl$fpinit                             0x08002b68   Section       10  fpinit.o(x$fpl$fpinit)
    $v0                                      0x08002b68   Number         0  fpinit.o(x$fpl$fpinit)
    .constdata                               0x08002b74   Section       72  system_stm32l4xx.o(.constdata)
    .data                                    0x20000000   Section        4  mot.o(.data)
    .data                                    0x20000004   Section        4  system_stm32l4xx.o(.data)
    .data                                    0x20000008   Section       32  heap_4.o(.data)
    xStart                                   0x20000008   Data           8  heap_4.o(.data)
    pxEnd                                    0x20000010   Data           4  heap_4.o(.data)
    xFreeBytesRemaining                      0x20000014   Data           4  heap_4.o(.data)
    xMinimumEverFreeBytesRemaining           0x20000018   Data           4  heap_4.o(.data)
    xNumberOfSuccessfulAllocations           0x2000001c   Data           4  heap_4.o(.data)
    xNumberOfSuccessfulFrees                 0x20000020   Data           4  heap_4.o(.data)
    xBlockAllocatedBit                       0x20000024   Data           4  heap_4.o(.data)
    .data                                    0x20000028   Section        4  port.o(.data)
    uxCriticalNesting                        0x20000028   Data           4  port.o(.data)
    .data                                    0x2000002c   Section       64  tasks.o(.data)
    pxDelayedTaskList                        0x20000030   Data           4  tasks.o(.data)
    pxOverflowDelayedTaskList                0x20000034   Data           4  tasks.o(.data)
    uxDeletedTasksWaitingCleanUp             0x20000038   Data           4  tasks.o(.data)
    uxCurrentNumberOfTasks                   0x2000003c   Data           4  tasks.o(.data)
    xTickCount                               0x20000040   Data           4  tasks.o(.data)
    uxTopReadyPriority                       0x20000044   Data           4  tasks.o(.data)
    xSchedulerRunning                        0x20000048   Data           4  tasks.o(.data)
    xPendedTicks                             0x2000004c   Data           4  tasks.o(.data)
    xYieldPending                            0x20000050   Data           4  tasks.o(.data)
    xNumOfOverflows                          0x20000054   Data           4  tasks.o(.data)
    uxTaskNumber                             0x20000058   Data           4  tasks.o(.data)
    xNextTaskUnblockTime                     0x2000005c   Data           4  tasks.o(.data)
    xIdleTaskHandle                          0x20000060   Data           4  tasks.o(.data)
    uxSchedulerSuspended                     0x20000068   Data           4  tasks.o(.data)
    .data                                    0x2000006c   Section       20  timers.o(.data)
    pxCurrentTimerList                       0x2000006c   Data           4  timers.o(.data)
    pxOverflowTimerList                      0x20000070   Data           4  timers.o(.data)
    xTimerQueue                              0x20000074   Data           4  timers.o(.data)
    xTimerTaskHandle                         0x20000078   Data           4  timers.o(.data)
    xLastTime                                0x2000007c   Data           4  timers.o(.data)
    .bss                                     0x20000080   Section      916  clib_arm.o(.bss)
    os_libspace                              0x20000080   Data         480  clib_arm.o(.bss)
    os_libspace_id                           0x20000260   Data          16  clib_arm.o(.bss)
    clib_mutex_cb                            0x20000270   Data         400  clib_arm.o(.bss)
    clib_mutex_id                            0x20000400   Data          20  clib_arm.o(.bss)
    .bss                                     0x20000414   Section     1016  cmsis_os2.o(.bss)
    Idle_TCB                                 0x20000414   Data          92  cmsis_os2.o(.bss)
    Idle_Stack                               0x20000470   Data         512  cmsis_os2.o(.bss)
    Timer_TCB                                0x20000670   Data          92  cmsis_os2.o(.bss)
    Timer_Stack                              0x200006cc   Data         320  cmsis_os2.o(.bss)
    .bss                                     0x2000080c   Section     8192  heap_4.o(.bss)
    ucHeap                                   0x2000080c   Data        8192  heap_4.o(.bss)
    .bss                                     0x2000280c   Section     1220  tasks.o(.bss)
    pxReadyTasksLists                        0x2000280c   Data        1120  tasks.o(.bss)
    xDelayedTaskList1                        0x20002c6c   Data          20  tasks.o(.bss)
    xDelayedTaskList2                        0x20002c80   Data          20  tasks.o(.bss)
    xPendingReadyList                        0x20002c94   Data          20  tasks.o(.bss)
    xTasksWaitingTermination                 0x20002ca8   Data          20  tasks.o(.bss)
    xSuspendedTaskList                       0x20002cbc   Data          20  tasks.o(.bss)
    .bss                                     0x20002cd0   Section      200  timers.o(.bss)
    xActiveTimerList1                        0x20002cd0   Data          20  timers.o(.bss)
    xActiveTimerList2                        0x20002ce4   Data          20  timers.o(.bss)
    xStaticTimerQueue                        0x20002cf8   Data          80  timers.o(.bss)
    ucStaticTimerQueueStorage                0x20002d48   Data          80  timers.o(.bss)
    .bss                                     0x20002d98   Section       96  libspace.o(.bss)
    HEAP                                     0x20002df8   Section      512  startup_stm32l476xx.o(HEAP)
    Heap_Mem                                 0x20002df8   Data         512  startup_stm32l476xx.o(HEAP)
    STACK                                    0x20002ff8   Section     1024  startup_stm32l476xx.o(STACK)
    Stack_Mem                                0x20002ff8   Data        1024  startup_stm32l476xx.o(STACK)
    __initial_sp                             0x200033f8   Data           0  startup_stm32l476xx.o(STACK)

    Global Symbols

    Symbol Name                              Value     Ov Type        Size  Object(Section)

    BuildAttributes$$THM_ISAv4$E$P$D$K$B$S$7EM$VFPi3$EXTD16$VFPS$VFMA$PE$A:L22UL41UL21$X:L11$S22US41US21$IEEE1$IW$USESV6$~STKCKD$USESV7$~SHL$OSPACE$ROPI$EBA8$UX$STANDARDLIB$REQ8$PRES8$EABIv2 0x00000000   Number         0  anon$$obj.o ABSOLUTE
    __ARM_use_no_argv                        0x00000000   Number         0  main.o ABSOLUTE
    __ARM_exceptions_init                     - Undefined Weak Reference
    __alloca_initialize                       - Undefined Weak Reference
    __arm_fini_                               - Undefined Weak Reference
    __arm_preinit_                            - Undefined Weak Reference
    __cpp_initialize__aeabi_                  - Undefined Weak Reference
    __cxa_finalize                            - Undefined Weak Reference
    __rt_locale                               - Undefined Weak Reference
    __sigvec_lookup                           - Undefined Weak Reference
    _atexit_init                              - Undefined Weak Reference
    _call_atexit_fns                          - Undefined Weak Reference
    _clock_init                               - Undefined Weak Reference
    _fp_trap_init                             - Undefined Weak Reference
    _fp_trap_shutdown                         - Undefined Weak Reference
    _get_lc_collate                           - Undefined Weak Reference
    _get_lc_ctype                             - Undefined Weak Reference
    _get_lc_monetary                          - Undefined Weak Reference
    _get_lc_numeric                           - Undefined Weak Reference
    _get_lc_time                              - Undefined Weak Reference
    _getenv_init                              - Undefined Weak Reference
    _handle_redirection                       - Undefined Weak Reference
    _init_alloc                               - Undefined Weak Reference
    _init_user_alloc                          - Undefined Weak Reference
    _initio                                   - Undefined Weak Reference
    _rand_init                                - Undefined Weak Reference
    _signal_finish                            - Undefined Weak Reference
    _signal_init                              - Undefined Weak Reference
    _terminate_alloc                          - Undefined Weak Reference
    _terminate_user_alloc                     - Undefined Weak Reference
    _terminateio                              - Undefined Weak Reference
    __Vectors_Size                           0x00000188   Number         0  startup_stm32l476xx.o ABSOLUTE
    __Vectors                                0x08000000   Data           4  startup_stm32l476xx.o(RESET)
    __Vectors_End                            0x08000188   Data           0  startup_stm32l476xx.o(RESET)
    __main                                   0x08000189   Thumb Code     8  __main.o(!!!main)
    __scatterload                            0x08000191   Thumb Code     0  __scatter.o(!!!scatter)
    __scatterload_rt2                        0x08000191   Thumb Code    44  __scatter.o(!!!scatter)
    __scatterload_rt2_thumb_only             0x08000191   Thumb Code     0  __scatter.o(!!!scatter)
    __scatterload_null                       0x0800019f   Thumb Code     0  __scatter.o(!!!scatter)
    __scatterload_copy                       0x080001c5   Thumb Code    26  __scatter_copy.o(!!handler_copy)
    __scatterload_zeroinit                   0x080001e1   Thumb Code    28  __scatter_zi.o(!!handler_zi)
    __rt_lib_init                            0x080001fd   Thumb Code     0  libinit.o(.ARM.Collect$$libinit$$00000000)
    __rt_lib_init_fp_1                       0x080001ff   Thumb Code     0  libinit2.o(.ARM.Collect$$libinit$$00000001)
    __rt_lib_init_alloca_1                   0x08000203   Thumb Code     0  libinit2.o(.ARM.Collect$$libinit$$0000002E)
    __rt_lib_init_argv_1                     0x08000203   Thumb Code     0  libinit2.o(.ARM.Collect$$libinit$$0000002C)
    __rt_lib_init_atexit_1                   0x08000203   Thumb Code     0  libinit2.o(.ARM.Collect$$libinit$$0000001B)
    __rt_lib_init_clock_1                    0x08000203   Thumb Code     0  libinit2.o(.ARM.Collect$$libinit$$00000021)
    __rt_lib_init_cpp_1                      0x08000203   Thumb Code     0  libinit2.o(.ARM.Collect$$libinit$$00000032)
    __rt_lib_init_exceptions_1               0x08000203   Thumb Code     0  libinit2.o(.ARM.Collect$$libinit$$00000030)
    __rt_lib_init_fp_trap_1                  0x08000203   Thumb Code     0  libinit2.o(.ARM.Collect$$libinit$$0000001F)
    __rt_lib_init_getenv_1                   0x08000203   Thumb Code     0  libinit2.o(.ARM.Collect$$libinit$$00000023)
    __rt_lib_init_heap_1                     0x08000203   Thumb Code     0  libinit2.o(.ARM.Collect$$libinit$$0000000A)
    __rt_lib_init_lc_collate_1               0x08000203   Thumb Code     0  libinit2.o(.ARM.Collect$$libinit$$00000011)
    __rt_lib_init_lc_ctype_1                 0x08000203   Thumb Code     0  libinit2.o(.ARM.Collect$$libinit$$00000013)
    __rt_lib_init_lc_monetary_1              0x08000203   Thumb Code     0  libinit2.o(.ARM.Collect$$libinit$$00000015)
    __rt_lib_init_lc_numeric_1               0x08000203   Thumb Code     0  libinit2.o(.ARM.Collect$$libinit$$00000017)
    __rt_lib_init_lc_time_1                  0x08000203   Thumb Code     0  libinit2.o(.ARM.Collect$$libinit$$00000019)
    __rt_lib_init_preinit_1                  0x08000203   Thumb Code     0  libinit2.o(.ARM.Collect$$libinit$$00000004)
    __rt_lib_init_rand_1                     0x08000203   Thumb Code     0  libinit2.o(.ARM.Collect$$libinit$$0000000E)
    __rt_lib_init_return                     0x08000203   Thumb Code     0  libinit2.o(.ARM.Collect$$libinit$$00000033)
    __rt_lib_init_signal_1                   0x08000203   Thumb Code     0  libinit2.o(.ARM.Collect$$libinit$$0000001D)
    __rt_lib_init_stdio_1                    0x08000203   Thumb Code     0  libinit2.o(.ARM.Collect$$libinit$$00000025)
    __rt_lib_init_user_alloc_1               0x08000203   Thumb Code     0  libinit2.o(.ARM.Collect$$libinit$$0000000C)
    __rt_lib_shutdown                        0x08000205   Thumb Code     0  libshutdown.o(.ARM.Collect$$libshutdown$$00000000)
    __rt_lib_shutdown_cpp_1                  0x08000207   Thumb Code     0  libshutdown2.o(.ARM.Collect$$libshutdown$$00000004)
    __rt_lib_shutdown_fini_1                 0x08000207   Thumb Code     0  libshutdown2.o(.ARM.Collect$$libshutdown$$00000002)
    __rt_lib_shutdown_fp_trap_1              0x08000207   Thumb Code     0  libshutdown2.o(.ARM.Collect$$libshutdown$$00000009)
    __rt_lib_shutdown_heap_1                 0x08000207   Thumb Code     0  libshutdown2.o(.ARM.Collect$$libshutdown$$00000011)
    __rt_lib_shutdown_return                 0x08000207   Thumb Code     0  libshutdown2.o(.ARM.Collect$$libshutdown$$00000012)
    __rt_lib_shutdown_signal_1               0x08000207   Thumb Code     0  libshutdown2.o(.ARM.Collect$$libshutdown$$0000000C)
    __rt_lib_shutdown_stdio_1                0x08000207   Thumb Code     0  libshutdown2.o(.ARM.Collect$$libshutdown$$00000006)
    __rt_lib_shutdown_user_alloc_1           0x08000207   Thumb Code     0  libshutdown2.o(.ARM.Collect$$libshutdown$$0000000E)
    __rt_entry                               0x08000209   Thumb Code     0  __rtentry.o(.ARM.Collect$$rtentry$$00000000)
    __rt_entry_presh_1                       0x08000209   Thumb Code     0  __rtentry2.o(.ARM.Collect$$rtentry$$00000002)
    __rt_entry_sh                            0x08000209   Thumb Code     0  __rtentry4.o(.ARM.Collect$$rtentry$$00000004)
    __rt_entry_postsh_1                      0x0800020f   Thumb Code     0  __rtentry2.o(.ARM.Collect$$rtentry$$00000008)
    __rt_entry_li                            0x08000217   Thumb Code     0  __rtentry2.o(.ARM.Collect$$rtentry$$0000000A)
    __rt_entry_main                          0x0800021b   Thumb Code     0  __rtentry2.o(.ARM.Collect$$rtentry$$0000000D)
    __rt_entry_postli_1                      0x0800021b   Thumb Code     0  __rtentry2.o(.ARM.Collect$$rtentry$$0000000C)
    __rt_exit                                0x08000223   Thumb Code     0  rtexit.o(.ARM.Collect$$rtexit$$00000000)
    __rt_exit_ls                             0x08000225   Thumb Code     0  rtexit2.o(.ARM.Collect$$rtexit$$00000003)
    __rt_exit_prels_1                        0x08000225   Thumb Code     0  rtexit2.o(.ARM.Collect$$rtexit$$00000002)
    __rt_exit_exit                           0x08000229   Thumb Code     0  rtexit2.o(.ARM.Collect$$rtexit$$00000004)
    SVC_Handler                              0x08000231   Thumb Code    28  port.o(.emb_text)
    __asm___6_port_c_39a90d8d__prvStartFirstTask 0x08000251   Thumb Code    36  port.o(.emb_text)
    __asm___6_port_c_39a90d8d__prvEnableVFP  0x08000279   Thumb Code    16  port.o(.emb_text)
    PendSV_Handler                           0x0800028d   Thumb Code    88  port.o(.emb_text)
    vPortGetIPSR                             0x080002e9   Thumb Code     6  port.o(.emb_text)
    Reset_Handler                            0x08000311   Thumb Code     8  startup_stm32l476xx.o(.text)
    NMI_Handler                              0x08000319   Thumb Code     2  startup_stm32l476xx.o(.text)
    HardFault_Handler                        0x0800031b   Thumb Code     2  startup_stm32l476xx.o(.text)
    MemManage_Handler                        0x0800031d   Thumb Code     2  startup_stm32l476xx.o(.text)
    BusFault_Handler                         0x0800031f   Thumb Code     2  startup_stm32l476xx.o(.text)
    UsageFault_Handler                       0x08000321   Thumb Code     2  startup_stm32l476xx.o(.text)
    DebugMon_Handler                         0x08000325   Thumb Code     2  startup_stm32l476xx.o(.text)
    ADC1_2_IRQHandler                        0x0800032b   Thumb Code     0  startup_stm32l476xx.o(.text)
    ADC3_IRQHandler                          0x0800032b   Thumb Code     0  startup_stm32l476xx.o(.text)
    CAN1_RX0_IRQHandler                      0x0800032b   Thumb Code     0  startup_stm32l476xx.o(.text)
    CAN1_RX1_IRQHandler                      0x0800032b   Thumb Code     0  startup_stm32l476xx.o(.text)
    CAN1_SCE_IRQHandler                      0x0800032b   Thumb Code     0  startup_stm32l476xx.o(.text)
    CAN1_TX_IRQHandler                       0x0800032b   Thumb Code     0  startup_stm32l476xx.o(.text)
    COMP_IRQHandler                          0x0800032b   Thumb Code     0  startup_stm32l476xx.o(.text)
    DFSDM1_FLT0_IRQHandler                   0x0800032b   Thumb Code     0  startup_stm32l476xx.o(.text)
    DFSDM1_FLT1_IRQHandler                   0x0800032b   Thumb Code     0  startup_stm32l476xx.o(.text)
    DFSDM1_FLT2_IRQHandler                   0x0800032b   Thumb Code     0  startup_stm32l476xx.o(.text)
    DFSDM1_FLT3_IRQHandler                   0x0800032b   Thumb Code     0  startup_stm32l476xx.o(.text)
    DMA1_Channel1_IRQHandler                 0x0800032b   Thumb Code     0  startup_stm32l476xx.o(.text)
    DMA1_Channel2_IRQHandler                 0x0800032b   Thumb Code     0  startup_stm32l476xx.o(.text)
    DMA1_Channel3_IRQHandler                 0x0800032b   Thumb Code     0  startup_stm32l476xx.o(.text)
    DMA1_Channel4_IRQHandler                 0x0800032b   Thumb Code     0  startup_stm32l476xx.o(.text)
    DMA1_Channel5_IRQHandler                 0x0800032b   Thumb Code     0  startup_stm32l476xx.o(.text)
    DMA1_Channel6_IRQHandler                 0x0800032b   Thumb Code     0  startup_stm32l476xx.o(.text)
    DMA1_Channel7_IRQHandler                 0x0800032b   Thumb Code     0  startup_stm32l476xx.o(.text)
    DMA2_Channel1_IRQHandler                 0x0800032b   Thumb Code     0  startup_stm32l476xx.o(.text)
    DMA2_Channel2_IRQHandler                 0x0800032b   Thumb Code     0  startup_stm32l476xx.o(.text)
    DMA2_Channel3_IRQHandler                 0x0800032b   Thumb Code     0  startup_stm32l476xx.o(.text)
    DMA2_Channel4_IRQHandler                 0x0800032b   Thumb Code     0  startup_stm32l476xx.o(.text)
    DMA2_Channel5_IRQHandler                 0x0800032b   Thumb Code     0  startup_stm32l476xx.o(.text)
    DMA2_Channel6_IRQHandler                 0x0800032b   Thumb Code     0  startup_stm32l476xx.o(.text)
    DMA2_Channel7_IRQHandler                 0x0800032b   Thumb Code     0  startup_stm32l476xx.o(.text)
    EXTI0_IRQHandler                         0x0800032b   Thumb Code     0  startup_stm32l476xx.o(.text)
    EXTI15_10_IRQHandler                     0x0800032b   Thumb Code     0  startup_stm32l476xx.o(.text)
    EXTI1_IRQHandler                         0x0800032b   Thumb Code     0  startup_stm32l476xx.o(.text)
    EXTI2_IRQHandler                         0x0800032b   Thumb Code     0  startup_stm32l476xx.o(.text)
    EXTI3_IRQHandler                         0x0800032b   Thumb Code     0  startup_stm32l476xx.o(.text)
    EXTI4_IRQHandler                         0x0800032b   Thumb Code     0  startup_stm32l476xx.o(.text)
    EXTI9_5_IRQHandler                       0x0800032b   Thumb Code     0  startup_stm32l476xx.o(.text)
    FLASH_IRQHandler                         0x0800032b   Thumb Code     0  startup_stm32l476xx.o(.text)
    FMC_IRQHandler                           0x0800032b   Thumb Code     0  startup_stm32l476xx.o(.text)
    FPU_IRQHandler                           0x0800032b   Thumb Code     0  startup_stm32l476xx.o(.text)
    I2C1_ER_IRQHandler                       0x0800032b   Thumb Code     0  startup_stm32l476xx.o(.text)
    I2C1_EV_IRQHandler                       0x0800032b   Thumb Code     0  startup_stm32l476xx.o(.text)
    I2C2_ER_IRQHandler                       0x0800032b   Thumb Code     0  startup_stm32l476xx.o(.text)
    I2C2_EV_IRQHandler                       0x0800032b   Thumb Code     0  startup_stm32l476xx.o(.text)
    I2C3_ER_IRQHandler                       0x0800032b   Thumb Code     0  startup_stm32l476xx.o(.text)
    I2C3_EV_IRQHandler                       0x0800032b   Thumb Code     0  startup_stm32l476xx.o(.text)
    LCD_IRQHandler                           0x0800032b   Thumb Code     0  startup_stm32l476xx.o(.text)
    LPTIM1_IRQHandler                        0x0800032b   Thumb Code     0  startup_stm32l476xx.o(.text)
    LPTIM2_IRQHandler                        0x0800032b   Thumb Code     0  startup_stm32l476xx.o(.text)
    LPUART1_IRQHandler                       0x0800032b   Thumb Code     0  startup_stm32l476xx.o(.text)
    OTG_FS_IRQHandler                        0x0800032b   Thumb Code     0  startup_stm32l476xx.o(.text)
    PVD_PVM_IRQHandler                       0x0800032b   Thumb Code     0  startup_stm32l476xx.o(.text)
    QUADSPI_IRQHandler                       0x0800032b   Thumb Code     0  startup_stm32l476xx.o(.text)
    RCC_IRQHandler                           0x0800032b   Thumb Code     0  startup_stm32l476xx.o(.text)
    RNG_IRQHandler                           0x0800032b   Thumb Code     0  startup_stm32l476xx.o(.text)
    RTC_Alarm_IRQHandler                     0x0800032b   Thumb Code     0  startup_stm32l476xx.o(.text)
    RTC_WKUP_IRQHandler                      0x0800032b   Thumb Code     0  startup_stm32l476xx.o(.text)
    SAI1_IRQHandler                          0x0800032b   Thumb Code     0  startup_stm32l476xx.o(.text)
    SAI2_IRQHandler                          0x0800032b   Thumb Code     0  startup_stm32l476xx.o(.text)
    SDMMC1_IRQHandler                        0x0800032b   Thumb Code     0  startup_stm32l476xx.o(.text)
    SPI1_IRQHandler                          0x0800032b   Thumb Code     0  startup_stm32l476xx.o(.text)
    SPI2_IRQHandler                          0x0800032b   Thumb Code     0  startup_stm32l476xx.o(.text)
    SPI3_IRQHandler                          0x0800032b   Thumb Code     0  startup_stm32l476xx.o(.text)
    SWPMI1_IRQHandler                        0x0800032b   Thumb Code     0  startup_stm32l476xx.o(.text)
    TAMP_STAMP_IRQHandler                    0x0800032b   Thumb Code     0  startup_stm32l476xx.o(.text)
    TIM1_BRK_TIM15_IRQHandler                0x0800032b   Thumb Code     0  startup_stm32l476xx.o(.text)
    TIM1_CC_IRQHandler                       0x0800032b   Thumb Code     0  startup_stm32l476xx.o(.text)
    TIM1_TRG_COM_TIM17_IRQHandler            0x0800032b   Thumb Code     0  startup_stm32l476xx.o(.text)
    TIM1_UP_TIM16_IRQHandler                 0x0800032b   Thumb Code     0  startup_stm32l476xx.o(.text)
    TIM2_IRQHandler                          0x0800032b   Thumb Code     0  startup_stm32l476xx.o(.text)
    TIM3_IRQHandler                          0x0800032b   Thumb Code     0  startup_stm32l476xx.o(.text)
    TIM4_IRQHandler                          0x0800032b   Thumb Code     0  startup_stm32l476xx.o(.text)
    TIM5_IRQHandler                          0x0800032b   Thumb Code     0  startup_stm32l476xx.o(.text)
    TIM6_DAC_IRQHandler                      0x0800032b   Thumb Code     0  startup_stm32l476xx.o(.text)
    TIM7_IRQHandler                          0x0800032b   Thumb Code     0  startup_stm32l476xx.o(.text)
    TIM8_BRK_IRQHandler                      0x0800032b   Thumb Code     0  startup_stm32l476xx.o(.text)
    TIM8_CC_IRQHandler                       0x0800032b   Thumb Code     0  startup_stm32l476xx.o(.text)
    TIM8_TRG_COM_IRQHandler                  0x0800032b   Thumb Code     0  startup_stm32l476xx.o(.text)
    TIM8_UP_IRQHandler                       0x0800032b   Thumb Code     0  startup_stm32l476xx.o(.text)
    TSC_IRQHandler                           0x0800032b   Thumb Code     0  startup_stm32l476xx.o(.text)
    UART4_IRQHandler                         0x0800032b   Thumb Code     0  startup_stm32l476xx.o(.text)
    UART5_IRQHandler                         0x0800032b   Thumb Code     0  startup_stm32l476xx.o(.text)
    USART1_IRQHandler                        0x0800032b   Thumb Code     0  startup_stm32l476xx.o(.text)
    USART2_IRQHandler                        0x0800032b   Thumb Code     0  startup_stm32l476xx.o(.text)
    USART3_IRQHandler                        0x0800032b   Thumb Code     0  startup_stm32l476xx.o(.text)
    WWDG_IRQHandler                          0x0800032b   Thumb Code     0  startup_stm32l476xx.o(.text)
    __user_initial_stackheap                 0x0800032d   Thumb Code     0  startup_stm32l476xx.o(.text)
    __aeabi_memcpy                           0x08000351   Thumb Code     0  rt_memcpy_v6.o(.text)
    __rt_memcpy                              0x08000351   Thumb Code   138  rt_memcpy_v6.o(.text)
    _memcpy_lastbytes                        0x080003b7   Thumb Code     0  rt_memcpy_v6.o(.text)
    __aeabi_memset                           0x080003db   Thumb Code    16  aeabi_memset.o(.text)
    __aeabi_memclr4                          0x080003eb   Thumb Code     0  rt_memclr_w.o(.text)
    __aeabi_memclr8                          0x080003eb   Thumb Code     0  rt_memclr_w.o(.text)
    __rt_memclr_w                            0x080003eb   Thumb Code    78  rt_memclr_w.o(.text)
    _memset_w                                0x080003ef   Thumb Code     0  rt_memclr_w.o(.text)
    __use_two_region_memory                  0x08000439   Thumb Code     2  heapauxi.o(.text)
    __rt_heap_escrow$2region                 0x0800043b   Thumb Code     2  heapauxi.o(.text)
    __rt_heap_expand$2region                 0x0800043d   Thumb Code     2  heapauxi.o(.text)
    __aeabi_memcpy4                          0x0800043f   Thumb Code     0  rt_memcpy_w.o(.text)
    __aeabi_memcpy8                          0x0800043f   Thumb Code     0  rt_memcpy_w.o(.text)
    __rt_memcpy_w                            0x0800043f   Thumb Code   100  rt_memcpy_w.o(.text)
    _memcpy_lastbytes_aligned                0x08000487   Thumb Code     0  rt_memcpy_w.o(.text)
    __aeabi_memclr                           0x080004a3   Thumb Code     0  rt_memclr.o(.text)
    __rt_memclr                              0x080004a3   Thumb Code    68  rt_memclr.o(.text)
    _memset                                  0x080004a7   Thumb Code     0  rt_memclr.o(.text)
    __user_setup_stackheap                   0x080004e7   Thumb Code    74  sys_stackheap_outer.o(.text)
    exit                                     0x08000531   Thumb Code    18  exit.o(.text)
    __user_libspace                          0x08000545   Thumb Code     8  libspace.o(.text)
    __user_perproc_libspace                  0x08000545   Thumb Code     0  libspace.o(.text)
    _sys_exit                                0x0800054d   Thumb Code     8  sys_exit.o(.text)
    __I$use$semihosting                      0x08000559   Thumb Code     0  use_no_semi.o(.text)
    __use_no_semihosting_swi                 0x08000559   Thumb Code     2  use_no_semi.o(.text)
    LedInit                                  0x0800055b   Thumb Code    12  led.o(i.LedInit)
    __semihosting_library_function           0x0800055b   Thumb Code     0  indicate_semi.o(.text)
    LedRossoInit                             0x08000569   Thumb Code    36  led.o(i.LedRossoInit)
    LedVerdeInit                             0x08000595   Thumb Code    36  led.o(i.LedVerdeInit)
    SwCenterInit                             0x080005c1   Thumb Code    60  puls.o(i.SwCenterInit)
    SwDownInit                               0x08000601   Thumb Code    60  puls.o(i.SwDownInit)
    SwInit                                   0x08000641   Thumb Code    24  puls.o(i.SwInit)
    SwLeftInit                               0x08000659   Thumb Code    60  puls.o(i.SwLeftInit)
    SwRightInit                              0x08000699   Thumb Code    60  puls.o(i.SwRightInit)
    SwUpInit                                 0x080006d9   Thumb Code    60  puls.o(i.SwUpInit)
    SysTick_Handler                          0x08000719   Thumb Code    22  cmsis_os2.o(i.SysTick_Handler)
    SystemCoreClockUpdate                    0x08000731   Thumb Code   200  system_stm32l4xx.o(i.SystemCoreClockUpdate)
    SystemInit                               0x08000811   Thumb Code    60  system_stm32l4xx.o(i.SystemInit)
    TIM1_CH2_Init                            0x08000859   Thumb Code   142  mot.o(i.TIM1_CH2_Init)
    _mutex_acquire                           0x080008f5   Thumb Code    22  clib_arm.o(i._mutex_acquire)
    _mutex_free                              0x0800090d   Thumb Code    46  clib_arm.o(i._mutex_free)
    _mutex_initialize                        0x08000941   Thumb Code    86  clib_arm.o(i._mutex_initialize)
    _mutex_release                           0x080009a1   Thumb Code    24  clib_arm.o(i._mutex_release)
    _platform_post_stackheap_init            0x080009b9   Thumb Code     2  clib_arm.o(i._platform_post_stackheap_init)
    digitalRead                              0x080009bb   Thumb Code    46  arduino.o(i.digitalRead)
    main                                     0x080009e9   Thumb Code    32  main.o(i.main)
    motInit                                  0x08000a09   Thumb Code   142  mot.o(i.motInit)
    motStart                                 0x08000af1   Thumb Code    58  mot.o(i.motStart)
    motStop                                  0x08000b35   Thumb Code    48  mot.o(i.motStop)
    pllInit                                  0x08000b81   Thumb Code   264  sysclock.o(i.pllInit)
    pvPortMalloc                             0x08001615   Thumb Code   228  heap_4.o(i.pvPortMalloc)
    pvTaskIncrementMutexHeldCount            0x08001711   Thumb Code    26  tasks.o(i.pvTaskIncrementMutexHeldCount)
    pxPortInitialiseStack                    0x08001731   Thumb Code    38  port.o(i.pxPortInitialiseStack)
    uxListRemove                             0x0800175d   Thumb Code    40  list.o(i.uxListRemove)
    uxTaskResetEventItemValue                0x08001785   Thumb Code    24  tasks.o(i.uxTaskResetEventItemValue)
    vApplicationGetIdleTaskMemory            0x080017a1   Thumb Code    14  cmsis_os2.o(i.vApplicationGetIdleTaskMemory)
    vApplicationGetTimerTaskMemory           0x080017b9   Thumb Code    14  cmsis_os2.o(i.vApplicationGetTimerTaskMemory)
    vApplicationStackOverflowHook            0x080017d1   Thumb Code     2  cmsis_os2.o(i.vApplicationStackOverflowHook)
    vListInitialise                          0x080017d3   Thumb Code    26  list.o(i.vListInitialise)
    vListInitialiseItem                      0x080017ed   Thumb Code     6  list.o(i.vListInitialiseItem)
    vListInsert                              0x080017f3   Thumb Code    52  list.o(i.vListInsert)
    vPortEnterCritical                       0x08001829   Thumb Code    30  port.o(i.vPortEnterCritical)
    vPortExitCritical                        0x0800184d   Thumb Code    28  port.o(i.vPortExitCritical)
    vPortFree                                0x0800186d   Thumb Code    74  heap_4.o(i.vPortFree)
    vPortSetupTimerInterrupt                 0x080018c5   Thumb Code    36  port.o(i.vPortSetupTimerInterrupt)
    vQueueDelete                             0x080018ed   Thumb Code    20  queue.o(i.vQueueDelete)
    vQueueWaitForMessageRestricted           0x08001901   Thumb Code    74  queue.o(i.vQueueWaitForMessageRestricted)
    vTaskInternalSetTimeOutState             0x0800194d   Thumb Code    14  tasks.o(i.vTaskInternalSetTimeOutState)
    vTaskMissedYield                         0x08001965   Thumb Code     8  tasks.o(i.vTaskMissedYield)
    vTaskMotPA1                              0x08001971   Thumb Code    38  mot.o(i.vTaskMotPA1)
    vTaskMotPA2                              0x0800199d   Thumb Code    38  mot.o(i.vTaskMotPA2)
    vTaskPlaceOnEventList                    0x080019c9   Thumb Code    28  tasks.o(i.vTaskPlaceOnEventList)
    vTaskPlaceOnEventListRestricted          0x080019e9   Thumb Code    70  tasks.o(i.vTaskPlaceOnEventListRestricted)
    vTaskPlaceOnUnorderedEventList           0x08001a35   Thumb Code    74  tasks.o(i.vTaskPlaceOnUnorderedEventList)
    vTaskPriorityDisinheritAfterTimeout      0x08001a85   Thumb Code   182  tasks.o(i.vTaskPriorityDisinheritAfterTimeout)
    vTaskRemoveFromUnorderedEventList        0x08001b45   Thumb Code   188  tasks.o(i.vTaskRemoveFromUnorderedEventList)
    vTaskStartScheduler                      0x08001c11   Thumb Code   124  tasks.o(i.vTaskStartScheduler)
    vTaskSuspendAll                          0x08001cad   Thumb Code    12  tasks.o(i.vTaskSuspendAll)
    vTaskSwitchContext                       0x08001cbd   Thumb Code   154  tasks.o(i.vTaskSwitchContext)
    vTask_Motore                             0x08001d6d   Thumb Code    32  mot.o(i.vTask_Motore)
    xEventGroupCreate                        0x08001d91   Thumb Code    30  event_groups.o(i.xEventGroupCreate)
    xEventGroupSetBits                       0x08001daf   Thumb Code   146  event_groups.o(i.xEventGroupSetBits)
    xEventGroupWaitBits                      0x08001e49   Thumb Code   198  event_groups.o(i.xEventGroupWaitBits)
    xPortStartScheduler                      0x08001f1d   Thumb Code    58  port.o(i.xPortStartScheduler)
    xPortSysTickHandler                      0x08001f65   Thumb Code    46  port.o(i.xPortSysTickHandler)
    xQueueCreateMutex                        0x08001f99   Thumb Code    34  queue.o(i.xQueueCreateMutex)
    xQueueCreateMutexStatic                  0x08001fbb   Thumb Code    42  queue.o(i.xQueueCreateMutexStatic)
    xQueueGenericCreate                      0x08001fe5   Thumb Code    82  queue.o(i.xQueueGenericCreate)
    xQueueGenericCreateStatic                0x08002037   Thumb Code    62  queue.o(i.xQueueGenericCreateStatic)
    xQueueGenericReset                       0x08002075   Thumb Code   156  queue.o(i.xQueueGenericReset)
    xQueueGenericSend                        0x08002115   Thumb Code   276  queue.o(i.xQueueGenericSend)
    xQueueReceive                            0x0800222d   Thumb Code   256  queue.o(i.xQueueReceive)
    xQueueSemaphoreTake                      0x08002331   Thumb Code   300  queue.o(i.xQueueSemaphoreTake)
    xTaskCheckForTimeOut                     0x08002461   Thumb Code    88  tasks.o(i.xTaskCheckForTimeOut)
    xTaskCreate                              0x080024c1   Thumb Code   100  tasks.o(i.xTaskCreate)
    xTaskCreateStatic                        0x0800252b   Thumb Code    78  tasks.o(i.xTaskCreateStatic)
    xTaskGetSchedulerState                   0x08002581   Thumb Code    24  tasks.o(i.xTaskGetSchedulerState)
    xTaskGetTickCount                        0x080025a1   Thumb Code     6  tasks.o(i.xTaskGetTickCount)
    xTaskIncrementTick                       0x080025ad   Thumb Code   354  tasks.o(i.xTaskIncrementTick)
    xTaskPriorityDisinherit                  0x0800273d   Thumb Code   138  tasks.o(i.xTaskPriorityDisinherit)
    xTaskPriorityInherit                     0x080027d1   Thumb Code   202  tasks.o(i.xTaskPriorityInherit)
    xTaskRemoveFromEventList                 0x080028a9   Thumb Code   238  tasks.o(i.xTaskRemoveFromEventList)
    xTaskResumeAll                           0x080029b1   Thumb Code   308  tasks.o(i.xTaskResumeAll)
    xTimerCreateTimerTask                    0x08002b09   Thumb Code    76  timers.o(i.xTimerCreateTimerTask)
    _fp_init                                 0x08002b69   Thumb Code    10  fpinit.o(x$fpl$fpinit)
    __fplib_config_fpu_vfp                   0x08002b71   Thumb Code     0  fpinit.o(x$fpl$fpinit)
    __fplib_config_pureend_doubles           0x08002b71   Thumb Code     0  fpinit.o(x$fpl$fpinit)
    AHBPrescTable                            0x08002b74   Data          16  system_stm32l4xx.o(.constdata)
    APBPrescTable                            0x08002b84   Data           8  system_stm32l4xx.o(.constdata)
    MSIRangeTable                            0x08002b8c   Data          48  system_stm32l4xx.o(.constdata)
    Region$$Table$$Base                      0x08002bbc   Number         0  anon$$obj.o(Region$$Table)
    Region$$Table$$Limit                     0x08002bdc   Number         0  anon$$obj.o(Region$$Table)
    xEventGroup                              0x20000000   Data           4  mot.o(.data)
    SystemCoreClock                          0x20000004   Data           4  system_stm32l4xx.o(.data)
    pxCurrentTCB                             0x2000002c   Data           4  tasks.o(.data)
    uxTopUsedPriority                        0x20000064   Data           4  tasks.o(.data)
    __libspace_start                         0x20002d98   Data          96  libspace.o(.bss)
    __temporary_stack_top$libspace           0x20002df8   Data           0  libspace.o(.bss)



==============================================================================

Memory Map of the image

  Image Entry point : 0x08000311

  Load Region LR_1 (Base: 0x08000000, Size: 0x00002c5c, Max: 0xffffffff, ABSOLUTE)

    Execution Region ER_RO (Exec base: 0x08000000, Load base: 0x08000000, Size: 0x00002bdc, Max: 0xffffffff, ABSOLUTE)

    Exec Addr    Load Addr    Size         Type   Attr      Idx    E Section Name        Object

    0x08000000   0x08000000   0x00000188   Data   RO         1316    RESET               startup_stm32l476xx.o
    0x08000188   0x08000188   0x00000008   Code   RO         2715  * !!!main             c_w.l(__main.o)
    0x08000190   0x08000190   0x00000034   Code   RO         2876    !!!scatter          c_w.l(__scatter.o)
    0x080001c4   0x080001c4   0x0000001a   Code   RO         2878    !!handler_copy      c_w.l(__scatter_copy.o)
    0x080001de   0x080001de   0x00000002   PAD
    0x080001e0   0x080001e0   0x0000001c   Code   RO         2880    !!handler_zi        c_w.l(__scatter_zi.o)
    0x080001fc   0x080001fc   0x00000002   Code   RO         2744    .ARM.Collect$$libinit$$00000000  c_w.l(libinit.o)
    0x080001fe   0x080001fe   0x00000004   Code   RO         2750    .ARM.Collect$$libinit$$00000001  c_w.l(libinit2.o)
    0x08000202   0x08000202   0x00000000   Code   RO         2753    .ARM.Collect$$libinit$$00000004  c_w.l(libinit2.o)
    0x08000202   0x08000202   0x00000000   Code   RO         2756    .ARM.Collect$$libinit$$0000000A  c_w.l(libinit2.o)
    0x08000202   0x08000202   0x00000000   Code   RO         2758    .ARM.Collect$$libinit$$0000000C  c_w.l(libinit2.o)
    0x08000202   0x08000202   0x00000000   Code   RO         2760    .ARM.Collect$$libinit$$0000000E  c_w.l(libinit2.o)
    0x08000202   0x08000202   0x00000000   Code   RO         2763    .ARM.Collect$$libinit$$00000011  c_w.l(libinit2.o)
    0x08000202   0x08000202   0x00000000   Code   RO         2765    .ARM.Collect$$libinit$$00000013  c_w.l(libinit2.o)
    0x08000202   0x08000202   0x00000000   Code   RO         2767    .ARM.Collect$$libinit$$00000015  c_w.l(libinit2.o)
    0x08000202   0x08000202   0x00000000   Code   RO         2769    .ARM.Collect$$libinit$$00000017  c_w.l(libinit2.o)
    0x08000202   0x08000202   0x00000000   Code   RO         2771    .ARM.Collect$$libinit$$00000019  c_w.l(libinit2.o)
    0x08000202   0x08000202   0x00000000   Code   RO         2773    .ARM.Collect$$libinit$$0000001B  c_w.l(libinit2.o)
    0x08000202   0x08000202   0x00000000   Code   RO         2775    .ARM.Collect$$libinit$$0000001D  c_w.l(libinit2.o)
    0x08000202   0x08000202   0x00000000   Code   RO         2777    .ARM.Collect$$libinit$$0000001F  c_w.l(libinit2.o)
    0x08000202   0x08000202   0x00000000   Code   RO         2779    .ARM.Collect$$libinit$$00000021  c_w.l(libinit2.o)
    0x08000202   0x08000202   0x00000000   Code   RO         2781    .ARM.Collect$$libinit$$00000023  c_w.l(libinit2.o)
    0x08000202   0x08000202   0x00000000   Code   RO         2783    .ARM.Collect$$libinit$$00000025  c_w.l(libinit2.o)
    0x08000202   0x08000202   0x00000000   Code   RO         2787    .ARM.Collect$$libinit$$0000002C  c_w.l(libinit2.o)
    0x08000202   0x08000202   0x00000000   Code   RO         2789    .ARM.Collect$$libinit$$0000002E  c_w.l(libinit2.o)
    0x08000202   0x08000202   0x00000000   Code   RO         2791    .ARM.Collect$$libinit$$00000030  c_w.l(libinit2.o)
    0x08000202   0x08000202   0x00000000   Code   RO         2793    .ARM.Collect$$libinit$$00000032  c_w.l(libinit2.o)
    0x08000202   0x08000202   0x00000002   Code   RO         2794    .ARM.Collect$$libinit$$00000033  c_w.l(libinit2.o)
    0x08000204   0x08000204   0x00000002   Code   RO         2814    .ARM.Collect$$libshutdown$$00000000  c_w.l(libshutdown.o)
    0x08000206   0x08000206   0x00000000   Code   RO         2827    .ARM.Collect$$libshutdown$$00000002  c_w.l(libshutdown2.o)
    0x08000206   0x08000206   0x00000000   Code   RO         2829    .ARM.Collect$$libshutdown$$00000004  c_w.l(libshutdown2.o)
    0x08000206   0x08000206   0x00000000   Code   RO         2831    .ARM.Collect$$libshutdown$$00000006  c_w.l(libshutdown2.o)
    0x08000206   0x08000206   0x00000000   Code   RO         2834    .ARM.Collect$$libshutdown$$00000009  c_w.l(libshutdown2.o)
    0x08000206   0x08000206   0x00000000   Code   RO         2837    .ARM.Collect$$libshutdown$$0000000C  c_w.l(libshutdown2.o)
    0x08000206   0x08000206   0x00000000   Code   RO         2839    .ARM.Collect$$libshutdown$$0000000E  c_w.l(libshutdown2.o)
    0x08000206   0x08000206   0x00000000   Code   RO         2842    .ARM.Collect$$libshutdown$$00000011  c_w.l(libshutdown2.o)
    0x08000206   0x08000206   0x00000002   Code   RO         2843    .ARM.Collect$$libshutdown$$00000012  c_w.l(libshutdown2.o)
    0x08000208   0x08000208   0x00000000   Code   RO         2717    .ARM.Collect$$rtentry$$00000000  c_w.l(__rtentry.o)
    0x08000208   0x08000208   0x00000000   Code   RO         2723    .ARM.Collect$$rtentry$$00000002  c_w.l(__rtentry2.o)
    0x08000208   0x08000208   0x00000006   Code   RO         2735    .ARM.Collect$$rtentry$$00000004  c_w.l(__rtentry4.o)
    0x0800020e   0x0800020e   0x00000008   Code   RO         2724    .ARM.Collect$$rtentry$$00000008  c_w.l(__rtentry2.o)
    0x08000216   0x08000216   0x00000004   Code   RO         2726    .ARM.Collect$$rtentry$$0000000A  c_w.l(__rtentry2.o)
    0x0800021a   0x0800021a   0x00000000   Code   RO         2728    .ARM.Collect$$rtentry$$0000000C  c_w.l(__rtentry2.o)
    0x0800021a   0x0800021a   0x00000008   Code   RO         2729    .ARM.Collect$$rtentry$$0000000D  c_w.l(__rtentry2.o)
    0x08000222   0x08000222   0x00000002   Code   RO         2748    .ARM.Collect$$rtexit$$00000000  c_w.l(rtexit.o)
    0x08000224   0x08000224   0x00000000   Code   RO         2796    .ARM.Collect$$rtexit$$00000002  c_w.l(rtexit2.o)
    0x08000224   0x08000224   0x00000004   Code   RO         2797    .ARM.Collect$$rtexit$$00000003  c_w.l(rtexit2.o)
    0x08000228   0x08000228   0x00000006   Code   RO         2798    .ARM.Collect$$rtexit$$00000004  c_w.l(rtexit2.o)
    0x0800022e   0x0800022e   0x00000002   PAD
    0x08000230   0x08000230   0x000000de   Code   RO         1646    .emb_text           port.o
    0x0800030e   0x0800030e   0x00000002   PAD
    0x08000310   0x08000310   0x00000040   Code   RO         1317  * .text               startup_stm32l476xx.o
    0x08000350   0x08000350   0x0000008a   Code   RO         2707    .text               c_w.l(rt_memcpy_v6.o)
    0x080003da   0x080003da   0x00000010   Code   RO         2709    .text               c_w.l(aeabi_memset.o)
    0x080003ea   0x080003ea   0x0000004e   Code   RO         2711    .text               c_w.l(rt_memclr_w.o)
    0x08000438   0x08000438   0x00000006   Code   RO         2713    .text               c_w.l(heapauxi.o)
    0x0800043e   0x0800043e   0x00000064   Code   RO         2718    .text               c_w.l(rt_memcpy_w.o)
    0x080004a2   0x080004a2   0x00000044   Code   RO         2720    .text               c_w.l(rt_memclr.o)
    0x080004e6   0x080004e6   0x0000004a   Code   RO         2737    .text               c_w.l(sys_stackheap_outer.o)
    0x08000530   0x08000530   0x00000012   Code   RO         2739    .text               c_w.l(exit.o)
    0x08000542   0x08000542   0x00000002   PAD
    0x08000544   0x08000544   0x00000008   Code   RO         2745    .text               c_w.l(libspace.o)
    0x0800054c   0x0800054c   0x0000000c   Code   RO         2806    .text               c_w.l(sys_exit.o)
    0x08000558   0x08000558   0x00000002   Code   RO         2817    .text               c_w.l(use_no_semi.o)
    0x0800055a   0x0800055a   0x00000000   Code   RO         2819    .text               c_w.l(indicate_semi.o)
    0x0800055a   0x0800055a   0x0000000c   Code   RO          374    i.LedInit           led.o
    0x08000566   0x08000566   0x00000002   PAD
    0x08000568   0x08000568   0x0000002c   Code   RO          377    i.LedRossoInit      led.o
    0x08000594   0x08000594   0x0000002c   Code   RO          385    i.LedVerdeInit      led.o
    0x080005c0   0x080005c0   0x00000040   Code   RO          119    i.SwCenterInit      puls.o
    0x08000600   0x08000600   0x00000040   Code   RO          121    i.SwDownInit        puls.o
    0x08000640   0x08000640   0x00000018   Code   RO          124    i.SwInit            puls.o
    0x08000658   0x08000658   0x00000040   Code   RO          128    i.SwLeftInit        puls.o
    0x08000698   0x08000698   0x00000040   Code   RO          133    i.SwRightInit       puls.o
    0x080006d8   0x080006d8   0x00000040   Code   RO          136    i.SwUpInit          puls.o
    0x08000718   0x08000718   0x00000016   Code   RO          717    i.SysTick_Handler   cmsis_os2.o
    0x0800072e   0x0800072e   0x00000002   PAD
    0x08000730   0x08000730   0x000000e0   Code   RO         1324    i.SystemCoreClockUpdate  system_stm32l4xx.o
    0x08000810   0x08000810   0x00000048   Code   RO         1325    i.SystemInit        system_stm32l4xx.o
    0x08000858   0x08000858   0x0000009c   Code   RO          493    i.TIM1_CH2_Init     mot.o
    0x080008f4   0x080008f4   0x00000016   Code   RO          635    i._mutex_acquire    clib_arm.o
    0x0800090a   0x0800090a   0x00000002   PAD
    0x0800090c   0x0800090c   0x00000034   Code   RO          636    i._mutex_free       clib_arm.o
    0x08000940   0x08000940   0x00000060   Code   RO          637    i._mutex_initialize  clib_arm.o
    0x080009a0   0x080009a0   0x00000018   Code   RO          638    i._mutex_release    clib_arm.o
    0x080009b8   0x080009b8   0x00000002   Code   RO          639    i._platform_post_stackheap_init  clib_arm.o
    0x080009ba   0x080009ba   0x0000002e   Code   RO          586    i.digitalRead       arduino.o
    0x080009e8   0x080009e8   0x00000020   Code   RO            4    i.main              main.o
    0x08000a08   0x08000a08   0x000000e8   Code   RO          494    i.motInit           mot.o
    0x08000af0   0x08000af0   0x00000044   Code   RO          495    i.motStart          mot.o
    0x08000b34   0x08000b34   0x00000038   Code   RO          496    i.motStop           mot.o
    0x08000b6c   0x08000b6c   0x00000012   Code   RO          640    i.os_kernel_is_active  clib_arm.o
    0x08000b7e   0x08000b7e   0x00000002   PAD
    0x08000b80   0x08000b80   0x00000110   Code   RO          557    i.pllInit           sysclock.o
    0x08000c90   0x08000c90   0x000000a4   Code   RO         2131    i.prvAddCurrentTaskToDelayedList  tasks.o
    0x08000d34   0x08000d34   0x000000e8   Code   RO         2132    i.prvAddNewTaskToReadyList  tasks.o
    0x08000e1c   0x08000e1c   0x0000005c   Code   RO         2528    i.prvCheckForValidListAndQueue  timers.o
    0x08000e78   0x08000e78   0x00000048   Code   RO         2133    i.prvCheckTasksWaitingTermination  tasks.o
    0x08000ec0   0x08000ec0   0x0000002a   Code   RO         1729    i.prvCopyDataFromQueue  queue.o
    0x08000eea   0x08000eea   0x0000007e   Code   RO         1730    i.prvCopyDataToQueue  queue.o
    0x08000f68   0x08000f68   0x00000028   Code   RO         2134    i.prvDeleteTCB      tasks.o
    0x08000f90   0x08000f90   0x00000014   Code   RO         1731    i.prvGetDisinheritPriorityAfterTimeout  queue.o
    0x08000fa4   0x08000fa4   0x00000028   Code   RO         2529    i.prvGetNextExpireTime  timers.o
    0x08000fcc   0x08000fcc   0x0000007c   Code   RO         1579    i.prvHeapInit       heap_4.o
    0x08001048   0x08001048   0x00000028   Code   RO         2135    i.prvIdleTask       tasks.o
    0x08001070   0x08001070   0x0000001e   Code   RO         1732    i.prvInitialiseMutex  queue.o
    0x0800108e   0x0800108e   0x0000002a   Code   RO         1733    i.prvInitialiseNewQueue  queue.o
    0x080010b8   0x080010b8   0x000000a0   Code   RO         2136    i.prvInitialiseNewTask  tasks.o
    0x08001158   0x08001158   0x00000068   Code   RO         2137    i.prvInitialiseTaskLists  tasks.o
    0x080011c0   0x080011c0   0x00000068   Code   RO         1580    i.prvInsertBlockIntoFreeList  heap_4.o
    0x08001228   0x08001228   0x00000058   Code   RO         2531    i.prvInsertTimerInActiveList  timers.o
    0x08001280   0x08001280   0x0000001a   Code   RO         1734    i.prvIsQueueEmpty   queue.o
    0x0800129a   0x0800129a   0x0000001e   Code   RO         1735    i.prvIsQueueFull    queue.o
    0x080012b8   0x080012b8   0x00000044   Code   RO         2532    i.prvProcessExpiredTimer  timers.o
    0x080012fc   0x080012fc   0x00000110   Code   RO         2533    i.prvProcessReceivedCommands  timers.o
    0x0800140c   0x0800140c   0x00000074   Code   RO         2534    i.prvProcessTimerOrBlockTask  timers.o
    0x08001480   0x08001480   0x00000028   Code   RO         2535    i.prvReloadTimer    timers.o
    0x080014a8   0x080014a8   0x00000030   Code   RO         2139    i.prvResetNextTaskUnblockTime  tasks.o
    0x080014d8   0x080014d8   0x0000002c   Code   RO         2536    i.prvSampleTimeNow  timers.o
    0x08001504   0x08001504   0x00000044   Code   RO         2537    i.prvSwitchTimerLists  timers.o
    0x08001548   0x08001548   0x00000016   Code   RO         1647    i.prvTaskExitError  port.o
    0x0800155e   0x0800155e   0x0000001e   Code   RO         1403    i.prvTestWaitCondition  event_groups.o
    0x0800157c   0x0800157c   0x0000001a   Code   RO         2538    i.prvTimerTask      timers.o
    0x08001596   0x08001596   0x0000007e   Code   RO         1736    i.prvUnlockQueue    queue.o
    0x08001614   0x08001614   0x000000fc   Code   RO         1581    i.pvPortMalloc      heap_4.o
    0x08001710   0x08001710   0x00000020   Code   RO         2142    i.pvTaskIncrementMutexHeldCount  tasks.o
    0x08001730   0x08001730   0x0000002c   Code   RO         1648    i.pxPortInitialiseStack  port.o
    0x0800175c   0x0800175c   0x00000028   Code   RO         1528    i.uxListRemove      list.o
    0x08001784   0x08001784   0x0000001c   Code   RO         2151    i.uxTaskResetEventItemValue  tasks.o
    0x080017a0   0x080017a0   0x00000018   Code   RO          790    i.vApplicationGetIdleTaskMemory  cmsis_os2.o
    0x080017b8   0x080017b8   0x00000018   Code   RO          791    i.vApplicationGetTimerTaskMemory  cmsis_os2.o
    0x080017d0   0x080017d0   0x00000002   Code   RO          792    i.vApplicationStackOverflowHook  cmsis_os2.o
    0x080017d2   0x080017d2   0x0000001a   Code   RO         1529    i.vListInitialise   list.o
    0x080017ec   0x080017ec   0x00000006   Code   RO         1530    i.vListInitialiseItem  list.o
    0x080017f2   0x080017f2   0x00000034   Code   RO         1531    i.vListInsert       list.o
    0x08001826   0x08001826   0x00000002   PAD
    0x08001828   0x08001828   0x00000024   Code   RO         1650    i.vPortEnterCritical  port.o
    0x0800184c   0x0800184c   0x00000020   Code   RO         1651    i.vPortExitCritical  port.o
    0x0800186c   0x0800186c   0x00000058   Code   RO         1582    i.vPortFree         heap_4.o
    0x080018c4   0x080018c4   0x00000028   Code   RO         1652    i.vPortSetupTimerInterrupt  port.o
    0x080018ec   0x080018ec   0x00000014   Code   RO         1742    i.vQueueDelete      queue.o
    0x08001900   0x08001900   0x0000004a   Code   RO         1744    i.vQueueWaitForMessageRestricted  queue.o
    0x0800194a   0x0800194a   0x00000002   PAD
    0x0800194c   0x0800194c   0x00000018   Code   RO         2157    i.vTaskInternalSetTimeOutState  tasks.o
    0x08001964   0x08001964   0x0000000c   Code   RO         2158    i.vTaskMissedYield  tasks.o
    0x08001970   0x08001970   0x0000002c   Code   RO          497    i.vTaskMotPA1       mot.o
    0x0800199c   0x0800199c   0x0000002c   Code   RO          498    i.vTaskMotPA2       mot.o
    0x080019c8   0x080019c8   0x00000020   Code   RO         2159    i.vTaskPlaceOnEventList  tasks.o
    0x080019e8   0x080019e8   0x0000004c   Code   RO         2160    i.vTaskPlaceOnEventListRestricted  tasks.o
    0x08001a34   0x08001a34   0x00000050   Code   RO         2161    i.vTaskPlaceOnUnorderedEventList  tasks.o
    0x08001a84   0x08001a84   0x000000c0   Code   RO         2162    i.vTaskPriorityDisinheritAfterTimeout  tasks.o
    0x08001b44   0x08001b44   0x000000cc   Code   RO         2164    i.vTaskRemoveFromUnorderedEventList  tasks.o
    0x08001c10   0x08001c10   0x0000009c   Code   RO         2168    i.vTaskStartScheduler  tasks.o
    0x08001cac   0x08001cac   0x00000010   Code   RO         2170    i.vTaskSuspendAll   tasks.o
    0x08001cbc   0x08001cbc   0x000000b0   Code   RO         2171    i.vTaskSwitchContext  tasks.o
    0x08001d6c   0x08001d6c   0x00000024   Code   RO          499    i.vTask_Motore      mot.o
    0x08001d90   0x08001d90   0x0000001e   Code   RO         1411    i.xEventGroupCreate  event_groups.o
    0x08001dae   0x08001dae   0x00000098   Code   RO         1414    i.xEventGroupSetBits  event_groups.o
    0x08001e46   0x08001e46   0x00000002   PAD
    0x08001e48   0x08001e48   0x000000d2   Code   RO         1417    i.xEventGroupWaitBits  event_groups.o
    0x08001f1a   0x08001f1a   0x00000002   PAD
    0x08001f1c   0x08001f1c   0x00000048   Code   RO         1653    i.xPortStartScheduler  port.o
    0x08001f64   0x08001f64   0x00000034   Code   RO         1654    i.xPortSysTickHandler  port.o
    0x08001f98   0x08001f98   0x00000022   Code   RO         1747    i.xQueueCreateMutex  queue.o
    0x08001fba   0x08001fba   0x0000002a   Code   RO         1748    i.xQueueCreateMutexStatic  queue.o
    0x08001fe4   0x08001fe4   0x00000052   Code   RO         1749    i.xQueueGenericCreate  queue.o
    0x08002036   0x08002036   0x0000003e   Code   RO         1750    i.xQueueGenericCreateStatic  queue.o
    0x08002074   0x08002074   0x000000a0   Code   RO         1751    i.xQueueGenericReset  queue.o
    0x08002114   0x08002114   0x00000118   Code   RO         1752    i.xQueueGenericSend  queue.o
    0x0800222c   0x0800222c   0x00000104   Code   RO         1762    i.xQueueReceive     queue.o
    0x08002330   0x08002330   0x00000130   Code   RO         1764    i.xQueueSemaphoreTake  queue.o
    0x08002460   0x08002460   0x00000060   Code   RO         2173    i.xTaskCheckForTimeOut  tasks.o
    0x080024c0   0x080024c0   0x0000006a   Code   RO         2174    i.xTaskCreate       tasks.o
    0x0800252a   0x0800252a   0x00000054   Code   RO         2175    i.xTaskCreateStatic  tasks.o
    0x0800257e   0x0800257e   0x00000002   PAD
    0x08002580   0x08002580   0x00000020   Code   RO         2182    i.xTaskGetSchedulerState  tasks.o
    0x080025a0   0x080025a0   0x0000000c   Code   RO         2183    i.xTaskGetTickCount  tasks.o
    0x080025ac   0x080025ac   0x00000190   Code   RO         2185    i.xTaskIncrementTick  tasks.o
    0x0800273c   0x0800273c   0x00000094   Code   RO         2186    i.xTaskPriorityDisinherit  tasks.o
    0x080027d0   0x080027d0   0x000000d8   Code   RO         2187    i.xTaskPriorityInherit  tasks.o
    0x080028a8   0x080028a8   0x00000108   Code   RO         2188    i.xTaskRemoveFromEventList  tasks.o
    0x080029b0   0x080029b0   0x00000158   Code   RO         2189    i.xTaskResumeAll    tasks.o
    0x08002b08   0x08002b08   0x00000060   Code   RO         2547    i.xTimerCreateTimerTask  timers.o
    0x08002b68   0x08002b68   0x0000000a   Code   RO         2804    x$fpl$fpinit        fz_wm.l(fpinit.o)
    0x08002b72   0x08002b72   0x00000002   PAD
    0x08002b74   0x08002b74   0x00000048   Data   RO         1326    .constdata          system_stm32l4xx.o
    0x08002bbc   0x08002bbc   0x00000020   Data   RO         2874    Region$$Table       anon$$obj.o


    Execution Region ER_RW (Exec base: 0x20000000, Load base: 0x08002bdc, Size: 0x00000080, Max: 0xffffffff, ABSOLUTE)

    Exec Addr    Load Addr    Size         Type   Attr      Idx    E Section Name        Object

    0x20000000   0x08002bdc   0x00000004   Data   RW          500    .data               mot.o
    0x20000004   0x08002be0   0x00000004   Data   RW         1327    .data               system_stm32l4xx.o
    0x20000008   0x08002be4   0x00000020   Data   RW         1588    .data               heap_4.o
    0x20000028   0x08002c04   0x00000004   Data   RW         1655    .data               port.o
    0x2000002c   0x08002c08   0x00000040   Data   RW         2192    .data               tasks.o
    0x2000006c   0x08002c48   0x00000014   Data   RW         2556    .data               timers.o


    Execution Region ER_ZI (Exec base: 0x20000080, Load base: 0x08002c5c, Size: 0x00003378, Max: 0xffffffff, ABSOLUTE)

    Exec Addr    Load Addr    Size         Type   Attr      Idx    E Section Name        Object

    0x20000080        -       0x00000394   Zero   RW          641    .bss                clib_arm.o
    0x20000414        -       0x000003f8   Zero   RW          793    .bss                cmsis_os2.o
    0x2000080c        -       0x00002000   Zero   RW         1587    .bss                heap_4.o
    0x2000280c        -       0x000004c4   Zero   RW         2191    .bss                tasks.o
    0x20002cd0        -       0x000000c8   Zero   RW         2555    .bss                timers.o
    0x20002d98        -       0x00000060   Zero   RW         2746    .bss                c_w.l(libspace.o)
    0x20002df8        -       0x00000200   Zero   RW         1315    HEAP                startup_stm32l476xx.o
    0x20002ff8        -       0x00000400   Zero   RW         1314    STACK               startup_stm32l476xx.o


==============================================================================

Image component sizes


      Code (inc. data)   RO Data    RW Data    ZI Data      Debug   Object Name

        46          0          0          0          0       1046   arduino.o
       214         16          0          0        916      19956   clib_arm.o
        72         20          0          0       1016      30099   cmsis_os2.o
       422          6          0          0          0      16851   event_groups.o
       568         72          0         32       8192       4203   heap_4.o
       100         16          0          0          0       1372   led.o
       124          0          0          0          0      12185   list.o
        32          0          0          0          0     682259   main.o
       636        138          0          4          0       4292   mot.o
       520         56          0          4          0       9672   port.o
       344         20          0          0          0       2767   puls.o
      1760         16          0          0          0      18447   queue.o
        64         26        392          0       1536        884   startup_stm32l476xx.o
       272          8          0          0          0        734   sysclock.o
       296         36         72          4          0       2281   system_stm32l4xx.o
      3590        392          0         64       1220      47473   tasks.o
       950        110          0         20        200      11736   timers.o

    ----------------------------------------------------------------------
     10030        932        496        128      13080     866257   Object Totals
         0          0         32          0          0          0   (incl. Generated)
        20          0          0          0          0          0   (incl. Padding)

    ----------------------------------------------------------------------

      Code (inc. data)   RO Data    RW Data    ZI Data      Debug   Library Member Name

         8          0          0          0          0         68   __main.o
         0          0          0          0          0          0   __rtentry.o
        20          0          0          0          0          0   __rtentry2.o
         6          0          0          0          0          0   __rtentry4.o
        52          8          0          0          0          0   __scatter.o
        26          0          0          0          0          0   __scatter_copy.o
        28          0          0          0          0          0   __scatter_zi.o
        16          0          0          0          0         68   aeabi_memset.o
        18          0          0          0          0         80   exit.o
         6          0          0          0          0        152   heapauxi.o
         0          0          0          0          0          0   indicate_semi.o
         2          0          0          0          0          0   libinit.o
         6          0          0          0          0          0   libinit2.o
         2          0          0          0          0          0   libshutdown.o
         2          0          0          0          0          0   libshutdown2.o
         8          4          0          0         96         68   libspace.o
        68          0          0          0          0         68   rt_memclr.o
        78          0          0          0          0         80   rt_memclr_w.o
       138          0          0          0          0         68   rt_memcpy_v6.o
       100          0          0          0          0         80   rt_memcpy_w.o
         2          0          0          0          0          0   rtexit.o
        10          0          0          0          0          0   rtexit2.o
        12          4          0          0          0         68   sys_exit.o
        74          0          0          0          0         80   sys_stackheap_outer.o
         2          0          0          0          0         68   use_no_semi.o
        10          0          0          0          0        116   fpinit.o

    ----------------------------------------------------------------------
       702         16          0          0         96       1064   Library Totals
         8          0          0          0          0          0   (incl. Padding)

    ----------------------------------------------------------------------

      Code (inc. data)   RO Data    RW Data    ZI Data      Debug   Library Name

       684         16          0          0         96        948   c_w.l
        10          0          0          0          0        116   fz_wm.l

    ----------------------------------------------------------------------
       702         16          0          0         96       1064   Library Totals

    ----------------------------------------------------------------------

==============================================================================


      Code (inc. data)   RO Data    RW Data    ZI Data      Debug   

     10732        948        496        128      13176     856305   Grand Totals
     10732        948        496        128      13176     856305   ELF Image Totals
     10732        948        496        128          0          0   ROM Totals

==============================================================================

    Total RO  Size (Code + RO Data)                11228 (  10.96kB)
    Total RW  Size (RW Data + ZI Data)             13304 (  12.99kB)
    Total ROM Size (Code + RO Data + RW Data)      11356 (  11.09kB)

==============================================================================

